******************************************************************************
                  MSP430 Linker PC v4.1.1                      
******************************************************************************
>> Linked Tue Feb 19 16:13:19 2013

OUTPUT FILE NAME:   <eZ430-RF2500_WSM.out>
ENTRY POINT SYMBOL: "_c_int00"  address: 0000ad60


MEMORY CONFIGURATION

         name            origin    length      used     unused   attr    fill
----------------------  --------  ---------  --------  --------  ----  --------
  SFR                   00000000   00000010  00000000  00000010  RWIX
  PERIPHERALS_8BIT      00000010   000000f0  00000000  000000f0  RWIX
  PERIPHERALS_16BIT     00000100   00000100  00000000  00000100  RWIX
  RAM                   00000200   00000400  0000037d  00000083  RWIX
  INFOD                 00001000   00000040  00000000  00000040  RWIX
  INFOC                 00001040   00000040  00000000  00000040  RWIX
  INFOB                 00001080   00000040  00000000  00000040  RWIX
  INFOA                 000010c0   00000040  00000000  00000040  RWIX
  FLASH                 00008000   00007fde  00003555  00004a89  RWIX
  INT00                 0000ffe0   00000002  00000000  00000002  RWIX
  INT01                 0000ffe2   00000002  00000000  00000002  RWIX
  INT02                 0000ffe4   00000002  00000000  00000002  RWIX
  INT03                 0000ffe6   00000002  00000002  00000000  RWIX
  INT04                 0000ffe8   00000002  00000000  00000002  RWIX
  INT05                 0000ffea   00000002  00000002  00000000  RWIX
  INT06                 0000ffec   00000002  00000000  00000002  RWIX
  INT07                 0000ffee   00000002  00000002  00000000  RWIX
  INT08                 0000fff0   00000002  00000000  00000002  RWIX
  INT09                 0000fff2   00000002  00000002  00000000  RWIX
  INT10                 0000fff4   00000002  00000000  00000002  RWIX
  INT11                 0000fff6   00000002  00000000  00000002  RWIX
  INT12                 0000fff8   00000002  00000000  00000002  RWIX
  INT13                 0000fffa   00000002  00000000  00000002  RWIX
  INT14                 0000fffc   00000002  00000000  00000002  RWIX
  RESET                 0000fffe   00000002  00000002  00000000  RWIX


SECTION ALLOCATION MAP

 output                                  attributes/
section   page    origin      length       input sections
--------  ----  ----------  ----------   ----------------
.pinit     0    00008000    00000000     UNINITIALIZED

.bss       0    00000200    0000032d     UNINITIALIZED
                  00000200    00000210     nwk_QMgmt.obj (.bss)
                  00000410    00000081     nwk.obj (.bss)
                  00000491    00000001     bsp.obj (.bss)
                  00000492    0000004e     mrfi.obj (.bss)
                  000004e0    00000010     main_AP.obj (.bss)
                  000004f0    00000010     nwk_link.obj (.bss)
                  00000500    0000000b     nwk_join.obj (.bss)
                  0000050b    00000009     nwk_globals.obj (.bss)
                  00000514    00000008     nwk_frame.obj (.bss)
                  0000051c    00000005     nwk_mgmt.obj (.bss)
                  00000521    00000001     nwk_api.obj (.bss)
                  00000522    00000004     rts430.lib : _lock.obj (.bss)
                  00000526    00000004                : boot.obj (.bss)
                  0000052a    00000002     virtual_com_cmds.obj (.bss)
                  0000052c    00000001     nwk_ping.obj (.bss)

.stack     0    000005b0    00000050     UNINITIALIZED
                  000005b0    00000002     rts430.lib : boot.obj (.stack)
                  000005b2    0000004e     --HOLE--

.text      0    00008000    0000325e     
                  00008000    000002b2     main_AP.obj (.text:main)
                  000082b2    000001fe     mrfi.obj (.text:MRFI_Init)
                  000084b0    000001fa     nwk_link.obj (.text:smpl_send_link_reply)
                  000086aa    000001da     nwk_QMgmt.obj (.text:nwk_QfindOldest)
                  00008884    000001a4     nwk_api.obj (.text:SMPL_Ioctl)
                  00008a28    000001a4     nwk_frame.obj (.text:dispatchFrame)
                  00008bcc    0000014a     nwk.obj (.text:nwk_allocateLocalRxPort)
                  00008d16    00000138     nwk_join.obj (.text:smpl_send_join_reply)
                  00008e4e    0000011c     mrfi.obj (.text:MRFI_Transmit)
                  00008f6a    000000fc     nwk_frame.obj (.text:nwk_retrieveFrame)
                  00009066    000000ea     mrfi.obj (.text:Mrfi_SyncPinRxIsr)
                  00009150    000000e8     nwk_frame.obj (.text:nwk_buildFrame)
                  00009238    000000e8     nwk_ioctl.obj (.text:nwk_radioControl)
                  00009320    000000da     nwk_QMgmt.obj (.text:nwk_QfindSlot)
                  000093fa    000000d0     nwk.obj (.text:nwk_isConnectionValid)
                  000094ca    000000c2     rts430.lib : fs_mpy.obj (.text)
                  0000958c    000000c0     nwk_frame.obj (.text:isDupSandFFrame)
                  0000964c    000000b6     nwk_mgmt.obj (.text:send_poll_reply)
                  00009702    000000b0     nwk_frame.obj (.text:nwk_SendEmptyPollRspFrame)
                  000097b2    000000ac     nwk_frame.obj (.text:nwk_sendAckReply)
                  0000985e    000000a8     mrfi.obj (.text:spiBurstFifoAccess)
                  00009906    0000009c     nwk_api.obj (.text:SMPL_ReceiveWithAddr)
                  000099a2    0000009a     nwk_frame.obj (.text:nwk_getSandFFrame)
                  00009a3c    0000008e     nwk_api.obj (.text:SMPL_LinkListen)
                  00009aca    00000088     nwk.obj (.text:nwk_nwkInit)
                  00009b52    00000088     nwk.obj (.text:nwk_saveJoinedDevice)
                  00009bda    00000084     nwk_link.obj (.text:smpl_send_unlink_reply)
                  00009c5e    00000072     nwk_ioctl.obj (.text:nwk_rawSend)
                  00009cd0    00000070     mrfi.obj (.text:MRFI_RxAddrIsFiltered)
                  00009d40    0000006a     mrfi.obj (.text:spiRegAccess)
                  00009daa    00000068     mrfi.obj (.text:mrfiSpiCmdStrobe)
                  00009e12    00000068     nwk.obj (.text:nwk_putNumObjectIntoMsg)
                  00009e7a    00000068     rts430.lib : fs_toi.obj (.text)
                  00009ee2    00000062     virtual_com_cmds.obj (.text:USCI0RX_ISR)
                  00009f44    00000062     nwk.obj (.text:nwk_findPeer)
                  00009fa6    00000062     nwk_mgmt.obj (.text:nwk_processMgmt)
                  0000a008    00000060     nwk.obj (.text:nwk_findAlreadyJoined)
                  0000a068    0000005e     nwk.obj (.text:nwk_isLinkDuplicate)
                  0000a0c6    0000005c     nwk_QMgmt.obj (.text:nwk_QadjustOrder)
                  0000a122    0000005a     nwk.obj (.text:initializeConnection)
                  0000a17c    0000005a     nwk.obj (.text:nwk_getNextConnection)
                  0000a1d6    0000005a     nwk.obj (.text:nwk_isValidReply)
                  0000a230    00000058     rts430.lib : div32u.obj (.text)
                  0000a288    00000056     nwk_link.obj (.text:nwk_getLocalLinkID)
                  0000a2de    00000056     nwk_ping.obj (.text:smpl_send_ping_reply)
                  0000a334    00000054     mrfi.obj (.text:MRFI_WakeUp)
                  0000a388    00000054     nwk_link.obj (.text:handleLinkRequest)
                  0000a3dc    00000054     nwk_join.obj (.text:nwk_isSandFClient)
                  0000a430    00000054     nwk_join.obj (.text:nwk_processJoin)
                  0000a484    00000050     nwk.obj (.text:nwk_checkAppMsgTID)
                  0000a4d4    0000004e     nwk.obj (.text:map_lid2idx)
                  0000a522    0000004e     nwk.obj (.text:nwk_getNumObjectFromMsg)
                  0000a570    0000004c     mrfi.obj (.text:MRFI_Rssi)
                  0000a5bc    0000004c     mrfi.obj (.text:Mrfi_CalculateRssi)
                  0000a608    0000004c     rts430.lib : lsr16.obj (.text)
                  0000a654    0000004a     nwk_ioctl.obj (.text:nwk_deviceAddress)
                  0000a69e    0000004a     rts430.lib : fs_ltof.obj (.text)
                  0000a6e8    00000048     nwk_link.obj (.text:nwk_processLink)
                  0000a730    00000048     nwk_ping.obj (.text:nwk_processPing)
                  0000a778    00000048     nwk_frame.obj (.text:nwk_sendFrame)
                  0000a7c0    00000046     rts430.lib : autoinit.obj (.text:_auto_init)
                  0000a806    00000046     nwk_frame.obj (.text:nwk_replayFrame)
                  0000a84c    00000042     nwk.obj (.text:nwk_getConnInfo)
                  0000a88e    00000042     nwk_join.obj (.text:nwk_joinInit)
                  0000a8d0    00000040     mrfi.obj (.text:Mrfi_DelayUsec)
                  0000a910    00000040     nwk.obj (.text:nwk_checkConnInfo)
                  0000a950    00000040     nwk_ioctl.obj (.text:nwk_connectionControl)
                  0000a990    0000003a     virtual_com_cmds.obj (.text:TXString)
                  0000a9ca    00000038     nwk_api.obj (.text:SMPL_Init)
                  0000aa02    00000038     nwk_ioctl.obj (.text:nwk_rawReceive)
                  0000aa3a    00000036     mrfi.obj (.text:MRFI_SetRFPwr)
                  0000aa70    00000034     mrfi.obj (.text:MRFI_SetLogicalChannel)
                  0000aaa4    00000032     nwk_link.obj (.text:nwk_linkInit)
                  0000aad6    00000030     bsp.obj (.text:BSP_Init)
                  0000ab06    0000002e     bsp.obj (.text:BSP_InitBoard)
                  0000ab34    0000002e     nwk_join.obj (.text:handleJoinRequest)
                  0000ab62    0000002e     nwk_frame.obj (.text:nwk_frameInit)
                  0000ab90    0000002c     mrfi.obj (.text:Mrfi_RandomBackoffDelay)
                  0000abbc    0000002c     mrfi.obj (.text:Mrfi_RxModeOff)
                  0000abe8    0000002c     bsp.obj (.text:bspSpiInit)
                  0000ac14    0000002c     nwk_globals.obj (.text:nwk_setMyAddress)
                  0000ac40    0000002c     rts430.lib : asr16.obj (.text)
                  0000ac6c    0000002c                : div16s.obj (.text)
                  0000ac98    0000002a     nwk_api.obj (.text:ioctlPreInitAccessIsOK)
                  0000acc2    00000028     bsp.obj (.text:BSP_Delay)
                  0000acea    00000028     virtual_com_cmds.obj (.text:COM_Init)
                  0000ad12    00000028     mrfi.obj (.text:mrfiSpiWriteReg)
                  0000ad3a    00000026     mrfi.obj (.text:MRFI_Sleep)
                  0000ad60    00000026     rts430.lib : boot.obj (.text:_c_int00_noexit)
                  0000ad86    00000026     mrfi.obj (.text:mrfiSpiReadReg)
                  0000adac    00000026     nwk_globals.obj (.text:nwk_globalsInit)
                  0000add2    00000026     rts430.lib : mult32.obj (.text)
                  0000adf8    00000024     nwk_frame.obj (.text:MRFI_RxCompleteISR)
                  0000ae1c    00000024     rts430.lib : memcmp.obj (.text:memcmp)
                  0000ae40    00000024     nwk_join.obj (.text:nwk_setJoinToken)
                  0000ae64    00000024     nwk_link.obj (.text:nwk_setLinkToken)
                  0000ae88    00000022     mrfi.obj (.text:MRFI_DelayMs)
                  0000aeaa    00000020     mrfi.obj (.text:MRFI_RxOn)
                  0000aeca    00000020     rts430.lib : memmov.obj (.text:memmove)
                  0000aeea    00000020     main_AP.obj (.text:sCB)
                  0000af0a    0000001e     mrfi.obj (.text:MRFI_RxIdle)
                  0000af28    0000001e     nwk_QMgmt.obj (.text:nwk_QInit)
                  0000af46    0000001e     nwk_ioctl.obj (.text:nwk_joinContext)
                  0000af64    0000001c     mrfi.obj (.text:MRFI_GpioIsr)
                  0000af80    0000001c     nwk_ping.obj (.text:handlePingRequest)
                  0000af9c    0000001c     nwk_join.obj (.text:nwk_getJoinToken)
                  0000afb8    0000001c     nwk_link.obj (.text:nwk_getLinkToken)
                  0000afd4    0000001c     main_AP.obj (.text:processMessage)
                  0000aff0    0000001c     nwk_mgmt.obj (.text:smpl_send_mgmt_reply)
                  0000b00c    0000001a     mrfi.obj (.text:BSP_GpioPort1Isr)
                  0000b026    0000001a     mrfi.obj (.text:mrfiSpiWriteTxFifo)
                  0000b040    0000001a     nwk_QMgmt.obj (.text:nwk_getQ)
                  0000b05a    0000001a     nwk_join.obj (.text:nwk_setJoinContext)
                  0000b074    0000001a     nwk_link.obj (.text:nwk_setListenContext)
                  0000b08e    00000018     mrfi.obj (.text:mrfiSpiReadRxFifo)
                  0000b0a6    00000018     nwk_mgmt.obj (.text:nwk_mgmtInit)
                  0000b0be    00000016     mrfi.obj (.text:MRFI_RandomByte)
                  0000b0d4    00000016     mrfi.obj (.text:MRFI_Receive)
                  0000b0ea    00000016     mrfi.obj (.text:Mrfi_RxModeOn)
                  0000b100    00000016     rts430.lib : div16u.obj (.text)
                  0000b116    00000014                : memset.obj (.text:memset)
                  0000b12a    00000014                : mult16.obj (.text)
                  0000b13e    00000012     bsp.obj (.text:BSP_InitLeds)
                  0000b150    00000012     rts430.lib : memcpy.obj (.text:memcpy)
                  0000b162    00000012     nwk_globals.obj (.text:nwk_getMyAddress)
                  0000b174    00000010     rts430.lib : asr32.obj (.text:l_asr)
                  0000b184    00000010     nwk.obj (.text:nwk_NVObj)
                  0000b194    00000010     nwk_mgmt.obj (.text:nwk_resetSFMarker)
                  0000b1a4    00000010     rts430.lib : epilog.obj (.text)
                  0000b1b4    0000000e     nwk.obj (.text:nwk_freeConnection)
                  0000b1c2    0000000c     mrfi.obj (.text:MRFI_PostKillSem)
                  0000b1ce    0000000c     nwk_freq.obj (.text:nwk_processFreq)
                  0000b1da    0000000c     nwk_security.obj (.text:nwk_processSecurity)
                  0000b1e6    0000000a     bsp.obj (.text:BSP_InitButtons)
                  0000b1f0    0000000a     bsp.obj (.text:BSP_InitDrivers)
                  0000b1fa    0000000a     bsp.obj (.text:_system_pre_init)
                  0000b204    0000000a     nwk_join.obj (.text:generateLinkToken)
                  0000b20e    0000000a     nwk_ping.obj (.text:nwk_pingInit)
                  0000b218    00000008     main_AP.obj (.text:ADC10_ISR)
                  0000b220    00000006     mrfi.obj (.text:MRFI_GetRadioState)
                  0000b226    00000006     main_AP.obj (.text:Timer_A)
                  0000b22c    00000006     nwk_globals.obj (.text:nwk_getBCastAddress)
                  0000b232    00000006     nwk_globals.obj (.text:nwk_getFWVersion)
                  0000b238    00000006     nwk_frame.obj (.text:nwk_getMyRxType)
                  0000b23e    00000006     nwk_globals.obj (.text:nwk_getProtocolVersion)
                  0000b244    00000006     nwk.obj (.text:nwk_getSFInfoPtr)
                  0000b24a    00000004     rts430.lib : exit.obj (.text:abort)
                  0000b24e    00000004     nwk_join.obj (.text:nwk_join)
                  0000b252    00000002     rts430.lib : _lock.obj (.text:_nop)
                  0000b254    00000002     main_AP.obj (.text:changeChannel)
                  0000b256    00000002     main_AP.obj (.text:checkChangeChannel)
                  0000b258    00000002     mrfi.obj (.text:mrfiSpiInit)
                  0000b25a    00000002     nwk_freq.obj (.text:nwk_freqInit)
                  0000b25c    00000002     nwk_security.obj (.text:nwk_securityInit)

.const     0    0000b25e    0000020d     
                  0000b25e    0000018c     main_AP.obj (.const:.string:splash)
                  0000b3ea    0000003c     mrfi.obj (.const:mrfiRadioCfg)
                  0000b426    00000024     main_AP.obj (.const:.string)
                  0000b44a    0000000c     nwk_frame.obj (.const:func)
                  0000b456    00000009     nwk_globals.obj (.const)
                  0000b45f    00000001     --HOLE-- [fill = 0]
                  0000b460    00000004     mrfi.obj (.const:.string:mrfiBroadcastAddr)
                  0000b464    00000004     mrfi.obj (.const:.string:mrfiLogicalChanTable)
                  0000b468    00000003     mrfi.obj (.const:.string:mrfiRFPowerTable)

.cinit     0    0000b46c    000000ea     
                  0000b46c    0000002f     mrfi.obj (.cinit)
                  0000b49b    00000001     --HOLE-- [fill = 0]
                  0000b49c    0000002a     main_AP.obj (.cinit)
                  0000b4c6    0000001f     nwk_join.obj (.cinit)
                  0000b4e5    00000001     --HOLE-- [fill = 0]
                  0000b4e6    0000001e     nwk_frame.obj (.cinit)
                  0000b504    00000019     nwk_link.obj (.cinit)
                  0000b51d    00000001     --HOLE-- [fill = 0]
                  0000b51e    0000000b     nwk_mgmt.obj (.cinit)
                  0000b529    00000001     --HOLE-- [fill = 0]
                  0000b52a    0000000b     virtual_com_cmds.obj (.cinit)
                  0000b535    00000001     --HOLE-- [fill = 0]
                  0000b536    00000005     bsp.obj (.cinit)
                  0000b53b    00000001     --HOLE-- [fill = 0]
                  0000b53c    00000005     nwk.obj (.cinit)
                  0000b541    00000001     --HOLE-- [fill = 0]
                  0000b542    00000005     nwk_api.obj (.cinit)
                  0000b547    00000001     --HOLE-- [fill = 0]
                  0000b548    00000005     nwk_globals.obj (.cinit)
                  0000b54d    00000001     --HOLE-- [fill = 0]
                  0000b54e    00000005     nwk_ping.obj (.cinit)
                  0000b553    00000001     --HOLE-- [fill = 0]
                  0000b554    00000002     (.pad.cinit) [fill = 0]

.int03     0    0000ffe6    00000002     
                  0000ffe6    00000002     mrfi.obj (.int03)

.int05     0    0000ffea    00000002     
                  0000ffea    00000002     main_AP.obj (.int05)

.int07     0    0000ffee    00000002     
                  0000ffee    00000002     virtual_com_cmds.obj (.int07)

.int09     0    0000fff2    00000002     
                  0000fff2    00000002     main_AP.obj (.int09)

.reset     0    0000fffe    00000002     
                  0000fffe    00000002     rts430.lib : boot.obj (.reset)


GLOBAL SYMBOLS: SORTED ALPHABETICALLY BY Name 

address    name
--------   ----
00000200   .bss
00008000   .text
0000004a   ADC10AE0
0000004b   ADC10AE1
000001b0   ADC10CTL0
000001b2   ADC10CTL1
00000048   ADC10DTC0
00000049   ADC10DTC1
000001b4   ADC10MEM
000001bc   ADC10SA
0000b218   ADC10_ISR
00000057   BCSCTL1
00000058   BCSCTL2
00000053   BCSCTL3
0000acc2   BSP_Delay
0000b00c   BSP_GpioPort1Isr
0000aad6   BSP_Init
0000ab06   BSP_InitBoard
0000b1e6   BSP_InitButtons
0000b1f0   BSP_InitDrivers
0000b13e   BSP_InitLeds
0000b24a   C$$EXIT
000010fb   CALBC1_12MHZ
000010f9   CALBC1_16MHZ
000010ff   CALBC1_1MHZ
000010fd   CALBC1_8MHZ
000010fa   CALDCO_12MHZ
000010f8   CALDCO_16MHZ
000010fe   CALDCO_1MHZ
000010fc   CALDCO_8MHZ
0000acea   COM_Init
00000056   DCOCTL
00000128   FCTL1
0000012a   FCTL2
0000012c   FCTL3
00000000   IE1
00000001   IE2
00000002   IFG1
00000003   IFG2
0000ac40   I_ASR
0000ac68   I_ASR_1
0000ac56   I_ASR_10
0000ac54   I_ASR_11
0000ac52   I_ASR_12
0000ac50   I_ASR_13
0000ac4e   I_ASR_14
0000ac4c   I_ASR_15
0000ac66   I_ASR_2
0000ac64   I_ASR_3
0000ac62   I_ASR_4
0000ac60   I_ASR_5
0000ac5e   I_ASR_6
0000ac5c   I_ASR_7
0000ac5a   I_ASR_8
0000ac58   I_ASR_9
0000a608   I_LSR
0000a64e   I_LSR_1
0000a62a   I_LSR_10
0000a626   I_LSR_11
0000a622   I_LSR_12
0000a61e   I_LSR_13
0000a61a   I_LSR_14
0000a616   I_LSR_15
0000a64a   I_LSR_2
0000a646   I_LSR_3
0000a642   I_LSR_4
0000a63e   I_LSR_5
0000a63a   I_LSR_6
0000a636   I_LSR_7
0000a632   I_LSR_8
0000a62e   I_LSR_9
0000b174   L_ASR
0000ae88   MRFI_DelayMs
0000b220   MRFI_GetRadioState
0000af64   MRFI_GpioIsr
000082b2   MRFI_Init
0000b1c2   MRFI_PostKillSem
0000b0be   MRFI_RandomByte
0000b0d4   MRFI_Receive
0000a570   MRFI_Rssi
00009cd0   MRFI_RxAddrIsFiltered
0000adf8   MRFI_RxCompleteISR
0000af0a   MRFI_RxIdle
0000aeaa   MRFI_RxOn
0000aa70   MRFI_SetLogicalChannel
0000aa3a   MRFI_SetRFPwr
0000ad3a   MRFI_Sleep
00008e4e   MRFI_Transmit
0000a334   MRFI_WakeUp
000000c0   OA0CTL0
000000c1   OA0CTL1
000000c2   OA1CTL0
000000c3   OA1CTL1
00000022   P1DIR
00000025   P1IE
00000024   P1IES
00000023   P1IFG
00000020   P1IN
00000021   P1OUT
00000027   P1REN
00000026   P1SEL
0000002a   P2DIR
0000002d   P2IE
0000002c   P2IES
0000002b   P2IFG
00000028   P2IN
00000029   P2OUT
0000002f   P2REN
0000002e   P2SEL
0000001a   P3DIR
00000018   P3IN
00000019   P3OUT
00000010   P3REN
0000001b   P3SEL
0000001e   P4DIR
0000001c   P4IN
0000001d   P4OUT
00000011   P4REN
0000001f   P4SEL
0000a9ca   SMPL_Init
00008884   SMPL_Ioctl
00009a3c   SMPL_LinkListen
00009906   SMPL_ReceiveWithAddr
00000172   TACCR0
00000174   TACCR1
00000176   TACCR2
00000162   TACCTL0
00000164   TACCTL1
00000166   TACCTL2
00000160   TACTL
0000012e   TAIV
00000170   TAR
00000192   TBCCR0
00000194   TBCCR1
00000196   TBCCR2
00000182   TBCCTL0
00000184   TBCCTL1
00000186   TBCCTL2
00000180   TBCTL
0000011e   TBIV
00000190   TBR
0000a990   TXString
0000b226   Timer_A
0000005d   UCA0ABCTL
00000062   UCA0BR0
00000063   UCA0BR1
00000060   UCA0CTL0
00000061   UCA0CTL1
0000005f   UCA0IRRCTL
0000005e   UCA0IRTCTL
00000064   UCA0MCTL
00000066   UCA0RXBUF
00000065   UCA0STAT
00000067   UCA0TXBUF
0000006a   UCB0BR0
0000006b   UCB0BR1
00000068   UCB0CTL0
00000069   UCB0CTL1
0000006c   UCB0I2CIE
00000118   UCB0I2COA
0000011a   UCB0I2CSA
0000006e   UCB0RXBUF
0000006d   UCB0STAT
0000006f   UCB0TXBUF
00009ee2   USCI0RX_ISR
00000120   WDTCTL
00000600   __STACK_END
00000050   __STACK_SIZE
00000001   __TI_args_main
00000001   __TI_auto_init
00000001   __TI_exit
ffffffff   __binit__
00000200   __bss__
ffffffff   __c_args__
0000b46c   __cinit__
0000ac6c   __divi
0000b100   __divu
0000a230   __divul
0000052d   __end__
0000b25e   __etext__
0000a69e   __fs_ltof
000094ca   __fs_mpy
00009e7a   __fs_toi
0000b12a   __mpyi
0000add2   __mpyl
ffffffff   __pinit__
0000ac6c   __remi
0000b100   __remu
0000a230   __remul
00008000   __text__
0000a7c0   _auto_init
0000ad60   _c_int00
0000ad60   _c_int00_noexit
00000526   _cleanup_ptr
00000528   _dtors_ptr
00000522   _lock
0000b252   _nop
0000fffe   _reset_vector
000005b0   _stack
0000b1fa   _system_pre_init
00000524   _unlock
0000b24a   abort
ffffffff   binit
0000b46c   cinit
0000052d   end
0000b25e   etext
0000b1b0   func_epilog_1
0000b1ae   func_epilog_2
0000b1ac   func_epilog_3
0000b1aa   func_epilog_4
0000b1a8   func_epilog_5
0000b1a6   func_epilog_6
0000b1a4   func_epilog_7
0000958c   isDupSandFFrame
00008000   main
0000ae1c   memcmp
0000b150   memcpy
0000aeca   memmove
0000b116   memset
0000b460   mrfiBroadcastAddr
00009daa   mrfiSpiCmdStrobe
0000b258   mrfiSpiInit
0000ad86   mrfiSpiReadReg
0000b08e   mrfiSpiReadRxFifo
0000ad12   mrfiSpiWriteReg
0000b026   mrfiSpiWriteTxFifo
0000b184   nwk_NVObj
0000af28   nwk_QInit
0000a0c6   nwk_QadjustOrder
000086aa   nwk_QfindOldest
00009320   nwk_QfindSlot
00009702   nwk_SendEmptyPollRspFrame
00008bcc   nwk_allocateLocalRxPort
00009150   nwk_buildFrame
0000a484   nwk_checkAppMsgTID
0000a910   nwk_checkConnInfo
0000a950   nwk_connectionControl
0000a654   nwk_deviceAddress
0000a008   nwk_findAlreadyJoined
00009f44   nwk_findPeer
0000ab62   nwk_frameInit
0000b1b4   nwk_freeConnection
0000b25a   nwk_freqInit
0000b22c   nwk_getBCastAddress
0000a84c   nwk_getConnInfo
0000b232   nwk_getFWVersion
0000af9c   nwk_getJoinToken
0000afb8   nwk_getLinkToken
0000a288   nwk_getLocalLinkID
0000b162   nwk_getMyAddress
0000b238   nwk_getMyRxType
0000a17c   nwk_getNextConnection
0000a522   nwk_getNumObjectFromMsg
0000b23e   nwk_getProtocolVersion
0000b040   nwk_getQ
0000b244   nwk_getSFInfoPtr
000099a2   nwk_getSandFFrame
0000adac   nwk_globalsInit
000093fa   nwk_isConnectionValid
0000a068   nwk_isLinkDuplicate
0000a3dc   nwk_isSandFClient
0000a1d6   nwk_isValidReply
0000b24e   nwk_join
0000af46   nwk_joinContext
0000a88e   nwk_joinInit
0000aaa4   nwk_linkInit
0000b0a6   nwk_mgmtInit
00009aca   nwk_nwkInit
0000b20e   nwk_pingInit
0000b1ce   nwk_processFreq
0000a430   nwk_processJoin
0000a6e8   nwk_processLink
00009fa6   nwk_processMgmt
0000a730   nwk_processPing
0000b1da   nwk_processSecurity
00009e12   nwk_putNumObjectIntoMsg
00009238   nwk_radioControl
0000aa02   nwk_rawReceive
00009c5e   nwk_rawSend
0000a806   nwk_replayFrame
0000b194   nwk_resetSFMarker
00008f6a   nwk_retrieveFrame
00009b52   nwk_saveJoinedDevice
0000b25c   nwk_securityInit
000097b2   nwk_sendAckReply
0000a778   nwk_sendFrame
0000b05a   nwk_setJoinContext
0000ae40   nwk_setJoinToken
0000ae64   nwk_setLinkToken
0000b074   nwk_setListenContext
0000ac14   nwk_setMyAddress
ffffffff   pinit
0000b25e   splash
000004ee   tempOffset


GLOBAL SYMBOLS: SORTED BY Symbol Address 

address    name
--------   ----
00000000   IE1
00000001   IE2
00000001   __TI_args_main
00000001   __TI_auto_init
00000001   __TI_exit
00000002   IFG1
00000003   IFG2
00000010   P3REN
00000011   P4REN
00000018   P3IN
00000019   P3OUT
0000001a   P3DIR
0000001b   P3SEL
0000001c   P4IN
0000001d   P4OUT
0000001e   P4DIR
0000001f   P4SEL
00000020   P1IN
00000021   P1OUT
00000022   P1DIR
00000023   P1IFG
00000024   P1IES
00000025   P1IE
00000026   P1SEL
00000027   P1REN
00000028   P2IN
00000029   P2OUT
0000002a   P2DIR
0000002b   P2IFG
0000002c   P2IES
0000002d   P2IE
0000002e   P2SEL
0000002f   P2REN
00000048   ADC10DTC0
00000049   ADC10DTC1
0000004a   ADC10AE0
0000004b   ADC10AE1
00000050   __STACK_SIZE
00000053   BCSCTL3
00000056   DCOCTL
00000057   BCSCTL1
00000058   BCSCTL2
0000005d   UCA0ABCTL
0000005e   UCA0IRTCTL
0000005f   UCA0IRRCTL
00000060   UCA0CTL0
00000061   UCA0CTL1
00000062   UCA0BR0
00000063   UCA0BR1
00000064   UCA0MCTL
00000065   UCA0STAT
00000066   UCA0RXBUF
00000067   UCA0TXBUF
00000068   UCB0CTL0
00000069   UCB0CTL1
0000006a   UCB0BR0
0000006b   UCB0BR1
0000006c   UCB0I2CIE
0000006d   UCB0STAT
0000006e   UCB0RXBUF
0000006f   UCB0TXBUF
000000c0   OA0CTL0
000000c1   OA0CTL1
000000c2   OA1CTL0
000000c3   OA1CTL1
00000118   UCB0I2COA
0000011a   UCB0I2CSA
0000011e   TBIV
00000120   WDTCTL
00000128   FCTL1
0000012a   FCTL2
0000012c   FCTL3
0000012e   TAIV
00000160   TACTL
00000162   TACCTL0
00000164   TACCTL1
00000166   TACCTL2
00000170   TAR
00000172   TACCR0
00000174   TACCR1
00000176   TACCR2
00000180   TBCTL
00000182   TBCCTL0
00000184   TBCCTL1
00000186   TBCCTL2
00000190   TBR
00000192   TBCCR0
00000194   TBCCR1
00000196   TBCCR2
000001b0   ADC10CTL0
000001b2   ADC10CTL1
000001b4   ADC10MEM
000001bc   ADC10SA
00000200   .bss
00000200   __bss__
000004ee   tempOffset
00000522   _lock
00000524   _unlock
00000526   _cleanup_ptr
00000528   _dtors_ptr
0000052d   __end__
0000052d   end
000005b0   _stack
00000600   __STACK_END
000010f8   CALDCO_16MHZ
000010f9   CALBC1_16MHZ
000010fa   CALDCO_12MHZ
000010fb   CALBC1_12MHZ
000010fc   CALDCO_8MHZ
000010fd   CALBC1_8MHZ
000010fe   CALDCO_1MHZ
000010ff   CALBC1_1MHZ
00008000   .text
00008000   __text__
00008000   main
000082b2   MRFI_Init
000086aa   nwk_QfindOldest
00008884   SMPL_Ioctl
00008bcc   nwk_allocateLocalRxPort
00008e4e   MRFI_Transmit
00008f6a   nwk_retrieveFrame
00009150   nwk_buildFrame
00009238   nwk_radioControl
00009320   nwk_QfindSlot
000093fa   nwk_isConnectionValid
000094ca   __fs_mpy
0000958c   isDupSandFFrame
00009702   nwk_SendEmptyPollRspFrame
000097b2   nwk_sendAckReply
00009906   SMPL_ReceiveWithAddr
000099a2   nwk_getSandFFrame
00009a3c   SMPL_LinkListen
00009aca   nwk_nwkInit
00009b52   nwk_saveJoinedDevice
00009c5e   nwk_rawSend
00009cd0   MRFI_RxAddrIsFiltered
00009daa   mrfiSpiCmdStrobe
00009e12   nwk_putNumObjectIntoMsg
00009e7a   __fs_toi
00009ee2   USCI0RX_ISR
00009f44   nwk_findPeer
00009fa6   nwk_processMgmt
0000a008   nwk_findAlreadyJoined
0000a068   nwk_isLinkDuplicate
0000a0c6   nwk_QadjustOrder
0000a17c   nwk_getNextConnection
0000a1d6   nwk_isValidReply
0000a230   __divul
0000a230   __remul
0000a288   nwk_getLocalLinkID
0000a334   MRFI_WakeUp
0000a3dc   nwk_isSandFClient
0000a430   nwk_processJoin
0000a484   nwk_checkAppMsgTID
0000a522   nwk_getNumObjectFromMsg
0000a570   MRFI_Rssi
0000a608   I_LSR
0000a616   I_LSR_15
0000a61a   I_LSR_14
0000a61e   I_LSR_13
0000a622   I_LSR_12
0000a626   I_LSR_11
0000a62a   I_LSR_10
0000a62e   I_LSR_9
0000a632   I_LSR_8
0000a636   I_LSR_7
0000a63a   I_LSR_6
0000a63e   I_LSR_5
0000a642   I_LSR_4
0000a646   I_LSR_3
0000a64a   I_LSR_2
0000a64e   I_LSR_1
0000a654   nwk_deviceAddress
0000a69e   __fs_ltof
0000a6e8   nwk_processLink
0000a730   nwk_processPing
0000a778   nwk_sendFrame
0000a7c0   _auto_init
0000a806   nwk_replayFrame
0000a84c   nwk_getConnInfo
0000a88e   nwk_joinInit
0000a910   nwk_checkConnInfo
0000a950   nwk_connectionControl
0000a990   TXString
0000a9ca   SMPL_Init
0000aa02   nwk_rawReceive
0000aa3a   MRFI_SetRFPwr
0000aa70   MRFI_SetLogicalChannel
0000aaa4   nwk_linkInit
0000aad6   BSP_Init
0000ab06   BSP_InitBoard
0000ab62   nwk_frameInit
0000ac14   nwk_setMyAddress
0000ac40   I_ASR
0000ac4c   I_ASR_15
0000ac4e   I_ASR_14
0000ac50   I_ASR_13
0000ac52   I_ASR_12
0000ac54   I_ASR_11
0000ac56   I_ASR_10
0000ac58   I_ASR_9
0000ac5a   I_ASR_8
0000ac5c   I_ASR_7
0000ac5e   I_ASR_6
0000ac60   I_ASR_5
0000ac62   I_ASR_4
0000ac64   I_ASR_3
0000ac66   I_ASR_2
0000ac68   I_ASR_1
0000ac6c   __divi
0000ac6c   __remi
0000acc2   BSP_Delay
0000acea   COM_Init
0000ad12   mrfiSpiWriteReg
0000ad3a   MRFI_Sleep
0000ad60   _c_int00
0000ad60   _c_int00_noexit
0000ad86   mrfiSpiReadReg
0000adac   nwk_globalsInit
0000add2   __mpyl
0000adf8   MRFI_RxCompleteISR
0000ae1c   memcmp
0000ae40   nwk_setJoinToken
0000ae64   nwk_setLinkToken
0000ae88   MRFI_DelayMs
0000aeaa   MRFI_RxOn
0000aeca   memmove
0000af0a   MRFI_RxIdle
0000af28   nwk_QInit
0000af46   nwk_joinContext
0000af64   MRFI_GpioIsr
0000af9c   nwk_getJoinToken
0000afb8   nwk_getLinkToken
0000b00c   BSP_GpioPort1Isr
0000b026   mrfiSpiWriteTxFifo
0000b040   nwk_getQ
0000b05a   nwk_setJoinContext
0000b074   nwk_setListenContext
0000b08e   mrfiSpiReadRxFifo
0000b0a6   nwk_mgmtInit
0000b0be   MRFI_RandomByte
0000b0d4   MRFI_Receive
0000b100   __divu
0000b100   __remu
0000b116   memset
0000b12a   __mpyi
0000b13e   BSP_InitLeds
0000b150   memcpy
0000b162   nwk_getMyAddress
0000b174   L_ASR
0000b184   nwk_NVObj
0000b194   nwk_resetSFMarker
0000b1a4   func_epilog_7
0000b1a6   func_epilog_6
0000b1a8   func_epilog_5
0000b1aa   func_epilog_4
0000b1ac   func_epilog_3
0000b1ae   func_epilog_2
0000b1b0   func_epilog_1
0000b1b4   nwk_freeConnection
0000b1c2   MRFI_PostKillSem
0000b1ce   nwk_processFreq
0000b1da   nwk_processSecurity
0000b1e6   BSP_InitButtons
0000b1f0   BSP_InitDrivers
0000b1fa   _system_pre_init
0000b20e   nwk_pingInit
0000b218   ADC10_ISR
0000b220   MRFI_GetRadioState
0000b226   Timer_A
0000b22c   nwk_getBCastAddress
0000b232   nwk_getFWVersion
0000b238   nwk_getMyRxType
0000b23e   nwk_getProtocolVersion
0000b244   nwk_getSFInfoPtr
0000b24a   C$$EXIT
0000b24a   abort
0000b24e   nwk_join
0000b252   _nop
0000b258   mrfiSpiInit
0000b25a   nwk_freqInit
0000b25c   nwk_securityInit
0000b25e   __etext__
0000b25e   etext
0000b25e   splash
0000b460   mrfiBroadcastAddr
0000b46c   __cinit__
0000b46c   cinit
0000fffe   _reset_vector
ffffffff   __binit__
ffffffff   __c_args__
ffffffff   __pinit__
ffffffff   binit
ffffffff   pinit

[294 symbols]
