******************************************************************************
                  MSP430 Linker PC v4.1.1                      
******************************************************************************
>> Linked Thu Feb 14 10:35:32 2013

OUTPUT FILE NAME:   <eZ430-RF2500_WSM.out>
ENTRY POINT SYMBOL: "_c_int00"  address: 0000a7f0


MEMORY CONFIGURATION

         name            origin    length      used     unused   attr    fill
----------------------  --------  ---------  --------  --------  ----  --------
  SFR                   00000000   00000010  00000000  00000010  RWIX
  PERIPHERALS_8BIT      00000010   000000f0  00000000  000000f0  RWIX
  PERIPHERALS_16BIT     00000100   00000100  00000000  00000100  RWIX
  RAM                   00000200   00000400  00000207  000001f9  RWIX
  INFOD                 00001000   00000040  00000000  00000040  RWIX
  INFOC                 00001040   00000040  00000000  00000040  RWIX
  INFOB                 00001080   00000040  00000000  00000040  RWIX
  INFOA                 000010c0   00000040  00000000  00000040  RWIX
  FLASH                 00008000   00007fde  00002d73  0000526b  RWIX
  INT00                 0000ffe0   00000002  00000000  00000002  RWIX
  INT01                 0000ffe2   00000002  00000000  00000002  RWIX
  INT02                 0000ffe4   00000002  00000000  00000002  RWIX
  INT03                 0000ffe6   00000002  00000002  00000000  RWIX
  INT04                 0000ffe8   00000002  00000000  00000002  RWIX
  INT05                 0000ffea   00000002  00000002  00000000  RWIX
  INT06                 0000ffec   00000002  00000000  00000002  RWIX
  INT07                 0000ffee   00000002  00000000  00000002  RWIX
  INT08                 0000fff0   00000002  00000000  00000002  RWIX
  INT09                 0000fff2   00000002  00000002  00000000  RWIX
  INT10                 0000fff4   00000002  00000000  00000002  RWIX
  INT11                 0000fff6   00000002  00000000  00000002  RWIX
  INT12                 0000fff8   00000002  00000000  00000002  RWIX
  INT13                 0000fffa   00000002  00000000  00000002  RWIX
  INT14                 0000fffc   00000002  00000000  00000002  RWIX
  RESET                 0000fffe   00000002  00000002  00000000  RWIX


SECTION ALLOCATION MAP

 output                                  attributes/
section   page    origin      length       input sections
--------  ----  ----------  ----------   ----------------
.pinit     0    00008000    00000000     UNINITIALIZED

.bss       0    00000200    000001b7     UNINITIALIZED
                  00000200    00000108     nwk_QMgmt.obj (.bss)
                  00000308    0000004e     mrfi.obj (.bss)
                  00000356    00000029     nwk.obj (.bss)
                  0000037f    00000001     bsp.obj (.bss)
                  00000380    0000000a     nwk_link.obj (.bss)
                  0000038a    00000009     nwk_globals.obj (.bss)
                  00000393    00000001     nwk_api.obj (.bss)
                  00000394    00000008     main_ED.obj (.bss)
                  0000039c    00000008     nwk_frame.obj (.bss)
                  000003a4    00000007     nwk_join.obj (.bss)
                  000003ab    00000001     nwk_ping.obj (.bss)
                  000003ac    00000004     rts430.lib : _lock.obj (.bss)
                  000003b0    00000004                : boot.obj (.bss)
                  000003b4    00000003     nwk_mgmt.obj (.bss)

.stack     0    000005b0    00000050     UNINITIALIZED
                  000005b0    00000002     rts430.lib : boot.obj (.stack)
                  000005b2    0000004e     --HOLE--

.text      0    00008000    00002c40     
                  00008000    000001fe     mrfi.obj (.text:MRFI_Init)
                  000081fe    000001ea     nwk_link.obj (.text:smpl_send_link_reply)
                  000083e8    0000019a     nwk_QMgmt.obj (.text:nwk_QfindOldest)
                  00008582    00000198     nwk_link.obj (.text:nwk_link)
                  0000871a    00000196     nwk_api.obj (.text:SMPL_Ioctl)
                  000088b0    00000156     nwk_api.obj (.text:SMPL_SendOpt)
                  00008a06    0000014a     nwk.obj (.text:nwk_allocateLocalRxPort)
                  00008b50    0000012e     main_ED.obj (.text:selfMeasure)
                  00008c7e    0000011c     mrfi.obj (.text:MRFI_Transmit)
                  00008d9a    00000102     nwk_join.obj (.text:nwk_join)
                  00008e9c    000000fc     nwk_frame.obj (.text:nwk_retrieveFrame)
                  00008f98    000000ea     mrfi.obj (.text:Mrfi_SyncPinRxIsr)
                  00009082    000000e8     nwk_frame.obj (.text:nwk_buildFrame)
                  0000916a    000000e4     nwk_ioctl.obj (.text:nwk_radioControl)
                  0000924e    000000de     main_ED.obj (.text:sendWithAckReq)
                  0000932c    000000d8     nwk_frame.obj (.text:dispatchFrame)
                  00009404    000000d8     nwk_QMgmt.obj (.text:nwk_QfindSlot)
                  000094dc    000000d0     nwk.obj (.text:nwk_isConnectionValid)
                  000095ac    000000ac     nwk_frame.obj (.text:nwk_sendAckReply)
                  00009658    000000a8     mrfi.obj (.text:spiBurstFifoAccess)
                  00009700    00000088     nwk.obj (.text:nwk_nwkInit)
                  00009788    00000084     nwk_link.obj (.text:smpl_send_unlink_reply)
                  0000980c    00000072     nwk_ioctl.obj (.text:nwk_rawSend)
                  0000987e    00000070     mrfi.obj (.text:MRFI_RxAddrIsFiltered)
                  000098ee    0000006a     mrfi.obj (.text:spiRegAccess)
                  00009958    00000068     mrfi.obj (.text:mrfiSpiCmdStrobe)
                  000099c0    00000068     nwk.obj (.text:nwk_putNumObjectIntoMsg)
                  00009a28    00000062     nwk.obj (.text:nwk_findPeer)
                  00009a8a    0000005e     nwk.obj (.text:nwk_isLinkDuplicate)
                  00009ae8    0000005c     rts430.lib : lsr32.obj (.text:l_lsr_const)
                  00009b44    0000005a     nwk.obj (.text:initializeConnection)
                  00009b9e    0000005a     nwk_QMgmt.obj (.text:nwk_QadjustOrder)
                  00009bf8    0000005a     nwk.obj (.text:nwk_getNextConnection)
                  00009c52    0000005a     nwk.obj (.text:nwk_isValidReply)
                  00009cac    00000058     rts430.lib : div32u.obj (.text)
                  00009d04    00000056     nwk_mgmt.obj (.text:nwk_processMgmt)
                  00009d5a    00000056     nwk_ping.obj (.text:smpl_send_ping_reply)
                  00009db0    00000054     mrfi.obj (.text:MRFI_WakeUp)
                  00009e04    0000004e     nwk.obj (.text:map_lid2idx)
                  00009e52    0000004e     nwk.obj (.text:nwk_getNumObjectFromMsg)
                  00009ea0    0000004c     mrfi.obj (.text:MRFI_Rssi)
                  00009eec    0000004c     mrfi.obj (.text:Mrfi_CalculateRssi)
                  00009f38    0000004c     rts430.lib : lsr16.obj (.text)
                  00009f84    0000004a     mrfi.obj (.text:MRFI_ReplyDelay)
                  00009fce    0000004a     nwk_frame.obj (.text:nwk_buildAckReqFrame)
                  0000a018    0000004a     nwk_ioctl.obj (.text:nwk_deviceAddress)
                  0000a062    00000048     nwk_frame.obj (.text:nwk_sendFrame)
                  0000a0aa    00000048     main_ED.obj (.text:sendBestEffort)
                  0000a0f2    00000046     mrfi.obj (.text:Mrfi_DelayUsecSem)
                  0000a138    00000046     rts430.lib : autoinit.obj (.text:_auto_init)
                  0000a17e    00000044     nwk_link.obj (.text:handleLinkRequest)
                  0000a1c2    00000042     mrfi.obj (.text:MRFI_SetRxAddrFilter)
                  0000a204    00000042     nwk.obj (.text:nwk_getConnInfo)
                  0000a246    00000040     mrfi.obj (.text:Mrfi_DelayUsec)
                  0000a286    00000040     nwk_api.obj (.text:SMPL_Init)
                  0000a2c6    00000040     nwk.obj (.text:nwk_checkConnInfo)
                  0000a306    00000040     nwk_ioctl.obj (.text:nwk_connectionControl)
                  0000a346    0000003e     main_ED.obj (.text:init)
                  0000a384    0000003c     nwk_link.obj (.text:nwk_processLink)
                  0000a3c0    0000003c     nwk_ping.obj (.text:nwk_processPing)
                  0000a3fc    00000038     nwk_ioctl.obj (.text:nwk_rawReceive)
                  0000a434    00000036     mrfi.obj (.text:MRFI_SetRFPwr)
                  0000a46a    00000034     mrfi.obj (.text:MRFI_SetLogicalChannel)
                  0000a49e    00000034     nwk_join.obj (.text:nwk_processJoin)
                  0000a4d2    00000032     main_ED.obj (.text:Port2_ISR)
                  0000a504    00000032     nwk_link.obj (.text:nwk_linkInit)
                  0000a536    00000030     bsp.obj (.text:BSP_Init)
                  0000a566    00000030     main_ED.obj (.text:link)
                  0000a596    00000030     main_ED.obj (.text:run)
                  0000a5c6    0000002e     bsp.obj (.text:BSP_InitBoard)
                  0000a5f4    0000002e     nwk_join.obj (.text:nwk_joinInit)
                  0000a622    0000002c     mrfi.obj (.text:Mrfi_RandomBackoffDelay)
                  0000a64e    0000002c     mrfi.obj (.text:Mrfi_RxModeOff)
                  0000a67a    0000002c     bsp.obj (.text:bspSpiInit)
                  0000a6a6    0000002c     nwk_globals.obj (.text:nwk_setMyAddress)
                  0000a6d2    0000002c     rts430.lib : div16s.obj (.text)
                  0000a6fe    0000002a     nwk_api.obj (.text:ioctlPreInitAccessIsOK)
                  0000a728    0000002a     main_ED.obj (.text:sendPacket)
                  0000a752    00000028     bsp.obj (.text:BSP_Delay)
                  0000a77a    00000028     mrfi.obj (.text:mrfiSpiWriteReg)
                  0000a7a2    00000028     nwk_frame.obj (.text:nwk_frameInit)
                  0000a7ca    00000026     mrfi.obj (.text:MRFI_Sleep)
                  0000a7f0    00000026     rts430.lib : boot.obj (.text:_c_int00_noexit)
                  0000a816    00000026     mrfi.obj (.text:mrfiSpiReadReg)
                  0000a83c    00000026     nwk_globals.obj (.text:nwk_globalsInit)
                  0000a862    00000026     rts430.lib : mult32.obj (.text)
                  0000a888    00000024     nwk_frame.obj (.text:MRFI_RxCompleteISR)
                  0000a8ac    00000024     rts430.lib : memcmp.obj (.text:memcmp)
                  0000a8d0    00000024     nwk_join.obj (.text:nwk_setJoinToken)
                  0000a8f4    00000024     nwk_link.obj (.text:nwk_setLinkToken)
                  0000a918    00000022     main_ED.obj (.text:join)
                  0000a93a    00000020     mrfi.obj (.text:MRFI_EnableRxAddrFilter)
                  0000a95a    00000020     mrfi.obj (.text:MRFI_RxOn)
                  0000a97a    00000020     rts430.lib : memmov.obj (.text:memmove)
                  0000a99a    0000001e     mrfi.obj (.text:MRFI_RxIdle)
                  0000a9b8    0000001e     nwk_QMgmt.obj (.text:nwk_QInit)
                  0000a9d6    0000001c     mrfi.obj (.text:MRFI_GpioIsr)
                  0000a9f2    0000001c     nwk_ping.obj (.text:handlePingRequest)
                  0000aa0e    0000001c     nwk_join.obj (.text:nwk_getJoinToken)
                  0000aa2a    0000001c     nwk_link.obj (.text:nwk_getLinkToken)
                  0000aa46    0000001a     mrfi.obj (.text:mrfiSpiWriteTxFifo)
                  0000aa60    00000018     mrfi.obj (.text:mrfiSpiReadRxFifo)
                  0000aa78    00000016     mrfi.obj (.text:MRFI_RandomByte)
                  0000aa8e    00000016     mrfi.obj (.text:MRFI_Receive)
                  0000aaa4    00000016     mrfi.obj (.text:Mrfi_RxModeOn)
                  0000aaba    00000016     nwk_globals.obj (.text:nwk_setAPAddress)
                  0000aad0    00000016     rts430.lib : div16u.obj (.text)
                  0000aae6    00000014                : memset.obj (.text:memset)
                  0000aafa    00000014                : mult16.obj (.text)
                  0000ab0e    00000012     bsp.obj (.text:BSP_InitLeds)
                  0000ab20    00000012     main_ED.obj (.text:main)
                  0000ab32    00000012     rts430.lib : memcpy.obj (.text:memcpy)
                  0000ab44    00000012     nwk_globals.obj (.text:nwk_getMyAddress)
                  0000ab56    00000010     rts430.lib : asr32.obj (.text:l_asr)
                  0000ab66    00000010     nwk.obj (.text:nwk_NVObj)
                  0000ab76    00000010     rts430.lib : epilog.obj (.text)
                  0000ab86    0000000e     nwk_api.obj (.text:SMPL_Link)
                  0000ab94    0000000e     nwk.obj (.text:nwk_freeConnection)
                  0000aba2    0000000c     mrfi.obj (.text:MRFI_PostKillSem)
                  0000abae    0000000c     main_ED.obj (.text:TimerA_ISR)
                  0000abba    0000000c     nwk_freq.obj (.text:nwk_processFreq)
                  0000abc6    0000000c     nwk_security.obj (.text:nwk_processSecurity)
                  0000abd2    0000000a     bsp.obj (.text:BSP_InitButtons)
                  0000abdc    0000000a     bsp.obj (.text:BSP_InitDrivers)
                  0000abe6    0000000a     bsp.obj (.text:_system_pre_init)
                  0000abf0    0000000a     nwk_mgmt.obj (.text:nwk_mgmtInit)
                  0000abfa    0000000a     nwk_ping.obj (.text:nwk_pingInit)
                  0000ac04    0000000a     nwk_mgmt.obj (.text:smpl_send_mgmt_reply)
                  0000ac0e    00000008     main_ED.obj (.text:ADC10_ISR)
                  0000ac16    00000006     mrfi.obj (.text:MRFI_GetRadioState)
                  0000ac1c    00000006     nwk_globals.obj (.text:nwk_getBCastAddress)
                  0000ac22    00000006     nwk_globals.obj (.text:nwk_getFWVersion)
                  0000ac28    00000006     nwk_frame.obj (.text:nwk_getMyRxType)
                  0000ac2e    00000006     nwk_globals.obj (.text:nwk_getProtocolVersion)
                  0000ac34    00000004     rts430.lib : exit.obj (.text:abort)
                  0000ac38    00000002                : _lock.obj (.text:_nop)
                  0000ac3a    00000002     mrfi.obj (.text:mrfiSpiInit)
                  0000ac3c    00000002     nwk_freq.obj (.text:nwk_freqInit)
                  0000ac3e    00000002     nwk_security.obj (.text:nwk_securityInit)

.cinit     0    0000ac40    000000c6     
                  0000ac40    0000002f     mrfi.obj (.cinit)
                  0000ac6f    00000001     --HOLE-- [fill = 0]
                  0000ac70    0000001e     nwk_frame.obj (.cinit)
                  0000ac8e    0000001d     main_ED.obj (.cinit)
                  0000acab    00000001     --HOLE-- [fill = 0]
                  0000acac    00000019     nwk_link.obj (.cinit)
                  0000acc5    00000001     --HOLE-- [fill = 0]
                  0000acc6    00000013     nwk_join.obj (.cinit)
                  0000acd9    00000001     --HOLE-- [fill = 0]
                  0000acda    0000000b     nwk_mgmt.obj (.cinit)
                  0000ace5    00000001     --HOLE-- [fill = 0]
                  0000ace6    00000005     bsp.obj (.cinit)
                  0000aceb    00000001     --HOLE-- [fill = 0]
                  0000acec    00000005     nwk.obj (.cinit)
                  0000acf1    00000001     --HOLE-- [fill = 0]
                  0000acf2    00000005     nwk_api.obj (.cinit)
                  0000acf7    00000001     --HOLE-- [fill = 0]
                  0000acf8    00000005     nwk_globals.obj (.cinit)
                  0000acfd    00000001     --HOLE-- [fill = 0]
                  0000acfe    00000005     nwk_ping.obj (.cinit)
                  0000ad03    00000001     --HOLE-- [fill = 0]
                  0000ad04    00000002     (.pad.cinit) [fill = 0]

.const     0    0000ad06    0000006d     
                  0000ad06    0000003c     mrfi.obj (.const:mrfiRadioCfg)
                  0000ad42    00000010     main_ED.obj (.const:$P$T0$1)
                  0000ad52    0000000c     nwk_frame.obj (.const:func)
                  0000ad5e    00000009     nwk_globals.obj (.const)
                  0000ad67    00000001     --HOLE-- [fill = 0]
                  0000ad68    00000004     mrfi.obj (.const:.string:mrfiBroadcastAddr)
                  0000ad6c    00000004     mrfi.obj (.const:.string:mrfiLogicalChanTable)
                  0000ad70    00000003     mrfi.obj (.const:.string:mrfiRFPowerTable)

.int03     0    0000ffe6    00000002     
                  0000ffe6    00000002     main_ED.obj (.int03)

.int05     0    0000ffea    00000002     
                  0000ffea    00000002     main_ED.obj (.int05)

.int09     0    0000fff2    00000002     
                  0000fff2    00000002     main_ED.obj (.int09)

.reset     0    0000fffe    00000002     
                  0000fffe    00000002     rts430.lib : boot.obj (.reset)


GLOBAL SYMBOLS: SORTED ALPHABETICALLY BY Name 

address    name
--------   ----
00000200   .bss
00008000   .text
0000004a   ADC10AE0
0000004b   ADC10AE1
000001b0   ADC10CTL0
000001b2   ADC10CTL1
00000048   ADC10DTC0
00000049   ADC10DTC1
000001b4   ADC10MEM
000001bc   ADC10SA
0000ac0e   ADC10_ISR
00000057   BCSCTL1
00000058   BCSCTL2
00000053   BCSCTL3
0000a752   BSP_Delay
0000a536   BSP_Init
0000a5c6   BSP_InitBoard
0000abd2   BSP_InitButtons
0000abdc   BSP_InitDrivers
0000ab0e   BSP_InitLeds
0000ac34   C$$EXIT
000010fb   CALBC1_12MHZ
000010f9   CALBC1_16MHZ
000010ff   CALBC1_1MHZ
000010fd   CALBC1_8MHZ
000010fa   CALDCO_12MHZ
000010f8   CALDCO_16MHZ
000010fe   CALDCO_1MHZ
000010fc   CALDCO_8MHZ
00000056   DCOCTL
00000128   FCTL1
0000012a   FCTL2
0000012c   FCTL3
00000398   Flash_Addr
00000000   IE1
00000001   IE2
00000002   IFG1
00000003   IFG2
00009f38   I_LSR
00009f7e   I_LSR_1
00009f5a   I_LSR_10
00009f56   I_LSR_11
00009f52   I_LSR_12
00009f4e   I_LSR_13
00009f4a   I_LSR_14
00009f46   I_LSR_15
00009f7a   I_LSR_2
00009f76   I_LSR_3
00009f72   I_LSR_4
00009f6e   I_LSR_5
00009f6a   I_LSR_6
00009f66   I_LSR_7
00009f62   I_LSR_8
00009f5e   I_LSR_9
0000ab56   L_ASR
00009b3c   L_LSR_1
00009b06   L_LSR_10
00009b00   L_LSR_11
00009afa   L_LSR_12
00009af4   L_LSR_13
00009aee   L_LSR_14
00009ae8   L_LSR_15
00009b36   L_LSR_2
00009b30   L_LSR_3
00009b2a   L_LSR_4
00009b24   L_LSR_5
00009b1e   L_LSR_6
00009b18   L_LSR_7
00009b12   L_LSR_8
00009b0c   L_LSR_9
0000a93a   MRFI_EnableRxAddrFilter
0000ac16   MRFI_GetRadioState
0000a9d6   MRFI_GpioIsr
00008000   MRFI_Init
0000aba2   MRFI_PostKillSem
0000aa78   MRFI_RandomByte
0000aa8e   MRFI_Receive
00009f84   MRFI_ReplyDelay
00009ea0   MRFI_Rssi
0000987e   MRFI_RxAddrIsFiltered
0000a888   MRFI_RxCompleteISR
0000a99a   MRFI_RxIdle
0000a95a   MRFI_RxOn
0000a46a   MRFI_SetLogicalChannel
0000a434   MRFI_SetRFPwr
0000a1c2   MRFI_SetRxAddrFilter
0000a7ca   MRFI_Sleep
00008c7e   MRFI_Transmit
00009db0   MRFI_WakeUp
000000c0   OA0CTL0
000000c1   OA0CTL1
000000c2   OA1CTL0
000000c3   OA1CTL1
00000022   P1DIR
00000025   P1IE
00000024   P1IES
00000023   P1IFG
00000020   P1IN
00000021   P1OUT
00000027   P1REN
00000026   P1SEL
0000002a   P2DIR
0000002d   P2IE
0000002c   P2IES
0000002b   P2IFG
00000028   P2IN
00000029   P2OUT
0000002f   P2REN
0000002e   P2SEL
0000001a   P3DIR
00000018   P3IN
00000019   P3OUT
00000010   P3REN
0000001b   P3SEL
0000001e   P4DIR
0000001c   P4IN
0000001d   P4OUT
00000011   P4REN
0000001f   P4SEL
0000a4d2   Port2_ISR
0000a286   SMPL_Init
0000871a   SMPL_Ioctl
0000ab86   SMPL_Link
000088b0   SMPL_SendOpt
00000172   TACCR0
00000174   TACCR1
00000176   TACCR2
00000162   TACCTL0
00000164   TACCTL1
00000166   TACCTL2
00000160   TACTL
0000012e   TAIV
00000170   TAR
00000192   TBCCR0
00000194   TBCCR1
00000196   TBCCR2
00000182   TBCCTL0
00000184   TBCCTL1
00000186   TBCCTL2
00000180   TBCTL
0000011e   TBIV
00000190   TBR
0000abae   TimerA_ISR
0000005d   UCA0ABCTL
00000062   UCA0BR0
00000063   UCA0BR1
00000060   UCA0CTL0
00000061   UCA0CTL1
0000005f   UCA0IRRCTL
0000005e   UCA0IRTCTL
00000064   UCA0MCTL
00000066   UCA0RXBUF
00000065   UCA0STAT
00000067   UCA0TXBUF
0000006a   UCB0BR0
0000006b   UCB0BR1
00000068   UCB0CTL0
00000069   UCB0CTL1
0000006c   UCB0I2CIE
00000118   UCB0I2COA
0000011a   UCB0I2CSA
0000006e   UCB0RXBUF
0000006d   UCB0STAT
0000006f   UCB0TXBUF
00000120   WDTCTL
00000600   __STACK_END
00000050   __STACK_SIZE
00000001   __TI_args_main
00000001   __TI_auto_init
00000001   __TI_exit
ffffffff   __binit__
00000200   __bss__
ffffffff   __c_args__
0000ac40   __cinit__
0000a6d2   __divi
0000aad0   __divu
00009cac   __divul
000003b7   __end__
0000ac40   __etext__
0000aafa   __mpyi
0000a862   __mpyl
ffffffff   __pinit__
0000a6d2   __remi
0000aad0   __remu
00009cac   __remul
00008000   __text__
0000a138   _auto_init
0000a7f0   _c_int00
0000a7f0   _c_int00_noexit
000003b0   _cleanup_ptr
000003b2   _dtors_ptr
000003ac   _lock
0000ac38   _nop
0000fffe   _reset_vector
000005b0   _stack
0000abe6   _system_pre_init
000003ae   _unlock
0000ac34   abort
ffffffff   binit
0000ac40   cinit
000003b7   end
0000ac40   etext
0000ab82   func_epilog_1
0000ab80   func_epilog_2
0000ab7e   func_epilog_3
0000ab7c   func_epilog_4
0000ab7a   func_epilog_5
0000ab78   func_epilog_6
0000ab76   func_epilog_7
0000ab20   main
0000a8ac   memcmp
0000ab32   memcpy
0000a97a   memmove
0000aae6   memset
0000039b   missedAcks
0000ad68   mrfiBroadcastAddr
00009958   mrfiSpiCmdStrobe
0000ac3a   mrfiSpiInit
0000a816   mrfiSpiReadReg
0000aa60   mrfiSpiReadRxFifo
0000a77a   mrfiSpiWriteReg
0000aa46   mrfiSpiWriteTxFifo
0000ab66   nwk_NVObj
0000a9b8   nwk_QInit
00009b9e   nwk_QadjustOrder
000083e8   nwk_QfindOldest
00009404   nwk_QfindSlot
00008a06   nwk_allocateLocalRxPort
00009fce   nwk_buildAckReqFrame
00009082   nwk_buildFrame
0000a2c6   nwk_checkConnInfo
0000a306   nwk_connectionControl
0000a018   nwk_deviceAddress
00009a28   nwk_findPeer
0000a7a2   nwk_frameInit
0000ab94   nwk_freeConnection
0000ac3c   nwk_freqInit
0000ac1c   nwk_getBCastAddress
0000a204   nwk_getConnInfo
0000ac22   nwk_getFWVersion
0000aa0e   nwk_getJoinToken
0000aa2a   nwk_getLinkToken
0000ab44   nwk_getMyAddress
0000ac28   nwk_getMyRxType
00009bf8   nwk_getNextConnection
00009e52   nwk_getNumObjectFromMsg
0000ac2e   nwk_getProtocolVersion
0000a83c   nwk_globalsInit
000094dc   nwk_isConnectionValid
00009a8a   nwk_isLinkDuplicate
00009c52   nwk_isValidReply
00008d9a   nwk_join
0000a5f4   nwk_joinInit
00008582   nwk_link
0000a504   nwk_linkInit
0000abf0   nwk_mgmtInit
00009700   nwk_nwkInit
0000abfa   nwk_pingInit
0000abba   nwk_processFreq
0000a49e   nwk_processJoin
0000a384   nwk_processLink
00009d04   nwk_processMgmt
0000a3c0   nwk_processPing
0000abc6   nwk_processSecurity
000099c0   nwk_putNumObjectIntoMsg
0000916a   nwk_radioControl
0000a3fc   nwk_rawReceive
0000980c   nwk_rawSend
00008e9c   nwk_retrieveFrame
0000ac3e   nwk_securityInit
000095ac   nwk_sendAckReply
0000a062   nwk_sendFrame
0000aaba   nwk_setAPAddress
0000a8d0   nwk_setJoinToken
0000a8f4   nwk_setLinkToken
0000a6a6   nwk_setMyAddress
ffffffff   pinit
00000396   tempOffset


GLOBAL SYMBOLS: SORTED BY Symbol Address 

address    name
--------   ----
00000000   IE1
00000001   IE2
00000001   __TI_args_main
00000001   __TI_auto_init
00000001   __TI_exit
00000002   IFG1
00000003   IFG2
00000010   P3REN
00000011   P4REN
00000018   P3IN
00000019   P3OUT
0000001a   P3DIR
0000001b   P3SEL
0000001c   P4IN
0000001d   P4OUT
0000001e   P4DIR
0000001f   P4SEL
00000020   P1IN
00000021   P1OUT
00000022   P1DIR
00000023   P1IFG
00000024   P1IES
00000025   P1IE
00000026   P1SEL
00000027   P1REN
00000028   P2IN
00000029   P2OUT
0000002a   P2DIR
0000002b   P2IFG
0000002c   P2IES
0000002d   P2IE
0000002e   P2SEL
0000002f   P2REN
00000048   ADC10DTC0
00000049   ADC10DTC1
0000004a   ADC10AE0
0000004b   ADC10AE1
00000050   __STACK_SIZE
00000053   BCSCTL3
00000056   DCOCTL
00000057   BCSCTL1
00000058   BCSCTL2
0000005d   UCA0ABCTL
0000005e   UCA0IRTCTL
0000005f   UCA0IRRCTL
00000060   UCA0CTL0
00000061   UCA0CTL1
00000062   UCA0BR0
00000063   UCA0BR1
00000064   UCA0MCTL
00000065   UCA0STAT
00000066   UCA0RXBUF
00000067   UCA0TXBUF
00000068   UCB0CTL0
00000069   UCB0CTL1
0000006a   UCB0BR0
0000006b   UCB0BR1
0000006c   UCB0I2CIE
0000006d   UCB0STAT
0000006e   UCB0RXBUF
0000006f   UCB0TXBUF
000000c0   OA0CTL0
000000c1   OA0CTL1
000000c2   OA1CTL0
000000c3   OA1CTL1
00000118   UCB0I2COA
0000011a   UCB0I2CSA
0000011e   TBIV
00000120   WDTCTL
00000128   FCTL1
0000012a   FCTL2
0000012c   FCTL3
0000012e   TAIV
00000160   TACTL
00000162   TACCTL0
00000164   TACCTL1
00000166   TACCTL2
00000170   TAR
00000172   TACCR0
00000174   TACCR1
00000176   TACCR2
00000180   TBCTL
00000182   TBCCTL0
00000184   TBCCTL1
00000186   TBCCTL2
00000190   TBR
00000192   TBCCR0
00000194   TBCCR1
00000196   TBCCR2
000001b0   ADC10CTL0
000001b2   ADC10CTL1
000001b4   ADC10MEM
000001bc   ADC10SA
00000200   .bss
00000200   __bss__
00000396   tempOffset
00000398   Flash_Addr
0000039b   missedAcks
000003ac   _lock
000003ae   _unlock
000003b0   _cleanup_ptr
000003b2   _dtors_ptr
000003b7   __end__
000003b7   end
000005b0   _stack
00000600   __STACK_END
000010f8   CALDCO_16MHZ
000010f9   CALBC1_16MHZ
000010fa   CALDCO_12MHZ
000010fb   CALBC1_12MHZ
000010fc   CALDCO_8MHZ
000010fd   CALBC1_8MHZ
000010fe   CALDCO_1MHZ
000010ff   CALBC1_1MHZ
00008000   .text
00008000   MRFI_Init
00008000   __text__
000083e8   nwk_QfindOldest
00008582   nwk_link
0000871a   SMPL_Ioctl
000088b0   SMPL_SendOpt
00008a06   nwk_allocateLocalRxPort
00008c7e   MRFI_Transmit
00008d9a   nwk_join
00008e9c   nwk_retrieveFrame
00009082   nwk_buildFrame
0000916a   nwk_radioControl
00009404   nwk_QfindSlot
000094dc   nwk_isConnectionValid
000095ac   nwk_sendAckReply
00009700   nwk_nwkInit
0000980c   nwk_rawSend
0000987e   MRFI_RxAddrIsFiltered
00009958   mrfiSpiCmdStrobe
000099c0   nwk_putNumObjectIntoMsg
00009a28   nwk_findPeer
00009a8a   nwk_isLinkDuplicate
00009ae8   L_LSR_15
00009aee   L_LSR_14
00009af4   L_LSR_13
00009afa   L_LSR_12
00009b00   L_LSR_11
00009b06   L_LSR_10
00009b0c   L_LSR_9
00009b12   L_LSR_8
00009b18   L_LSR_7
00009b1e   L_LSR_6
00009b24   L_LSR_5
00009b2a   L_LSR_4
00009b30   L_LSR_3
00009b36   L_LSR_2
00009b3c   L_LSR_1
00009b9e   nwk_QadjustOrder
00009bf8   nwk_getNextConnection
00009c52   nwk_isValidReply
00009cac   __divul
00009cac   __remul
00009d04   nwk_processMgmt
00009db0   MRFI_WakeUp
00009e52   nwk_getNumObjectFromMsg
00009ea0   MRFI_Rssi
00009f38   I_LSR
00009f46   I_LSR_15
00009f4a   I_LSR_14
00009f4e   I_LSR_13
00009f52   I_LSR_12
00009f56   I_LSR_11
00009f5a   I_LSR_10
00009f5e   I_LSR_9
00009f62   I_LSR_8
00009f66   I_LSR_7
00009f6a   I_LSR_6
00009f6e   I_LSR_5
00009f72   I_LSR_4
00009f76   I_LSR_3
00009f7a   I_LSR_2
00009f7e   I_LSR_1
00009f84   MRFI_ReplyDelay
00009fce   nwk_buildAckReqFrame
0000a018   nwk_deviceAddress
0000a062   nwk_sendFrame
0000a138   _auto_init
0000a1c2   MRFI_SetRxAddrFilter
0000a204   nwk_getConnInfo
0000a286   SMPL_Init
0000a2c6   nwk_checkConnInfo
0000a306   nwk_connectionControl
0000a384   nwk_processLink
0000a3c0   nwk_processPing
0000a3fc   nwk_rawReceive
0000a434   MRFI_SetRFPwr
0000a46a   MRFI_SetLogicalChannel
0000a49e   nwk_processJoin
0000a4d2   Port2_ISR
0000a504   nwk_linkInit
0000a536   BSP_Init
0000a5c6   BSP_InitBoard
0000a5f4   nwk_joinInit
0000a6a6   nwk_setMyAddress
0000a6d2   __divi
0000a6d2   __remi
0000a752   BSP_Delay
0000a77a   mrfiSpiWriteReg
0000a7a2   nwk_frameInit
0000a7ca   MRFI_Sleep
0000a7f0   _c_int00
0000a7f0   _c_int00_noexit
0000a816   mrfiSpiReadReg
0000a83c   nwk_globalsInit
0000a862   __mpyl
0000a888   MRFI_RxCompleteISR
0000a8ac   memcmp
0000a8d0   nwk_setJoinToken
0000a8f4   nwk_setLinkToken
0000a93a   MRFI_EnableRxAddrFilter
0000a95a   MRFI_RxOn
0000a97a   memmove
0000a99a   MRFI_RxIdle
0000a9b8   nwk_QInit
0000a9d6   MRFI_GpioIsr
0000aa0e   nwk_getJoinToken
0000aa2a   nwk_getLinkToken
0000aa46   mrfiSpiWriteTxFifo
0000aa60   mrfiSpiReadRxFifo
0000aa78   MRFI_RandomByte
0000aa8e   MRFI_Receive
0000aaba   nwk_setAPAddress
0000aad0   __divu
0000aad0   __remu
0000aae6   memset
0000aafa   __mpyi
0000ab0e   BSP_InitLeds
0000ab20   main
0000ab32   memcpy
0000ab44   nwk_getMyAddress
0000ab56   L_ASR
0000ab66   nwk_NVObj
0000ab76   func_epilog_7
0000ab78   func_epilog_6
0000ab7a   func_epilog_5
0000ab7c   func_epilog_4
0000ab7e   func_epilog_3
0000ab80   func_epilog_2
0000ab82   func_epilog_1
0000ab86   SMPL_Link
0000ab94   nwk_freeConnection
0000aba2   MRFI_PostKillSem
0000abae   TimerA_ISR
0000abba   nwk_processFreq
0000abc6   nwk_processSecurity
0000abd2   BSP_InitButtons
0000abdc   BSP_InitDrivers
0000abe6   _system_pre_init
0000abf0   nwk_mgmtInit
0000abfa   nwk_pingInit
0000ac0e   ADC10_ISR
0000ac16   MRFI_GetRadioState
0000ac1c   nwk_getBCastAddress
0000ac22   nwk_getFWVersion
0000ac28   nwk_getMyRxType
0000ac2e   nwk_getProtocolVersion
0000ac34   C$$EXIT
0000ac34   abort
0000ac38   _nop
0000ac3a   mrfiSpiInit
0000ac3c   nwk_freqInit
0000ac3e   nwk_securityInit
0000ac40   __cinit__
0000ac40   __etext__
0000ac40   cinit
0000ac40   etext
0000ad68   mrfiBroadcastAddr
0000fffe   _reset_vector
ffffffff   __binit__
ffffffff   __c_args__
ffffffff   __pinit__
ffffffff   binit
ffffffff   pinit

[278 symbols]
