******************************************************************************
                  MSP430 Linker PC v4.1.1                      
******************************************************************************
>> Linked Thu Mar 07 09:54:16 2013

OUTPUT FILE NAME:   <eZ430-RF2500_WSM.out>
ENTRY POINT SYMBOL: "_c_int00"  address: 0000e7c0


MEMORY CONFIGURATION

         name            origin    length      used     unused   attr    fill
----------------------  --------  ---------  --------  --------  ----  --------
  SFR                   00000000   00000010  00000000  00000010  RWIX
  PERIPHERALS_8BIT      00000010   000000f0  00000000  000000f0  RWIX
  PERIPHERALS_16BIT     00000100   00000100  00000000  00000100  RWIX
  RAM                   00000200   00000400  0000037d  00000083  RWIX
  INFOD                 00001000   00000040  00000000  00000040  RWIX
  INFOC                 00001040   00000040  00000000  00000040  RWIX
  INFOB                 00001080   00000040  00000000  00000040  RWIX
  INFOA                 000010c0   00000040  00000000  00000040  RWIX
  SAMPLEMEM             00008000   00004650  00000000  00004650  RWIX
  FLASH                 0000c650   0000398e  0000282d  00001161  RWIX
  INT00                 0000ffe0   00000002  00000000  00000002  RWIX
  INT01                 0000ffe2   00000002  00000000  00000002  RWIX
  INT02                 0000ffe4   00000002  00000000  00000002  RWIX
  INT03                 0000ffe6   00000002  00000002  00000000  RWIX
  INT04                 0000ffe8   00000002  00000000  00000002  RWIX
  INT05                 0000ffea   00000002  00000002  00000000  RWIX
  INT06                 0000ffec   00000002  00000000  00000002  RWIX
  INT07                 0000ffee   00000002  00000002  00000000  RWIX
  INT08                 0000fff0   00000002  00000000  00000002  RWIX
  INT09                 0000fff2   00000002  00000002  00000000  RWIX
  INT10                 0000fff4   00000002  00000000  00000002  RWIX
  INT11                 0000fff6   00000002  00000000  00000002  RWIX
  INT12                 0000fff8   00000002  00000000  00000002  RWIX
  INT13                 0000fffa   00000002  00000000  00000002  RWIX
  INT14                 0000fffc   00000002  00000000  00000002  RWIX
  RESET                 0000fffe   00000002  00000002  00000000  RWIX


SECTION ALLOCATION MAP

 output                                  attributes/
section   page    origin      length       input sections
--------  ----  ----------  ----------   ----------------
.pinit     0    0000c650    00000000     UNINITIALIZED

.bss       0    00000200    0000032d     UNINITIALIZED
                  00000200    00000210     nwk_QMgmt.obj (.bss)
                  00000410    00000081     nwk.obj (.bss)
                  00000491    00000001     bsp.obj (.bss)
                  00000492    0000004e     mrfi.obj (.bss)
                  000004e0    00000010     main_AP.obj (.bss)
                  000004f0    00000010     nwk_link.obj (.bss)
                  00000500    0000000b     nwk_join.obj (.bss)
                  0000050b    00000009     nwk_globals.obj (.bss)
                  00000514    00000008     nwk_frame.obj (.bss)
                  0000051c    00000005     nwk_mgmt.obj (.bss)
                  00000521    00000001     nwk_api.obj (.bss)
                  00000522    00000004     rts430.lib : _lock.obj (.bss)
                  00000526    00000004                : boot.obj (.bss)
                  0000052a    00000002     virtual_com_cmds.obj (.bss)
                  0000052c    00000001     nwk_ping.obj (.bss)

.stack     0    000005b0    00000050     UNINITIALIZED
                  000005b0    00000002     rts430.lib : boot.obj (.stack)
                  000005b2    0000004e     --HOLE--

.text      0    0000c650    00002536     
                  0000c650    0000024c     main_AP.obj (.text:main)
                  0000c89c    000001aa     mrfi.obj (.text:MRFI_Init)
                  0000ca46    0000016e     nwk_link.obj (.text:smpl_send_link_reply)
                  0000cbb4    0000015a     mrfi.obj (.text:MRFI_Transmit)
                  0000cd0e    00000144     nwk_QMgmt.obj (.text:nwk_QfindOldest)
                  0000ce52    0000011c     nwk_frame.obj (.text:dispatchFrame)
                  0000cf6e    00000112     nwk_api.obj (.text:SMPL_Ioctl)
                  0000d080    0000010a     nwk_join.obj (.text:smpl_send_join_reply)
                  0000d18a    000000e0     mrfi.obj (.text:Mrfi_SyncPinRxIsr)
                  0000d26a    000000dc     nwk.obj (.text:nwk_allocateLocalRxPort)
                  0000d346    000000c6     nwk_mgmt.obj (.text:nwk_processMgmt)
                  0000d40c    000000c2     rts430.lib : fs_mpy.obj (.text)
                  0000d4ce    000000bc     nwk_link.obj (.text:nwk_processLink)
                  0000d58a    000000ac     nwk_frame.obj (.text:nwk_retrieveFrame)
                  0000d636    0000009e     nwk_ioctl.obj (.text:nwk_radioControl)
                  0000d6d4    00000098     nwk_frame.obj (.text:nwk_buildFrame)
                  0000d76c    00000096     nwk_frame.obj (.text:isDupSandFFrame)
                  0000d802    00000096     nwk.obj (.text:nwk_isConnectionValid)
                  0000d898    00000088     nwk_QMgmt.obj (.text:nwk_QfindSlot)
                  0000d920    00000088     nwk_frame.obj (.text:nwk_SendEmptyPollRspFrame)
                  0000d9a8    00000086     nwk.obj (.text:nwk_nwkInit)
                  0000da2e    00000084     mrfi.obj (.text:spiBurstFifoAccess)
                  0000dab2    00000082     nwk_frame.obj (.text:nwk_sendAckReply)
                  0000db34    00000074     nwk_frame.obj (.text:nwk_getSandFFrame)
                  0000dba8    0000006e     nwk_api.obj (.text:SMPL_LinkListen)
                  0000dc16    0000006e     nwk_ping.obj (.text:nwk_processPing)
                  0000dc84    00000068     rts430.lib : fs_toi.obj (.text)
                  0000dcec    00000066     mrfi.obj (.text:MRFI_SetRFPwr)
                  0000dd52    00000064     mrfi.obj (.text:MRFI_SetLogicalChannel)
                  0000ddb6    00000064     nwk_api.obj (.text:SMPL_ReceiveWithAddr)
                  0000de1a    00000064     nwk.obj (.text:nwk_saveJoinedDevice)
                  0000de7e    00000054     mrfi.obj (.text:MRFI_WakeUp)
                  0000ded2    00000054     nwk_ioctl.obj (.text:nwk_rawSend)
                  0000df26    00000052     mrfi.obj (.text:mrfiSpiCmdStrobe)
                  0000df78    00000052     nwk_join.obj (.text:nwk_processJoin)
                  0000dfca    00000050     virtual_com_cmds.obj (.text:USCI0RX_ISR)
                  0000e01a    0000004e     mrfi.obj (.text:spiRegAccess)
                  0000e068    0000004c     rts430.lib : lsr16.obj (.text)
                  0000e0b4    0000004a     bsp.obj (.text:BSP_InitBoard)
                  0000e0fe    00000048     mrfi.obj (.text:MRFI_Rssi)
                  0000e146    00000046     mrfi.obj (.text:MRFI_RxIdle)
                  0000e18c    00000046     rts430.lib : autoinit.obj (.text:_auto_init)
                  0000e1d2    00000044     nwk.obj (.text:nwk_findPeer)
                  0000e216    00000042     nwk.obj (.text:nwk_findAlreadyJoined)
                  0000e258    00000042     nwk.obj (.text:nwk_isLinkDuplicate)
                  0000e29a    00000040     nwk.obj (.text:nwk_getNextConnection)
                  0000e2da    00000040     nwk_join.obj (.text:nwk_isSandFClient)
                  0000e31a    00000040     nwk.obj (.text:nwk_isValidReply)
                  0000e35a    0000003e     nwk_join.obj (.text:nwk_joinInit)
                  0000e398    0000003e     nwk_frame.obj (.text:nwk_replayFrame)
                  0000e3d6    0000003c     mrfi.obj (.text:MRFI_RxAddrIsFiltered)
                  0000e412    00000038     nwk.obj (.text:initializeConnection)
                  0000e44a    00000038     nwk_link.obj (.text:nwk_getLocalLinkID)
                  0000e482    00000036     nwk.obj (.text:nwk_putNumObjectIntoMsg)
                  0000e4b8    00000036     rts430.lib : fs_itof.obj (.text)
                  0000e4ee    00000034     nwk_ioctl.obj (.text:nwk_deviceAddress)
                  0000e522    00000032     mrfi.obj (.text:MRFI_RxOn)
                  0000e554    00000030     mrfi.obj (.text:BSP_GpioPort1Isr)
                  0000e584    00000030     nwk_link.obj (.text:nwk_linkInit)
                  0000e5b4    00000030     nwk_ioctl.obj (.text:nwk_rawReceive)
                  0000e5e4    00000030     nwk_frame.obj (.text:nwk_sendFrame)
                  0000e614    0000002e     mrfi.obj (.text:Mrfi_CalculateRssi)
                  0000e642    0000002e     nwk_QMgmt.obj (.text:nwk_QadjustOrder)
                  0000e670    0000002c     nwk_api.obj (.text:SMPL_Init)
                  0000e69c    0000002c     rts430.lib : asr16.obj (.text)
                  0000e6c8    0000002c                : div16s.obj (.text)
                  0000e6f4    0000002a     nwk.obj (.text:map_lid2idx)
                  0000e71e    0000002a     nwk.obj (.text:nwk_checkAppMsgTID)
                  0000e748    00000028     virtual_com_cmds.obj (.text:COM_Init)
                  0000e770    00000028     mrfi.obj (.text:Mrfi_DelayUsec)
                  0000e798    00000028     nwk.obj (.text:nwk_getConnInfo)
                  0000e7c0    00000026     rts430.lib : boot.obj (.text:_c_int00_noexit)
                  0000e7e6    00000026     nwk.obj (.text:nwk_checkConnInfo)
                  0000e80c    00000026     nwk_globals.obj (.text:nwk_globalsInit)
                  0000e832    00000024     rts430.lib : memcmp.obj (.text:memcmp)
                  0000e856    00000024     nwk_frame.obj (.text:nwk_frameInit)
                  0000e87a    00000020     bsp.obj (.text:BSP_Init)
                  0000e89a    00000020     nwk_frame.obj (.text:MRFI_RxCompleteISR)
                  0000e8ba    00000020     mrfi.obj (.text:MRFI_Sleep)
                  0000e8da    00000020     rts430.lib : memmov.obj (.text:memmove)
                  0000e8fa    00000020     nwk_ioctl.obj (.text:nwk_connectionControl)
                  0000e91a    0000001e     bsp.obj (.text:BSP_Delay)
                  0000e938    0000001e     nwk_globals.obj (.text:nwk_setMyAddress)
                  0000e956    0000001c     nwk_QMgmt.obj (.text:nwk_QInit)
                  0000e972    0000001a     bsp.obj (.text:BSP_InitDrivers)
                  0000e98c    00000018     mrfi.obj (.text:MRFI_DelayMs)
                  0000e9a4    00000016     mrfi.obj (.text:MRFI_RandomByte)
                  0000e9ba    00000016     virtual_com_cmds.obj (.text:TXString)
                  0000e9d0    00000016     nwk_mgmt.obj (.text:nwk_mgmtInit)
                  0000e9e6    00000016     rts430.lib : div16u.obj (.text)
                  0000e9fc    00000016     main_AP.obj (.text:sCB)
                  0000ea12    00000014     rts430.lib : memset.obj (.text:memset)
                  0000ea26    00000014     nwk_ioctl.obj (.text:nwk_joinContext)
                  0000ea3a    00000014     rts430.lib : mult16.obj (.text)
                  0000ea4e    00000012                : memcpy.obj (.text:memcpy)
                  0000ea60    00000012     nwk_join.obj (.text:nwk_getJoinToken)
                  0000ea72    00000012     nwk_link.obj (.text:nwk_getLinkToken)
                  0000ea84    00000012     nwk_globals.obj (.text:nwk_getMyAddress)
                  0000ea96    00000012     nwk_join.obj (.text:nwk_setJoinToken)
                  0000eaa8    00000012     nwk_link.obj (.text:nwk_setLinkToken)
                  0000eaba    00000010     nwk_QMgmt.obj (.text:nwk_getQ)
                  0000eaca    00000010     rts430.lib : epilog.obj (.text)
                  0000eada    0000000e     nwk_join.obj (.text:nwk_setJoinContext)
                  0000eae8    0000000e     nwk_link.obj (.text:nwk_setListenContext)
                  0000eaf6    0000000c     mrfi.obj (.text:MRFI_PostKillSem)
                  0000eb02    0000000c     mrfi.obj (.text:MRFI_Receive)
                  0000eb0e    0000000c     nwk.obj (.text:nwk_getNumObjectFromMsg)
                  0000eb1a    0000000a     bsp.obj (.text:_system_pre_init)
                  0000eb24    0000000a     nwk_ping.obj (.text:nwk_pingInit)
                  0000eb2e    00000008     main_AP.obj (.text:ADC10_ISR)
                  0000eb36    00000008     nwk_mgmt.obj (.text:nwk_resetSFMarker)
                  0000eb3e    00000006     mrfi.obj (.text:MRFI_GetRadioState)
                  0000eb44    00000006     main_AP.obj (.text:Timer_A)
                  0000eb4a    00000006     nwk.obj (.text:nwk_freeConnection)
                  0000eb50    00000006     nwk_globals.obj (.text:nwk_getBCastAddress)
                  0000eb56    00000006     nwk_globals.obj (.text:nwk_getFWVersion)
                  0000eb5c    00000006     nwk_frame.obj (.text:nwk_getMyRxType)
                  0000eb62    00000006     nwk.obj (.text:nwk_getSFInfoPtr)
                  0000eb68    00000004     rts430.lib : exit.obj (.text:abort)
                  0000eb6c    00000004     nwk.obj (.text:nwk_NVObj)
                  0000eb70    00000004     nwk_globals.obj (.text:nwk_getProtocolVersion)
                  0000eb74    00000004     nwk_join.obj (.text:nwk_join)
                  0000eb78    00000004     nwk_freq.obj (.text:nwk_processFreq)
                  0000eb7c    00000004     nwk_security.obj (.text:nwk_processSecurity)
                  0000eb80    00000002     rts430.lib : _lock.obj (.text:_nop)
                  0000eb82    00000002     nwk_freq.obj (.text:nwk_freqInit)
                  0000eb84    00000002     nwk_security.obj (.text:nwk_securityInit)

.const     0    0000eb86    0000020d     
                  0000eb86    0000018c     main_AP.obj (.const:.string:splash)
                  0000ed12    0000003c     mrfi.obj (.const:mrfiRadioCfg)
                  0000ed4e    00000024     main_AP.obj (.const:.string)
                  0000ed72    0000000c     nwk_frame.obj (.const:func)
                  0000ed7e    00000009     nwk_globals.obj (.const)
                  0000ed87    00000001     --HOLE-- [fill = 0]
                  0000ed88    00000004     mrfi.obj (.const:.string:mrfiBroadcastAddr)
                  0000ed8c    00000004     mrfi.obj (.const:.string:mrfiLogicalChanTable)
                  0000ed90    00000003     mrfi.obj (.const:.string:mrfiRFPowerTable)

.cinit     0    0000ed94    000000ea     
                  0000ed94    0000002f     mrfi.obj (.cinit)
                  0000edc3    00000001     --HOLE-- [fill = 0]
                  0000edc4    0000002a     main_AP.obj (.cinit)
                  0000edee    0000001f     nwk_join.obj (.cinit)
                  0000ee0d    00000001     --HOLE-- [fill = 0]
                  0000ee0e    0000001e     nwk_frame.obj (.cinit)
                  0000ee2c    00000019     nwk_link.obj (.cinit)
                  0000ee45    00000001     --HOLE-- [fill = 0]
                  0000ee46    0000000b     nwk_mgmt.obj (.cinit)
                  0000ee51    00000001     --HOLE-- [fill = 0]
                  0000ee52    0000000b     virtual_com_cmds.obj (.cinit)
                  0000ee5d    00000001     --HOLE-- [fill = 0]
                  0000ee5e    00000005     bsp.obj (.cinit)
                  0000ee63    00000001     --HOLE-- [fill = 0]
                  0000ee64    00000005     nwk.obj (.cinit)
                  0000ee69    00000001     --HOLE-- [fill = 0]
                  0000ee6a    00000005     nwk_api.obj (.cinit)
                  0000ee6f    00000001     --HOLE-- [fill = 0]
                  0000ee70    00000005     nwk_globals.obj (.cinit)
                  0000ee75    00000001     --HOLE-- [fill = 0]
                  0000ee76    00000005     nwk_ping.obj (.cinit)
                  0000ee7b    00000001     --HOLE-- [fill = 0]
                  0000ee7c    00000002     (.pad.cinit) [fill = 0]

.int03     0    0000ffe6    00000002     
                  0000ffe6    00000002     mrfi.obj (.int03)

.int05     0    0000ffea    00000002     
                  0000ffea    00000002     main_AP.obj (.int05)

.int07     0    0000ffee    00000002     
                  0000ffee    00000002     virtual_com_cmds.obj (.int07)

.int09     0    0000fff2    00000002     
                  0000fff2    00000002     main_AP.obj (.int09)

.reset     0    0000fffe    00000002     
                  0000fffe    00000002     rts430.lib : boot.obj (.reset)


GLOBAL SYMBOLS: SORTED ALPHABETICALLY BY Name 

address    name
--------   ----
00000200   .bss
0000c650   .text
0000004a   ADC10AE0
0000004b   ADC10AE1
000001b0   ADC10CTL0
000001b2   ADC10CTL1
00000048   ADC10DTC0
00000049   ADC10DTC1
000001b4   ADC10MEM
000001bc   ADC10SA
0000eb2e   ADC10_ISR
00000057   BCSCTL1
00000058   BCSCTL2
00000053   BCSCTL3
0000e91a   BSP_Delay
0000e554   BSP_GpioPort1Isr
0000e87a   BSP_Init
0000e0b4   BSP_InitBoard
0000e972   BSP_InitDrivers
0000eb68   C$$EXIT
000010fb   CALBC1_12MHZ
000010f9   CALBC1_16MHZ
000010ff   CALBC1_1MHZ
000010fd   CALBC1_8MHZ
000010fa   CALDCO_12MHZ
000010f8   CALDCO_16MHZ
000010fe   CALDCO_1MHZ
000010fc   CALDCO_8MHZ
0000e748   COM_Init
00000056   DCOCTL
00000128   FCTL1
0000012a   FCTL2
0000012c   FCTL3
00000000   IE1
00000001   IE2
00000002   IFG1
00000003   IFG2
0000e69c   I_ASR
0000e6c4   I_ASR_1
0000e6b2   I_ASR_10
0000e6b0   I_ASR_11
0000e6ae   I_ASR_12
0000e6ac   I_ASR_13
0000e6aa   I_ASR_14
0000e6a8   I_ASR_15
0000e6c2   I_ASR_2
0000e6c0   I_ASR_3
0000e6be   I_ASR_4
0000e6bc   I_ASR_5
0000e6ba   I_ASR_6
0000e6b8   I_ASR_7
0000e6b6   I_ASR_8
0000e6b4   I_ASR_9
0000e068   I_LSR
0000e0ae   I_LSR_1
0000e08a   I_LSR_10
0000e086   I_LSR_11
0000e082   I_LSR_12
0000e07e   I_LSR_13
0000e07a   I_LSR_14
0000e076   I_LSR_15
0000e0aa   I_LSR_2
0000e0a6   I_LSR_3
0000e0a2   I_LSR_4
0000e09e   I_LSR_5
0000e09a   I_LSR_6
0000e096   I_LSR_7
0000e092   I_LSR_8
0000e08e   I_LSR_9
0000e98c   MRFI_DelayMs
0000eb3e   MRFI_GetRadioState
0000c89c   MRFI_Init
0000eaf6   MRFI_PostKillSem
0000e9a4   MRFI_RandomByte
0000eb02   MRFI_Receive
0000e0fe   MRFI_Rssi
0000e3d6   MRFI_RxAddrIsFiltered
0000e89a   MRFI_RxCompleteISR
0000e146   MRFI_RxIdle
0000e522   MRFI_RxOn
0000dd52   MRFI_SetLogicalChannel
0000dcec   MRFI_SetRFPwr
0000e8ba   MRFI_Sleep
0000cbb4   MRFI_Transmit
0000de7e   MRFI_WakeUp
000000c0   OA0CTL0
000000c1   OA0CTL1
000000c2   OA1CTL0
000000c3   OA1CTL1
00000022   P1DIR
00000025   P1IE
00000024   P1IES
00000023   P1IFG
00000020   P1IN
00000021   P1OUT
00000027   P1REN
00000026   P1SEL
0000002a   P2DIR
0000002d   P2IE
0000002c   P2IES
0000002b   P2IFG
00000028   P2IN
00000029   P2OUT
0000002f   P2REN
0000002e   P2SEL
0000001a   P3DIR
00000018   P3IN
00000019   P3OUT
00000010   P3REN
0000001b   P3SEL
0000001e   P4DIR
0000001c   P4IN
0000001d   P4OUT
00000011   P4REN
0000001f   P4SEL
0000e670   SMPL_Init
0000cf6e   SMPL_Ioctl
0000dba8   SMPL_LinkListen
0000ddb6   SMPL_ReceiveWithAddr
00000172   TACCR0
00000174   TACCR1
00000176   TACCR2
00000162   TACCTL0
00000164   TACCTL1
00000166   TACCTL2
00000160   TACTL
0000012e   TAIV
00000170   TAR
00000192   TBCCR0
00000194   TBCCR1
00000196   TBCCR2
00000182   TBCCTL0
00000184   TBCCTL1
00000186   TBCCTL2
00000180   TBCTL
0000011e   TBIV
00000190   TBR
0000e9ba   TXString
0000eb44   Timer_A
0000005d   UCA0ABCTL
00000062   UCA0BR0
00000063   UCA0BR1
00000060   UCA0CTL0
00000061   UCA0CTL1
0000005f   UCA0IRRCTL
0000005e   UCA0IRTCTL
00000064   UCA0MCTL
00000066   UCA0RXBUF
00000065   UCA0STAT
00000067   UCA0TXBUF
0000006a   UCB0BR0
0000006b   UCB0BR1
00000068   UCB0CTL0
00000069   UCB0CTL1
0000006c   UCB0I2CIE
00000118   UCB0I2COA
0000011a   UCB0I2CSA
0000006e   UCB0RXBUF
0000006d   UCB0STAT
0000006f   UCB0TXBUF
0000dfca   USCI0RX_ISR
00000120   WDTCTL
00000600   __STACK_END
00000050   __STACK_SIZE
00000001   __TI_args_main
00000001   __TI_auto_init
00000001   __TI_exit
ffffffff   __binit__
00000200   __bss__
ffffffff   __c_args__
0000ed94   __cinit__
0000e6c8   __divi
0000e9e6   __divu
0000052d   __end__
0000eb86   __etext__
0000e4b8   __fs_itof
0000d40c   __fs_mpy
0000dc84   __fs_toi
0000ea3a   __mpyi
ffffffff   __pinit__
0000e6c8   __remi
0000e9e6   __remu
0000c650   __text__
0000e18c   _auto_init
0000e7c0   _c_int00
0000e7c0   _c_int00_noexit
00000526   _cleanup_ptr
00000528   _dtors_ptr
00000522   _lock
0000eb80   _nop
0000fffe   _reset_vector
000005b0   _stack
0000eb1a   _system_pre_init
00000524   _unlock
0000eb68   abort
ffffffff   binit
0000ed94   cinit
0000052d   end
0000eb86   etext
0000ead6   func_epilog_1
0000ead4   func_epilog_2
0000ead2   func_epilog_3
0000ead0   func_epilog_4
0000eace   func_epilog_5
0000eacc   func_epilog_6
0000eaca   func_epilog_7
0000d76c   isDupSandFFrame
0000c650   main
0000e832   memcmp
0000ea4e   memcpy
0000e8da   memmove
0000ea12   memset
0000ed88   mrfiBroadcastAddr
0000df26   mrfiSpiCmdStrobe
0000eb6c   nwk_NVObj
0000e956   nwk_QInit
0000e642   nwk_QadjustOrder
0000cd0e   nwk_QfindOldest
0000d898   nwk_QfindSlot
0000d920   nwk_SendEmptyPollRspFrame
0000d26a   nwk_allocateLocalRxPort
0000d6d4   nwk_buildFrame
0000e71e   nwk_checkAppMsgTID
0000e7e6   nwk_checkConnInfo
0000e8fa   nwk_connectionControl
0000e4ee   nwk_deviceAddress
0000e216   nwk_findAlreadyJoined
0000e1d2   nwk_findPeer
0000e856   nwk_frameInit
0000eb4a   nwk_freeConnection
0000eb82   nwk_freqInit
0000eb50   nwk_getBCastAddress
0000e798   nwk_getConnInfo
0000eb56   nwk_getFWVersion
0000ea60   nwk_getJoinToken
0000ea72   nwk_getLinkToken
0000e44a   nwk_getLocalLinkID
0000ea84   nwk_getMyAddress
0000eb5c   nwk_getMyRxType
0000e29a   nwk_getNextConnection
0000eb0e   nwk_getNumObjectFromMsg
0000eb70   nwk_getProtocolVersion
0000eaba   nwk_getQ
0000eb62   nwk_getSFInfoPtr
0000db34   nwk_getSandFFrame
0000e80c   nwk_globalsInit
0000d802   nwk_isConnectionValid
0000e258   nwk_isLinkDuplicate
0000e2da   nwk_isSandFClient
0000e31a   nwk_isValidReply
0000eb74   nwk_join
0000ea26   nwk_joinContext
0000e35a   nwk_joinInit
0000e584   nwk_linkInit
0000e9d0   nwk_mgmtInit
0000d9a8   nwk_nwkInit
0000eb24   nwk_pingInit
0000eb78   nwk_processFreq
0000df78   nwk_processJoin
0000d4ce   nwk_processLink
0000d346   nwk_processMgmt
0000dc16   nwk_processPing
0000eb7c   nwk_processSecurity
0000e482   nwk_putNumObjectIntoMsg
0000d636   nwk_radioControl
0000e5b4   nwk_rawReceive
0000ded2   nwk_rawSend
0000e398   nwk_replayFrame
0000eb36   nwk_resetSFMarker
0000d58a   nwk_retrieveFrame
0000de1a   nwk_saveJoinedDevice
0000eb84   nwk_securityInit
0000dab2   nwk_sendAckReply
0000e5e4   nwk_sendFrame
0000eada   nwk_setJoinContext
0000ea96   nwk_setJoinToken
0000eaa8   nwk_setLinkToken
0000eae8   nwk_setListenContext
0000e938   nwk_setMyAddress
ffffffff   pinit
0000eb86   splash
000004ee   tempOffset


GLOBAL SYMBOLS: SORTED BY Symbol Address 

address    name
--------   ----
00000000   IE1
00000001   IE2
00000001   __TI_args_main
00000001   __TI_auto_init
00000001   __TI_exit
00000002   IFG1
00000003   IFG2
00000010   P3REN
00000011   P4REN
00000018   P3IN
00000019   P3OUT
0000001a   P3DIR
0000001b   P3SEL
0000001c   P4IN
0000001d   P4OUT
0000001e   P4DIR
0000001f   P4SEL
00000020   P1IN
00000021   P1OUT
00000022   P1DIR
00000023   P1IFG
00000024   P1IES
00000025   P1IE
00000026   P1SEL
00000027   P1REN
00000028   P2IN
00000029   P2OUT
0000002a   P2DIR
0000002b   P2IFG
0000002c   P2IES
0000002d   P2IE
0000002e   P2SEL
0000002f   P2REN
00000048   ADC10DTC0
00000049   ADC10DTC1
0000004a   ADC10AE0
0000004b   ADC10AE1
00000050   __STACK_SIZE
00000053   BCSCTL3
00000056   DCOCTL
00000057   BCSCTL1
00000058   BCSCTL2
0000005d   UCA0ABCTL
0000005e   UCA0IRTCTL
0000005f   UCA0IRRCTL
00000060   UCA0CTL0
00000061   UCA0CTL1
00000062   UCA0BR0
00000063   UCA0BR1
00000064   UCA0MCTL
00000065   UCA0STAT
00000066   UCA0RXBUF
00000067   UCA0TXBUF
00000068   UCB0CTL0
00000069   UCB0CTL1
0000006a   UCB0BR0
0000006b   UCB0BR1
0000006c   UCB0I2CIE
0000006d   UCB0STAT
0000006e   UCB0RXBUF
0000006f   UCB0TXBUF
000000c0   OA0CTL0
000000c1   OA0CTL1
000000c2   OA1CTL0
000000c3   OA1CTL1
00000118   UCB0I2COA
0000011a   UCB0I2CSA
0000011e   TBIV
00000120   WDTCTL
00000128   FCTL1
0000012a   FCTL2
0000012c   FCTL3
0000012e   TAIV
00000160   TACTL
00000162   TACCTL0
00000164   TACCTL1
00000166   TACCTL2
00000170   TAR
00000172   TACCR0
00000174   TACCR1
00000176   TACCR2
00000180   TBCTL
00000182   TBCCTL0
00000184   TBCCTL1
00000186   TBCCTL2
00000190   TBR
00000192   TBCCR0
00000194   TBCCR1
00000196   TBCCR2
000001b0   ADC10CTL0
000001b2   ADC10CTL1
000001b4   ADC10MEM
000001bc   ADC10SA
00000200   .bss
00000200   __bss__
000004ee   tempOffset
00000522   _lock
00000524   _unlock
00000526   _cleanup_ptr
00000528   _dtors_ptr
0000052d   __end__
0000052d   end
000005b0   _stack
00000600   __STACK_END
000010f8   CALDCO_16MHZ
000010f9   CALBC1_16MHZ
000010fa   CALDCO_12MHZ
000010fb   CALBC1_12MHZ
000010fc   CALDCO_8MHZ
000010fd   CALBC1_8MHZ
000010fe   CALDCO_1MHZ
000010ff   CALBC1_1MHZ
0000c650   .text
0000c650   __text__
0000c650   main
0000c89c   MRFI_Init
0000cbb4   MRFI_Transmit
0000cd0e   nwk_QfindOldest
0000cf6e   SMPL_Ioctl
0000d26a   nwk_allocateLocalRxPort
0000d346   nwk_processMgmt
0000d40c   __fs_mpy
0000d4ce   nwk_processLink
0000d58a   nwk_retrieveFrame
0000d636   nwk_radioControl
0000d6d4   nwk_buildFrame
0000d76c   isDupSandFFrame
0000d802   nwk_isConnectionValid
0000d898   nwk_QfindSlot
0000d920   nwk_SendEmptyPollRspFrame
0000d9a8   nwk_nwkInit
0000dab2   nwk_sendAckReply
0000db34   nwk_getSandFFrame
0000dba8   SMPL_LinkListen
0000dc16   nwk_processPing
0000dc84   __fs_toi
0000dcec   MRFI_SetRFPwr
0000dd52   MRFI_SetLogicalChannel
0000ddb6   SMPL_ReceiveWithAddr
0000de1a   nwk_saveJoinedDevice
0000de7e   MRFI_WakeUp
0000ded2   nwk_rawSend
0000df26   mrfiSpiCmdStrobe
0000df78   nwk_processJoin
0000dfca   USCI0RX_ISR
0000e068   I_LSR
0000e076   I_LSR_15
0000e07a   I_LSR_14
0000e07e   I_LSR_13
0000e082   I_LSR_12
0000e086   I_LSR_11
0000e08a   I_LSR_10
0000e08e   I_LSR_9
0000e092   I_LSR_8
0000e096   I_LSR_7
0000e09a   I_LSR_6
0000e09e   I_LSR_5
0000e0a2   I_LSR_4
0000e0a6   I_LSR_3
0000e0aa   I_LSR_2
0000e0ae   I_LSR_1
0000e0b4   BSP_InitBoard
0000e0fe   MRFI_Rssi
0000e146   MRFI_RxIdle
0000e18c   _auto_init
0000e1d2   nwk_findPeer
0000e216   nwk_findAlreadyJoined
0000e258   nwk_isLinkDuplicate
0000e29a   nwk_getNextConnection
0000e2da   nwk_isSandFClient
0000e31a   nwk_isValidReply
0000e35a   nwk_joinInit
0000e398   nwk_replayFrame
0000e3d6   MRFI_RxAddrIsFiltered
0000e44a   nwk_getLocalLinkID
0000e482   nwk_putNumObjectIntoMsg
0000e4b8   __fs_itof
0000e4ee   nwk_deviceAddress
0000e522   MRFI_RxOn
0000e554   BSP_GpioPort1Isr
0000e584   nwk_linkInit
0000e5b4   nwk_rawReceive
0000e5e4   nwk_sendFrame
0000e642   nwk_QadjustOrder
0000e670   SMPL_Init
0000e69c   I_ASR
0000e6a8   I_ASR_15
0000e6aa   I_ASR_14
0000e6ac   I_ASR_13
0000e6ae   I_ASR_12
0000e6b0   I_ASR_11
0000e6b2   I_ASR_10
0000e6b4   I_ASR_9
0000e6b6   I_ASR_8
0000e6b8   I_ASR_7
0000e6ba   I_ASR_6
0000e6bc   I_ASR_5
0000e6be   I_ASR_4
0000e6c0   I_ASR_3
0000e6c2   I_ASR_2
0000e6c4   I_ASR_1
0000e6c8   __divi
0000e6c8   __remi
0000e71e   nwk_checkAppMsgTID
0000e748   COM_Init
0000e798   nwk_getConnInfo
0000e7c0   _c_int00
0000e7c0   _c_int00_noexit
0000e7e6   nwk_checkConnInfo
0000e80c   nwk_globalsInit
0000e832   memcmp
0000e856   nwk_frameInit
0000e87a   BSP_Init
0000e89a   MRFI_RxCompleteISR
0000e8ba   MRFI_Sleep
0000e8da   memmove
0000e8fa   nwk_connectionControl
0000e91a   BSP_Delay
0000e938   nwk_setMyAddress
0000e956   nwk_QInit
0000e972   BSP_InitDrivers
0000e98c   MRFI_DelayMs
0000e9a4   MRFI_RandomByte
0000e9ba   TXString
0000e9d0   nwk_mgmtInit
0000e9e6   __divu
0000e9e6   __remu
0000ea12   memset
0000ea26   nwk_joinContext
0000ea3a   __mpyi
0000ea4e   memcpy
0000ea60   nwk_getJoinToken
0000ea72   nwk_getLinkToken
0000ea84   nwk_getMyAddress
0000ea96   nwk_setJoinToken
0000eaa8   nwk_setLinkToken
0000eaba   nwk_getQ
0000eaca   func_epilog_7
0000eacc   func_epilog_6
0000eace   func_epilog_5
0000ead0   func_epilog_4
0000ead2   func_epilog_3
0000ead4   func_epilog_2
0000ead6   func_epilog_1
0000eada   nwk_setJoinContext
0000eae8   nwk_setListenContext
0000eaf6   MRFI_PostKillSem
0000eb02   MRFI_Receive
0000eb0e   nwk_getNumObjectFromMsg
0000eb1a   _system_pre_init
0000eb24   nwk_pingInit
0000eb2e   ADC10_ISR
0000eb36   nwk_resetSFMarker
0000eb3e   MRFI_GetRadioState
0000eb44   Timer_A
0000eb4a   nwk_freeConnection
0000eb50   nwk_getBCastAddress
0000eb56   nwk_getFWVersion
0000eb5c   nwk_getMyRxType
0000eb62   nwk_getSFInfoPtr
0000eb68   C$$EXIT
0000eb68   abort
0000eb6c   nwk_NVObj
0000eb70   nwk_getProtocolVersion
0000eb74   nwk_join
0000eb78   nwk_processFreq
0000eb7c   nwk_processSecurity
0000eb80   _nop
0000eb82   nwk_freqInit
0000eb84   nwk_securityInit
0000eb86   __etext__
0000eb86   etext
0000eb86   splash
0000ed88   mrfiBroadcastAddr
0000ed94   __cinit__
0000ed94   cinit
0000fffe   _reset_vector
ffffffff   __binit__
ffffffff   __c_args__
ffffffff   __pinit__
ffffffff   binit
ffffffff   pinit

[282 symbols]
