******************************************************************************
                  MSP430 Linker PC v4.1.1                      
******************************************************************************
>> Linked Mon Apr 08 18:18:23 2013

OUTPUT FILE NAME:   <eZ430-RF2500_WSM.out>
ENTRY POINT SYMBOL: "_c_int00"  address: 0000a93a


MEMORY CONFIGURATION

         name            origin    length      used     unused   attr    fill
----------------------  --------  ---------  --------  --------  ----  --------
  SFR                   00000000   00000010  00000000  00000010  RWIX
  PERIPHERALS_8BIT      00000010   000000f0  00000000  000000f0  RWIX
  PERIPHERALS_16BIT     00000100   00000100  00000000  00000100  RWIX
  RAM                   00000200   00000400  00000209  000001f7  RWIX
  INFOD                 00001000   00000040  00000000  00000040  RWIX
  INFOC                 00001040   00000040  00000000  00000040  RWIX
  INFOB                 00001080   00000040  00000000  00000040  RWIX
  INFOA                 000010c0   00000040  00000000  00000040  RWIX
  FLASH                 00008000   00007fde  00002f1f  000050bf  RWIX
  INT00                 0000ffe0   00000002  00000000  00000002  RWIX
  INT01                 0000ffe2   00000002  00000000  00000002  RWIX
  INT02                 0000ffe4   00000002  00000000  00000002  RWIX
  INT03                 0000ffe6   00000002  00000002  00000000  RWIX
  INT04                 0000ffe8   00000002  00000000  00000002  RWIX
  INT05                 0000ffea   00000002  00000002  00000000  RWIX
  INT06                 0000ffec   00000002  00000000  00000002  RWIX
  INT07                 0000ffee   00000002  00000000  00000002  RWIX
  INT08                 0000fff0   00000002  00000000  00000002  RWIX
  INT09                 0000fff2   00000002  00000002  00000000  RWIX
  INT10                 0000fff4   00000002  00000000  00000002  RWIX
  INT11                 0000fff6   00000002  00000000  00000002  RWIX
  INT12                 0000fff8   00000002  00000000  00000002  RWIX
  INT13                 0000fffa   00000002  00000000  00000002  RWIX
  INT14                 0000fffc   00000002  00000000  00000002  RWIX
  RESET                 0000fffe   00000002  00000002  00000000  RWIX


SECTION ALLOCATION MAP

 output                                  attributes/
section   page    origin      length       input sections
--------  ----  ----------  ----------   ----------------
.pinit     0    00008000    00000000     UNINITIALIZED

.bss       0    00000200    000001b9     UNINITIALIZED
                  00000200    00000108     nwk_QMgmt.obj (.bss)
                  00000308    0000004e     mrfi.obj (.bss)
                  00000356    00000029     nwk.obj (.bss)
                  0000037f    00000001     bsp.obj (.bss)
                  00000380    0000000a     main_ED.obj (.bss)
                  0000038a    0000000a     nwk_link.obj (.bss)
                  00000394    00000009     nwk_globals.obj (.bss)
                  0000039d    00000001     nwk_api.obj (.bss)
                  0000039e    00000008     nwk_frame.obj (.bss)
                  000003a6    00000007     nwk_join.obj (.bss)
                  000003ad    00000001     nwk_ping.obj (.bss)
                  000003ae    00000004     rts430.lib : _lock.obj (.bss)
                  000003b2    00000004                : boot.obj (.bss)
                  000003b6    00000003     nwk_mgmt.obj (.bss)

.stack     0    000005b0    00000050     UNINITIALIZED
                  000005b0    00000002     rts430.lib : boot.obj (.stack)
                  000005b2    0000004e     --HOLE--

.text      0    00008000    00002df0     
                  00008000    000001fe     mrfi.obj (.text:MRFI_Init)
                  000081fe    000001ea     nwk_link.obj (.text:smpl_send_link_reply)
                  000083e8    0000019a     nwk_QMgmt.obj (.text:nwk_QfindOldest)
                  00008582    00000198     nwk_link.obj (.text:nwk_link)
                  0000871a    00000196     nwk_api.obj (.text:SMPL_Ioctl)
                  000088b0    00000156     nwk_api.obj (.text:SMPL_SendOpt)
                  00008a06    0000014a     nwk.obj (.text:nwk_allocateLocalRxPort)
                  00008b50    0000011c     mrfi.obj (.text:MRFI_Transmit)
                  00008c6c    00000116     accel.obj (.text:accelSpiReadDataBytes2)
                  00008d82    00000102     nwk_join.obj (.text:nwk_join)
                  00008e84    000000fc     nwk_frame.obj (.text:nwk_retrieveFrame)
                  00008f80    000000ea     mrfi.obj (.text:Mrfi_SyncPinRxIsr)
                  0000906a    000000e8     nwk_frame.obj (.text:nwk_buildFrame)
                  00009152    000000e4     nwk_ioctl.obj (.text:nwk_radioControl)
                  00009236    000000d8     nwk_frame.obj (.text:dispatchFrame)
                  0000930e    000000d8     nwk_QMgmt.obj (.text:nwk_QfindSlot)
                  000093e6    000000d0     nwk.obj (.text:nwk_isConnectionValid)
                  000094b6    000000cc     main_ED.obj (.text:sendWithAckReq)
                  00009582    000000ac     nwk_frame.obj (.text:nwk_sendAckReply)
                  0000962e    000000a8     mrfi.obj (.text:spiBurstFifoAccess)
                  000096d6    00000088     nwk.obj (.text:nwk_nwkInit)
                  0000975e    00000088     main_ED.obj (.text:sendMessage)
                  000097e6    00000084     nwk_link.obj (.text:smpl_send_unlink_reply)
                  0000986a    00000072     nwk_ioctl.obj (.text:nwk_rawSend)
                  000098dc    00000070     mrfi.obj (.text:MRFI_RxAddrIsFiltered)
                  0000994c    0000006c     accel.obj (.text:accelInit)
                  000099b8    0000006a     accel.obj (.text:spiRegAccess)
                  00009a22    0000006a     mrfi.obj (.text:spiRegAccess)
                  00009a8c    00000068     mrfi.obj (.text:mrfiSpiCmdStrobe)
                  00009af4    00000068     nwk.obj (.text:nwk_putNumObjectIntoMsg)
                  00009b5c    00000062     nwk.obj (.text:nwk_findPeer)
                  00009bbe    00000060     main_ED.obj (.text:Port2_ISR)
                  00009c1e    0000005e     nwk.obj (.text:nwk_isLinkDuplicate)
                  00009c7c    0000005a     nwk.obj (.text:initializeConnection)
                  00009cd6    0000005a     nwk_QMgmt.obj (.text:nwk_QadjustOrder)
                  00009d30    0000005a     nwk.obj (.text:nwk_getNextConnection)
                  00009d8a    0000005a     nwk.obj (.text:nwk_isValidReply)
                  00009de4    00000058     rts430.lib : div32u.obj (.text)
                  00009e3c    00000056     nwk_mgmt.obj (.text:nwk_processMgmt)
                  00009e92    00000056     nwk_ping.obj (.text:smpl_send_ping_reply)
                  00009ee8    00000054     mrfi.obj (.text:MRFI_WakeUp)
                  00009f3c    0000004e     main_ED.obj (.text:init)
                  00009f8a    0000004e     nwk.obj (.text:map_lid2idx)
                  00009fd8    0000004e     nwk.obj (.text:nwk_getNumObjectFromMsg)
                  0000a026    0000004c     mrfi.obj (.text:MRFI_Rssi)
                  0000a072    0000004c     mrfi.obj (.text:Mrfi_CalculateRssi)
                  0000a0be    0000004c     rts430.lib : lsr16.obj (.text)
                  0000a10a    0000004a     mrfi.obj (.text:MRFI_ReplyDelay)
                  0000a154    0000004a     nwk_frame.obj (.text:nwk_buildAckReqFrame)
                  0000a19e    0000004a     nwk_ioctl.obj (.text:nwk_deviceAddress)
                  0000a1e8    00000048     nwk_frame.obj (.text:nwk_sendFrame)
                  0000a230    00000046     mrfi.obj (.text:Mrfi_DelayUsecSem)
                  0000a276    00000046     rts430.lib : autoinit.obj (.text:_auto_init)
                  0000a2bc    00000044     nwk_link.obj (.text:handleLinkRequest)
                  0000a300    00000044     main_ED.obj (.text:sendBestEffort)
                  0000a344    00000042     mrfi.obj (.text:MRFI_SetRxAddrFilter)
                  0000a386    00000042     nwk.obj (.text:nwk_getConnInfo)
                  0000a3c8    00000040     mrfi.obj (.text:Mrfi_DelayUsec)
                  0000a408    00000040     nwk_api.obj (.text:SMPL_Init)
                  0000a448    00000040     nwk.obj (.text:nwk_checkConnInfo)
                  0000a488    00000040     nwk_ioctl.obj (.text:nwk_connectionControl)
                  0000a4c8    0000003c     nwk_link.obj (.text:nwk_processLink)
                  0000a504    0000003c     nwk_ping.obj (.text:nwk_processPing)
                  0000a540    0000003c     main_ED.obj (.text:run)
                  0000a57c    00000038     nwk_ioctl.obj (.text:nwk_rawReceive)
                  0000a5b4    00000036     mrfi.obj (.text:MRFI_SetRFPwr)
                  0000a5ea    00000034     mrfi.obj (.text:MRFI_SetLogicalChannel)
                  0000a61e    00000034     nwk_join.obj (.text:nwk_processJoin)
                  0000a652    00000032     nwk_link.obj (.text:nwk_linkInit)
                  0000a684    00000030     bsp.obj (.text:BSP_Init)
                  0000a6b4    00000030     main_ED.obj (.text:link)
                  0000a6e4    0000002e     bsp.obj (.text:BSP_InitBoard)
                  0000a712    0000002e     nwk_join.obj (.text:nwk_joinInit)
                  0000a740    0000002c     mrfi.obj (.text:Mrfi_RandomBackoffDelay)
                  0000a76c    0000002c     mrfi.obj (.text:Mrfi_RxModeOff)
                  0000a798    0000002c     bsp.obj (.text:bspSpiInit)
                  0000a7c4    0000002c     nwk_globals.obj (.text:nwk_setMyAddress)
                  0000a7f0    0000002c     rts430.lib : div16s.obj (.text)
                  0000a81c    0000002c                : lsl16.obj (.text)
                  0000a848    0000002a     nwk_api.obj (.text:ioctlPreInitAccessIsOK)
                  0000a872    0000002a     main_ED.obj (.text:sendPacket)
                  0000a89c    00000028     bsp.obj (.text:BSP_Delay)
                  0000a8c4    00000028     mrfi.obj (.text:mrfiSpiWriteReg)
                  0000a8ec    00000028     nwk_frame.obj (.text:nwk_frameInit)
                  0000a914    00000026     mrfi.obj (.text:MRFI_Sleep)
                  0000a93a    00000026     rts430.lib : boot.obj (.text:_c_int00_noexit)
                  0000a960    00000026     accel.obj (.text:accelSpiReadReg)
                  0000a986    00000026     mrfi.obj (.text:mrfiSpiReadReg)
                  0000a9ac    00000026     nwk_globals.obj (.text:nwk_globalsInit)
                  0000a9d2    00000026     rts430.lib : mult32.obj (.text)
                  0000a9f8    00000024     nwk_frame.obj (.text:MRFI_RxCompleteISR)
                  0000aa1c    00000024     rts430.lib : memcmp.obj (.text:memcmp)
                  0000aa40    00000024     nwk_join.obj (.text:nwk_setJoinToken)
                  0000aa64    00000024     nwk_link.obj (.text:nwk_setLinkToken)
                  0000aa88    00000022     main_ED.obj (.text:join)
                  0000aaaa    00000020     mrfi.obj (.text:MRFI_EnableRxAddrFilter)
                  0000aaca    00000020     mrfi.obj (.text:MRFI_RxOn)
                  0000aaea    00000020     accel.obj (.text:accelSpiWriteReg)
                  0000ab0a    00000020     rts430.lib : memmov.obj (.text:memmove)
                  0000ab2a    00000020     main_ED.obj (.text:spectra)
                  0000ab4a    0000001e     mrfi.obj (.text:MRFI_RxIdle)
                  0000ab68    0000001e     nwk_QMgmt.obj (.text:nwk_QInit)
                  0000ab86    0000001c     mrfi.obj (.text:MRFI_GpioIsr)
                  0000aba2    0000001c     nwk_ping.obj (.text:handlePingRequest)
                  0000abbe    0000001c     nwk_join.obj (.text:nwk_getJoinToken)
                  0000abda    0000001c     nwk_link.obj (.text:nwk_getLinkToken)
                  0000abf6    0000001a     mrfi.obj (.text:mrfiSpiWriteTxFifo)
                  0000ac10    00000018     mrfi.obj (.text:mrfiSpiReadRxFifo)
                  0000ac28    00000016     mrfi.obj (.text:MRFI_RandomByte)
                  0000ac3e    00000016     mrfi.obj (.text:MRFI_Receive)
                  0000ac54    00000016     mrfi.obj (.text:Mrfi_RxModeOn)
                  0000ac6a    00000016     nwk_globals.obj (.text:nwk_setAPAddress)
                  0000ac80    00000016     rts430.lib : div16u.obj (.text)
                  0000ac96    00000014                : memset.obj (.text:memset)
                  0000acaa    00000014                : mult16.obj (.text)
                  0000acbe    00000012     bsp.obj (.text:BSP_InitLeds)
                  0000acd0    00000012     main_ED.obj (.text:main)
                  0000ace2    00000012     rts430.lib : memcpy.obj (.text:memcpy)
                  0000acf4    00000012     nwk_globals.obj (.text:nwk_getMyAddress)
                  0000ad06    00000010     rts430.lib : asr32.obj (.text:l_asr)
                  0000ad16    00000010     nwk.obj (.text:nwk_NVObj)
                  0000ad26    00000010     rts430.lib : epilog.obj (.text)
                  0000ad36    0000000e     nwk_api.obj (.text:SMPL_Link)
                  0000ad44    0000000e     nwk.obj (.text:nwk_freeConnection)
                  0000ad52    0000000c     mrfi.obj (.text:MRFI_PostKillSem)
                  0000ad5e    0000000c     main_ED.obj (.text:TimerA_ISR)
                  0000ad6a    0000000c     nwk_freq.obj (.text:nwk_processFreq)
                  0000ad76    0000000c     nwk_security.obj (.text:nwk_processSecurity)
                  0000ad82    0000000a     bsp.obj (.text:BSP_InitButtons)
                  0000ad8c    0000000a     bsp.obj (.text:BSP_InitDrivers)
                  0000ad96    0000000a     bsp.obj (.text:_system_pre_init)
                  0000ada0    0000000a     nwk_mgmt.obj (.text:nwk_mgmtInit)
                  0000adaa    0000000a     nwk_ping.obj (.text:nwk_pingInit)
                  0000adb4    0000000a     nwk_mgmt.obj (.text:smpl_send_mgmt_reply)
                  0000adbe    00000008     main_ED.obj (.text:ADC10_ISR)
                  0000adc6    00000006     mrfi.obj (.text:MRFI_GetRadioState)
                  0000adcc    00000006     nwk_globals.obj (.text:nwk_getBCastAddress)
                  0000add2    00000006     nwk_globals.obj (.text:nwk_getFWVersion)
                  0000add8    00000006     nwk_frame.obj (.text:nwk_getMyRxType)
                  0000adde    00000006     nwk_globals.obj (.text:nwk_getProtocolVersion)
                  0000ade4    00000004     rts430.lib : exit.obj (.text:abort)
                  0000ade8    00000002                : _lock.obj (.text:_nop)
                  0000adea    00000002     mrfi.obj (.text:mrfiSpiInit)
                  0000adec    00000002     nwk_freq.obj (.text:nwk_freqInit)
                  0000adee    00000002     nwk_security.obj (.text:nwk_securityInit)

.cinit     0    0000adf0    000000d2     
                  0000adf0    0000002f     mrfi.obj (.cinit)
                  0000ae1f    00000001     --HOLE-- [fill = 0]
                  0000ae20    00000029     main_ED.obj (.cinit)
                  0000ae49    00000001     --HOLE-- [fill = 0]
                  0000ae4a    0000001e     nwk_frame.obj (.cinit)
                  0000ae68    00000019     nwk_link.obj (.cinit)
                  0000ae81    00000001     --HOLE-- [fill = 0]
                  0000ae82    00000013     nwk_join.obj (.cinit)
                  0000ae95    00000001     --HOLE-- [fill = 0]
                  0000ae96    0000000b     nwk_mgmt.obj (.cinit)
                  0000aea1    00000001     --HOLE-- [fill = 0]
                  0000aea2    00000005     bsp.obj (.cinit)
                  0000aea7    00000001     --HOLE-- [fill = 0]
                  0000aea8    00000005     nwk.obj (.cinit)
                  0000aead    00000001     --HOLE-- [fill = 0]
                  0000aeae    00000005     nwk_api.obj (.cinit)
                  0000aeb3    00000001     --HOLE-- [fill = 0]
                  0000aeb4    00000005     nwk_globals.obj (.cinit)
                  0000aeb9    00000001     --HOLE-- [fill = 0]
                  0000aeba    00000005     nwk_ping.obj (.cinit)
                  0000aebf    00000001     --HOLE-- [fill = 0]
                  0000aec0    00000002     (.pad.cinit) [fill = 0]

.const     0    0000aec2    0000005d     
                  0000aec2    0000003c     mrfi.obj (.const:mrfiRadioCfg)
                  0000aefe    0000000c     nwk_frame.obj (.const:func)
                  0000af0a    00000009     nwk_globals.obj (.const)
                  0000af13    00000001     --HOLE-- [fill = 0]
                  0000af14    00000004     mrfi.obj (.const:.string:mrfiBroadcastAddr)
                  0000af18    00000004     mrfi.obj (.const:.string:mrfiLogicalChanTable)
                  0000af1c    00000003     mrfi.obj (.const:.string:mrfiRFPowerTable)

.int03     0    0000ffe6    00000002     
                  0000ffe6    00000002     main_ED.obj (.int03)

.int05     0    0000ffea    00000002     
                  0000ffea    00000002     main_ED.obj (.int05)

.int09     0    0000fff2    00000002     
                  0000fff2    00000002     main_ED.obj (.int09)

.reset     0    0000fffe    00000002     
                  0000fffe    00000002     rts430.lib : boot.obj (.reset)


GLOBAL SYMBOLS: SORTED ALPHABETICALLY BY Name 

address    name
--------   ----
00000200   .bss
00008000   .text
0000004a   ADC10AE0
0000004b   ADC10AE1
000001b0   ADC10CTL0
000001b2   ADC10CTL1
00000048   ADC10DTC0
00000049   ADC10DTC1
000001b4   ADC10MEM
000001bc   ADC10SA
0000adbe   ADC10_ISR
00000057   BCSCTL1
00000058   BCSCTL2
00000053   BCSCTL3
0000a89c   BSP_Delay
0000a684   BSP_Init
0000a6e4   BSP_InitBoard
0000ad82   BSP_InitButtons
0000ad8c   BSP_InitDrivers
0000acbe   BSP_InitLeds
0000ade4   C$$EXIT
000010fb   CALBC1_12MHZ
000010f9   CALBC1_16MHZ
000010ff   CALBC1_1MHZ
000010fd   CALBC1_8MHZ
000010fa   CALDCO_12MHZ
000010f8   CALDCO_16MHZ
000010fe   CALDCO_1MHZ
000010fc   CALDCO_8MHZ
00000056   DCOCTL
00000128   FCTL1
0000012a   FCTL2
0000012c   FCTL3
00000384   Flash_Addr
00000000   IE1
00000001   IE2
00000002   IFG1
00000003   IFG2
0000a81c   I_LSL
0000a844   I_LSL_1
0000a832   I_LSL_10
0000a830   I_LSL_11
0000a82e   I_LSL_12
0000a82c   I_LSL_13
0000a82a   I_LSL_14
0000a828   I_LSL_15
0000a842   I_LSL_2
0000a840   I_LSL_3
0000a83e   I_LSL_4
0000a83c   I_LSL_5
0000a83a   I_LSL_6
0000a838   I_LSL_7
0000a836   I_LSL_8
0000a834   I_LSL_9
0000a0be   I_LSR
0000a104   I_LSR_1
0000a0e0   I_LSR_10
0000a0dc   I_LSR_11
0000a0d8   I_LSR_12
0000a0d4   I_LSR_13
0000a0d0   I_LSR_14
0000a0cc   I_LSR_15
0000a100   I_LSR_2
0000a0fc   I_LSR_3
0000a0f8   I_LSR_4
0000a0f4   I_LSR_5
0000a0f0   I_LSR_6
0000a0ec   I_LSR_7
0000a0e8   I_LSR_8
0000a0e4   I_LSR_9
0000ad06   L_ASR
0000aaaa   MRFI_EnableRxAddrFilter
0000adc6   MRFI_GetRadioState
0000ab86   MRFI_GpioIsr
00008000   MRFI_Init
0000ad52   MRFI_PostKillSem
0000ac28   MRFI_RandomByte
0000ac3e   MRFI_Receive
0000a10a   MRFI_ReplyDelay
0000a026   MRFI_Rssi
000098dc   MRFI_RxAddrIsFiltered
0000a9f8   MRFI_RxCompleteISR
0000ab4a   MRFI_RxIdle
0000aaca   MRFI_RxOn
0000a5ea   MRFI_SetLogicalChannel
0000a5b4   MRFI_SetRFPwr
0000a344   MRFI_SetRxAddrFilter
0000a914   MRFI_Sleep
00008b50   MRFI_Transmit
00009ee8   MRFI_WakeUp
000000c0   OA0CTL0
000000c1   OA0CTL1
000000c2   OA1CTL0
000000c3   OA1CTL1
00000022   P1DIR
00000025   P1IE
00000024   P1IES
00000023   P1IFG
00000020   P1IN
00000021   P1OUT
00000027   P1REN
00000026   P1SEL
0000002a   P2DIR
0000002d   P2IE
0000002c   P2IES
0000002b   P2IFG
00000028   P2IN
00000029   P2OUT
0000002f   P2REN
0000002e   P2SEL
0000001a   P3DIR
00000018   P3IN
00000019   P3OUT
00000010   P3REN
0000001b   P3SEL
0000001e   P4DIR
0000001c   P4IN
0000001d   P4OUT
00000011   P4REN
0000001f   P4SEL
00009bbe   Port2_ISR
0000a408   SMPL_Init
0000871a   SMPL_Ioctl
0000ad36   SMPL_Link
000088b0   SMPL_SendOpt
00000172   TACCR0
00000174   TACCR1
00000176   TACCR2
00000162   TACCTL0
00000164   TACCTL1
00000166   TACCTL2
00000160   TACTL
0000012e   TAIV
00000170   TAR
00000192   TBCCR0
00000194   TBCCR1
00000196   TBCCR2
00000182   TBCCTL0
00000184   TBCCTL1
00000186   TBCCTL2
00000180   TBCTL
0000011e   TBIV
00000190   TBR
0000ad5e   TimerA_ISR
0000005d   UCA0ABCTL
00000062   UCA0BR0
00000063   UCA0BR1
00000060   UCA0CTL0
00000061   UCA0CTL1
0000005f   UCA0IRRCTL
0000005e   UCA0IRTCTL
00000064   UCA0MCTL
00000066   UCA0RXBUF
00000065   UCA0STAT
00000067   UCA0TXBUF
0000006a   UCB0BR0
0000006b   UCB0BR1
00000068   UCB0CTL0
00000069   UCB0CTL1
0000006c   UCB0I2CIE
00000118   UCB0I2COA
0000011a   UCB0I2CSA
0000006e   UCB0RXBUF
0000006d   UCB0STAT
0000006f   UCB0TXBUF
00000120   WDTCTL
00000600   __STACK_END
00000050   __STACK_SIZE
00000001   __TI_args_main
00000001   __TI_auto_init
00000001   __TI_exit
ffffffff   __binit__
00000200   __bss__
ffffffff   __c_args__
0000adf0   __cinit__
0000a7f0   __divi
0000ac80   __divu
00009de4   __divul
000003b9   __end__
0000adf0   __etext__
0000acaa   __mpyi
0000a9d2   __mpyl
ffffffff   __pinit__
0000a7f0   __remi
0000ac80   __remu
00009de4   __remul
00008000   __text__
0000a276   _auto_init
0000a93a   _c_int00
0000a93a   _c_int00_noexit
000003b2   _cleanup_ptr
000003b4   _dtors_ptr
000003ae   _lock
0000ade8   _nop
0000fffe   _reset_vector
000005b0   _stack
0000ad96   _system_pre_init
000003b0   _unlock
0000ade4   abort
0000994c   accelInit
00008c6c   accelSpiReadDataBytes2
0000a960   accelSpiReadReg
0000aaea   accelSpiWriteReg
ffffffff   binit
0000adf0   cinit
000003b9   end
0000adf0   etext
0000ad32   func_epilog_1
0000ad30   func_epilog_2
0000ad2e   func_epilog_3
0000ad2c   func_epilog_4
0000ad2a   func_epilog_5
0000ad28   func_epilog_6
0000ad26   func_epilog_7
0000acd0   main
0000aa1c   memcmp
0000ace2   memcpy
0000ab0a   memmove
0000ac96   memset
00000389   missedAcks
0000af14   mrfiBroadcastAddr
00009a8c   mrfiSpiCmdStrobe
0000adea   mrfiSpiInit
0000a986   mrfiSpiReadReg
0000ac10   mrfiSpiReadRxFifo
0000a8c4   mrfiSpiWriteReg
0000abf6   mrfiSpiWriteTxFifo
0000ad16   nwk_NVObj
0000ab68   nwk_QInit
00009cd6   nwk_QadjustOrder
000083e8   nwk_QfindOldest
0000930e   nwk_QfindSlot
00008a06   nwk_allocateLocalRxPort
0000a154   nwk_buildAckReqFrame
0000906a   nwk_buildFrame
0000a448   nwk_checkConnInfo
0000a488   nwk_connectionControl
0000a19e   nwk_deviceAddress
00009b5c   nwk_findPeer
0000a8ec   nwk_frameInit
0000ad44   nwk_freeConnection
0000adec   nwk_freqInit
0000adcc   nwk_getBCastAddress
0000a386   nwk_getConnInfo
0000add2   nwk_getFWVersion
0000abbe   nwk_getJoinToken
0000abda   nwk_getLinkToken
0000acf4   nwk_getMyAddress
0000add8   nwk_getMyRxType
00009d30   nwk_getNextConnection
00009fd8   nwk_getNumObjectFromMsg
0000adde   nwk_getProtocolVersion
0000a9ac   nwk_globalsInit
000093e6   nwk_isConnectionValid
00009c1e   nwk_isLinkDuplicate
00009d8a   nwk_isValidReply
00008d82   nwk_join
0000a712   nwk_joinInit
00008582   nwk_link
0000a652   nwk_linkInit
0000ada0   nwk_mgmtInit
000096d6   nwk_nwkInit
0000adaa   nwk_pingInit
0000ad6a   nwk_processFreq
0000a61e   nwk_processJoin
0000a4c8   nwk_processLink
00009e3c   nwk_processMgmt
0000a504   nwk_processPing
0000ad76   nwk_processSecurity
00009af4   nwk_putNumObjectIntoMsg
00009152   nwk_radioControl
0000a57c   nwk_rawReceive
0000986a   nwk_rawSend
00008e84   nwk_retrieveFrame
0000adee   nwk_securityInit
00009582   nwk_sendAckReply
0000a1e8   nwk_sendFrame
0000ac6a   nwk_setAPAddress
0000aa40   nwk_setJoinToken
0000aa64   nwk_setLinkToken
0000a7c4   nwk_setMyAddress
ffffffff   pinit
00000382   tempOffset


GLOBAL SYMBOLS: SORTED BY Symbol Address 

address    name
--------   ----
00000000   IE1
00000001   IE2
00000001   __TI_args_main
00000001   __TI_auto_init
00000001   __TI_exit
00000002   IFG1
00000003   IFG2
00000010   P3REN
00000011   P4REN
00000018   P3IN
00000019   P3OUT
0000001a   P3DIR
0000001b   P3SEL
0000001c   P4IN
0000001d   P4OUT
0000001e   P4DIR
0000001f   P4SEL
00000020   P1IN
00000021   P1OUT
00000022   P1DIR
00000023   P1IFG
00000024   P1IES
00000025   P1IE
00000026   P1SEL
00000027   P1REN
00000028   P2IN
00000029   P2OUT
0000002a   P2DIR
0000002b   P2IFG
0000002c   P2IES
0000002d   P2IE
0000002e   P2SEL
0000002f   P2REN
00000048   ADC10DTC0
00000049   ADC10DTC1
0000004a   ADC10AE0
0000004b   ADC10AE1
00000050   __STACK_SIZE
00000053   BCSCTL3
00000056   DCOCTL
00000057   BCSCTL1
00000058   BCSCTL2
0000005d   UCA0ABCTL
0000005e   UCA0IRTCTL
0000005f   UCA0IRRCTL
00000060   UCA0CTL0
00000061   UCA0CTL1
00000062   UCA0BR0
00000063   UCA0BR1
00000064   UCA0MCTL
00000065   UCA0STAT
00000066   UCA0RXBUF
00000067   UCA0TXBUF
00000068   UCB0CTL0
00000069   UCB0CTL1
0000006a   UCB0BR0
0000006b   UCB0BR1
0000006c   UCB0I2CIE
0000006d   UCB0STAT
0000006e   UCB0RXBUF
0000006f   UCB0TXBUF
000000c0   OA0CTL0
000000c1   OA0CTL1
000000c2   OA1CTL0
000000c3   OA1CTL1
00000118   UCB0I2COA
0000011a   UCB0I2CSA
0000011e   TBIV
00000120   WDTCTL
00000128   FCTL1
0000012a   FCTL2
0000012c   FCTL3
0000012e   TAIV
00000160   TACTL
00000162   TACCTL0
00000164   TACCTL1
00000166   TACCTL2
00000170   TAR
00000172   TACCR0
00000174   TACCR1
00000176   TACCR2
00000180   TBCTL
00000182   TBCCTL0
00000184   TBCCTL1
00000186   TBCCTL2
00000190   TBR
00000192   TBCCR0
00000194   TBCCR1
00000196   TBCCR2
000001b0   ADC10CTL0
000001b2   ADC10CTL1
000001b4   ADC10MEM
000001bc   ADC10SA
00000200   .bss
00000200   __bss__
00000382   tempOffset
00000384   Flash_Addr
00000389   missedAcks
000003ae   _lock
000003b0   _unlock
000003b2   _cleanup_ptr
000003b4   _dtors_ptr
000003b9   __end__
000003b9   end
000005b0   _stack
00000600   __STACK_END
000010f8   CALDCO_16MHZ
000010f9   CALBC1_16MHZ
000010fa   CALDCO_12MHZ
000010fb   CALBC1_12MHZ
000010fc   CALDCO_8MHZ
000010fd   CALBC1_8MHZ
000010fe   CALDCO_1MHZ
000010ff   CALBC1_1MHZ
00008000   .text
00008000   MRFI_Init
00008000   __text__
000083e8   nwk_QfindOldest
00008582   nwk_link
0000871a   SMPL_Ioctl
000088b0   SMPL_SendOpt
00008a06   nwk_allocateLocalRxPort
00008b50   MRFI_Transmit
00008c6c   accelSpiReadDataBytes2
00008d82   nwk_join
00008e84   nwk_retrieveFrame
0000906a   nwk_buildFrame
00009152   nwk_radioControl
0000930e   nwk_QfindSlot
000093e6   nwk_isConnectionValid
00009582   nwk_sendAckReply
000096d6   nwk_nwkInit
0000986a   nwk_rawSend
000098dc   MRFI_RxAddrIsFiltered
0000994c   accelInit
00009a8c   mrfiSpiCmdStrobe
00009af4   nwk_putNumObjectIntoMsg
00009b5c   nwk_findPeer
00009bbe   Port2_ISR
00009c1e   nwk_isLinkDuplicate
00009cd6   nwk_QadjustOrder
00009d30   nwk_getNextConnection
00009d8a   nwk_isValidReply
00009de4   __divul
00009de4   __remul
00009e3c   nwk_processMgmt
00009ee8   MRFI_WakeUp
00009fd8   nwk_getNumObjectFromMsg
0000a026   MRFI_Rssi
0000a0be   I_LSR
0000a0cc   I_LSR_15
0000a0d0   I_LSR_14
0000a0d4   I_LSR_13
0000a0d8   I_LSR_12
0000a0dc   I_LSR_11
0000a0e0   I_LSR_10
0000a0e4   I_LSR_9
0000a0e8   I_LSR_8
0000a0ec   I_LSR_7
0000a0f0   I_LSR_6
0000a0f4   I_LSR_5
0000a0f8   I_LSR_4
0000a0fc   I_LSR_3
0000a100   I_LSR_2
0000a104   I_LSR_1
0000a10a   MRFI_ReplyDelay
0000a154   nwk_buildAckReqFrame
0000a19e   nwk_deviceAddress
0000a1e8   nwk_sendFrame
0000a276   _auto_init
0000a344   MRFI_SetRxAddrFilter
0000a386   nwk_getConnInfo
0000a408   SMPL_Init
0000a448   nwk_checkConnInfo
0000a488   nwk_connectionControl
0000a4c8   nwk_processLink
0000a504   nwk_processPing
0000a57c   nwk_rawReceive
0000a5b4   MRFI_SetRFPwr
0000a5ea   MRFI_SetLogicalChannel
0000a61e   nwk_processJoin
0000a652   nwk_linkInit
0000a684   BSP_Init
0000a6e4   BSP_InitBoard
0000a712   nwk_joinInit
0000a7c4   nwk_setMyAddress
0000a7f0   __divi
0000a7f0   __remi
0000a81c   I_LSL
0000a828   I_LSL_15
0000a82a   I_LSL_14
0000a82c   I_LSL_13
0000a82e   I_LSL_12
0000a830   I_LSL_11
0000a832   I_LSL_10
0000a834   I_LSL_9
0000a836   I_LSL_8
0000a838   I_LSL_7
0000a83a   I_LSL_6
0000a83c   I_LSL_5
0000a83e   I_LSL_4
0000a840   I_LSL_3
0000a842   I_LSL_2
0000a844   I_LSL_1
0000a89c   BSP_Delay
0000a8c4   mrfiSpiWriteReg
0000a8ec   nwk_frameInit
0000a914   MRFI_Sleep
0000a93a   _c_int00
0000a93a   _c_int00_noexit
0000a960   accelSpiReadReg
0000a986   mrfiSpiReadReg
0000a9ac   nwk_globalsInit
0000a9d2   __mpyl
0000a9f8   MRFI_RxCompleteISR
0000aa1c   memcmp
0000aa40   nwk_setJoinToken
0000aa64   nwk_setLinkToken
0000aaaa   MRFI_EnableRxAddrFilter
0000aaca   MRFI_RxOn
0000aaea   accelSpiWriteReg
0000ab0a   memmove
0000ab4a   MRFI_RxIdle
0000ab68   nwk_QInit
0000ab86   MRFI_GpioIsr
0000abbe   nwk_getJoinToken
0000abda   nwk_getLinkToken
0000abf6   mrfiSpiWriteTxFifo
0000ac10   mrfiSpiReadRxFifo
0000ac28   MRFI_RandomByte
0000ac3e   MRFI_Receive
0000ac6a   nwk_setAPAddress
0000ac80   __divu
0000ac80   __remu
0000ac96   memset
0000acaa   __mpyi
0000acbe   BSP_InitLeds
0000acd0   main
0000ace2   memcpy
0000acf4   nwk_getMyAddress
0000ad06   L_ASR
0000ad16   nwk_NVObj
0000ad26   func_epilog_7
0000ad28   func_epilog_6
0000ad2a   func_epilog_5
0000ad2c   func_epilog_4
0000ad2e   func_epilog_3
0000ad30   func_epilog_2
0000ad32   func_epilog_1
0000ad36   SMPL_Link
0000ad44   nwk_freeConnection
0000ad52   MRFI_PostKillSem
0000ad5e   TimerA_ISR
0000ad6a   nwk_processFreq
0000ad76   nwk_processSecurity
0000ad82   BSP_InitButtons
0000ad8c   BSP_InitDrivers
0000ad96   _system_pre_init
0000ada0   nwk_mgmtInit
0000adaa   nwk_pingInit
0000adbe   ADC10_ISR
0000adc6   MRFI_GetRadioState
0000adcc   nwk_getBCastAddress
0000add2   nwk_getFWVersion
0000add8   nwk_getMyRxType
0000adde   nwk_getProtocolVersion
0000ade4   C$$EXIT
0000ade4   abort
0000ade8   _nop
0000adea   mrfiSpiInit
0000adec   nwk_freqInit
0000adee   nwk_securityInit
0000adf0   __cinit__
0000adf0   __etext__
0000adf0   cinit
0000adf0   etext
0000af14   mrfiBroadcastAddr
0000fffe   _reset_vector
ffffffff   __binit__
ffffffff   __c_args__
ffffffff   __pinit__
ffffffff   binit
ffffffff   pinit

[283 symbols]
