################################################################################
#                                                                              #
#      IAR Universal Linker V5.2.4.16                                          #
#                                                                              #
#           Link time     =  02/Apr/2013  11:36:51                             #
#           Target CPU    =  MSP430                                            #
#           List file     =  "C:\Users\flb.bwrclt61-1\Desktop\research\ME_loca #
#                            l\eZ430-RF2500\IARworkspace\ez430-rf2500_wsm\CC25 #
#                            00 Sensor Demo-Access Point\List\Sensor_Demo_AP_a #
#                            s_Data_Hub.map"                                   #
#           Output file 1 =  "C:\Users\flb.bwrclt61-1\Desktop\research\ME_loca #
#                            l\eZ430-RF2500\IARworkspace\ez430-rf2500_wsm\CC25 #
#                            00 Sensor Demo-Access Point\Exe\Sensor_Demo_AP_as #
#                            _Data_Hub.d43"                                    #
#                            Format: debug                                     #
#                            UBROF version 10.0.6                              #
#                            Using library modules for C-SPY (-rt)             #
#           Command line  =  --ks_version                                      #
#                            "C:\Users\flb.bwrclt61-1\Desktop\research\ME_loca #
#                            l\eZ430-RF2500\IARworkspace\ez430-rf2500_wsm\CC25 #
#                            00 Sensor Demo-Access Point\Obj\bsp.r43"          #
#                            "C:\Users\flb.bwrclt61-1\Desktop\research\ME_loca #
#                            l\eZ430-RF2500\IARworkspace\ez430-rf2500_wsm\CC25 #
#                            00 Sensor Demo-Access Point\Obj\main_AP.r43"      #
#                            "C:\Users\flb.bwrclt61-1\Desktop\research\ME_loca #
#                            l\eZ430-RF2500\IARworkspace\ez430-rf2500_wsm\CC25 #
#                            00 Sensor Demo-Access Point\Obj\mrfi.r43"         #
#                            "C:\Users\flb.bwrclt61-1\Desktop\research\ME_loca #
#                            l\eZ430-RF2500\IARworkspace\ez430-rf2500_wsm\CC25 #
#                            00 Sensor Demo-Access Point\Obj\nwk.r43"          #
#                            "C:\Users\flb.bwrclt61-1\Desktop\research\ME_loca #
#                            l\eZ430-RF2500\IARworkspace\ez430-rf2500_wsm\CC25 #
#                            00 Sensor Demo-Access Point\Obj\nwk_QMgmt.r43"    #
#                            "C:\Users\flb.bwrclt61-1\Desktop\research\ME_loca #
#                            l\eZ430-RF2500\IARworkspace\ez430-rf2500_wsm\CC25 #
#                            00 Sensor Demo-Access Point\Obj\nwk_api.r43"      #
#                            "C:\Users\flb.bwrclt61-1\Desktop\research\ME_loca #
#                            l\eZ430-RF2500\IARworkspace\ez430-rf2500_wsm\CC25 #
#                            00 Sensor Demo-Access Point\Obj\nwk_frame.r43"    #
#                            "C:\Users\flb.bwrclt61-1\Desktop\research\ME_loca #
#                            l\eZ430-RF2500\IARworkspace\ez430-rf2500_wsm\CC25 #
#                            00 Sensor Demo-Access Point\Obj\nwk_freq.r43"     #
#                            "C:\Users\flb.bwrclt61-1\Desktop\research\ME_loca #
#                            l\eZ430-RF2500\IARworkspace\ez430-rf2500_wsm\CC25 #
#                            00 Sensor Demo-Access Point\Obj\nwk_globals.r43"  #
#                            "C:\Users\flb.bwrclt61-1\Desktop\research\ME_loca #
#                            l\eZ430-RF2500\IARworkspace\ez430-rf2500_wsm\CC25 #
#                            00 Sensor Demo-Access Point\Obj\nwk_ioctl.r43"    #
#                            "C:\Users\flb.bwrclt61-1\Desktop\research\ME_loca #
#                            l\eZ430-RF2500\IARworkspace\ez430-rf2500_wsm\CC25 #
#                            00 Sensor Demo-Access Point\Obj\nwk_join.r43"     #
#                            "C:\Users\flb.bwrclt61-1\Desktop\research\ME_loca #
#                            l\eZ430-RF2500\IARworkspace\ez430-rf2500_wsm\CC25 #
#                            00 Sensor Demo-Access Point\Obj\nwk_link.r43"     #
#                            "C:\Users\flb.bwrclt61-1\Desktop\research\ME_loca #
#                            l\eZ430-RF2500\IARworkspace\ez430-rf2500_wsm\CC25 #
#                            00 Sensor Demo-Access Point\Obj\nwk_mgmt.r43"     #
#                            "C:\Users\flb.bwrclt61-1\Desktop\research\ME_loca #
#                            l\eZ430-RF2500\IARworkspace\ez430-rf2500_wsm\CC25 #
#                            00 Sensor Demo-Access Point\Obj\nwk_ping.r43"     #
#                            "C:\Users\flb.bwrclt61-1\Desktop\research\ME_loca #
#                            l\eZ430-RF2500\IARworkspace\ez430-rf2500_wsm\CC25 #
#                            00 Sensor Demo-Access Point\Obj\nwk_security.r43" #
#                            "C:\Users\flb.bwrclt61-1\Desktop\research\ME_loca #
#                            l\eZ430-RF2500\IARworkspace\ez430-rf2500_wsm\CC25 #
#                            00 Sensor Demo-Access Point\Obj\virtual_com_cmds. #
#                            r43"                                              #
#                            "C:\Users\flb.bwrclt61-1\Desktop\research\ME_loca #
#                            l\eZ430-RF2500\IARworkspace\ez430-rf2500_wsm\CC25 #
#                            00 Sensor Demo-Access Point\Obj\vlo_rand.r43"     #
#                            -o                                                #
#                            "C:\Users\flb.bwrclt61-1\Desktop\research\ME_loca #
#                            l\eZ430-RF2500\IARworkspace\ez430-rf2500_wsm\CC25 #
#                            00 Sensor Demo-Access Point\Exe\Sensor_Demo_AP_as #
#                            _Data_Hub.d43"                                    #
#                            -l                                                #
#                            "C:\Users\flb.bwrclt61-1\Desktop\research\ME_loca #
#                            l\eZ430-RF2500\IARworkspace\ez430-rf2500_wsm\CC25 #
#                            00 Sensor Demo-Access Point\List\Sensor_Demo_AP_a #
#                            s_Data_Hub.map"                                   #
#                            -xmsnio                                           #
#                            "-IC:\Program Files\IAR Systems\Embedded Workbenc #
#                            h 6.0 Kickstart\430\LIB\"                         #
#                            -f                                                #
#                            "C:\Program Files\IAR Systems\Embedded Workbench  #
#                            6.0 Kickstart\430\CONFIG\lnk430F2274.xcl"         #
#                            (-cmsp430 -QCODE_I=CODE_ID                        #
#                            -Z(DATA)DATA16_I,DATA16_Z,DATA16_N,TLS16_I,DATA16 #
#                            _HEAP+_DATA16_HEAP_SIZE=0200-05FF                 #
#                            -Z(DATA)CODE_I -Z(DATA)CSTACK+_STACK_SIZE#        #
#                            -Z(CONST)INFO=1000-10FF                           #
#                            -Z(CONST)INFOA=10C0-10FF                          #
#                            -Z(CONST)INFOB=1080-10BF                          #
#                            -Z(CONST)INFOC=1040-107F                          #
#                            -Z(CONST)INFOD=1000-103F                          #
#                            -Z(CONST)DATA16_C,DATA16_ID,TLS16_ID,DIFUNCT,CHEC #
#                            KSUM=8000-FFDF                                    #
#                            -Z(CODE)CSTART,ISR_CODE,CODE_ID=8000-FFDF         #
#                            -P(CODE)CODE=8000-FFDF -Z(CODE)INTVEC=FFE0-FFFF   #
#                            -Z(CODE)RESET=FFFE-FFFF) -D_STACK_SIZE=C8 -rt     #
#                            "C:\Program Files\IAR Systems\Embedded Workbench  #
#                            6.0 Kickstart\430\LIB\CLIB\cl430f.r43"            #
#                            -e_large_write=_formatted_write                   #
#                            -e_large_read=_formatted_read                     #
#                            -D_DATA16_HEAP_SIZE=0 -s __program_start          #
#                            -D_DATA20_HEAP_SIZE=50                            #
#                                                                              #
#                           Copyright (C) 1987-2011 IAR Systems AB.            #
################################################################################





                ****************************************
                *                                      *
                *           CROSS REFERENCE            *
                *                                      *
                ****************************************

       Program entry at :           8292  Relocatable, from module : ?cstart




                ****************************************
                *                                      *
                *            RUNTIME MODEL             *
                *                                      *
                ****************************************

  __SystemLibrary = CLib
  __core          = 430
  __double_size   = 32
  __pic           = no
  __reg_r4        = free
  __reg_r5        = free
  __rt_version    = 3

                ****************************************
                *                                      *
                *    AUTOMATIC SYMBOL REDIRECTIONS     *
                *                                      *
                ****************************************

                  There are no automatic symbol redirections.



                ****************************************
                *                                      *
                *              MODULE MAP              *
                *                                      *
                ****************************************


  DEFINED ABSOLUTE ENTRIES
    *************************************************************************

  DEFINED ABSOLUTE ENTRIES
  PROGRAM MODULE, NAME : ?ABS_ENTRY_MOD

Absolute parts
           ENTRY                   ADDRESS         REF BY
           =====                   =======         ======
           _DATA20_HEAP_SIZE       0050 
           _DATA16_HEAP_SIZE       0000 
           _STACK_SIZE             00C8 
    *************************************************************************

  FILE NAME : C:\Users\flb.bwrclt61-1\Desktop\research\ME_local\eZ430-RF2500\IARworkspace\ez430-rf2500_wsm\CC2500 Sensor Demo-Access Point\Obj\bsp.r43
  PROGRAM MODULE, NAME : bsp

  SEGMENTS IN THE MODULE
  ======================
DATA16_AN
  Relative segment, address: 0056 - 0056 (0x1 bytes), align: 0
  Segment part 1. ROOT.       Intra module refs:   BSP_InitBoard
           ENTRY                   ADDRESS         REF BY
           =====                   =======         ======
           DCOCTL                  0056 
    -------------------------------------------------------------------------
DATA16_AN
  Relative segment, address: 0057 - 0057 (0x1 bytes), align: 0
  Segment part 2. ROOT.       Intra module refs:   BSP_InitBoard
           ENTRY                   ADDRESS         REF BY
           =====                   =======         ======
           BCSCTL1                 0057 
    -------------------------------------------------------------------------
DATA16_AN
  Relative segment, address: 0021 - 0021 (0x1 bytes), align: 0
  Segment part 3. ROOT.       Intra module refs:   BSP_InitButtons
                                                   BSP_InitLeds
                                                   main (main_AP)
           ENTRY                   ADDRESS         REF BY
           =====                   =======         ======
           P1OUT                   0021 
    -------------------------------------------------------------------------
DATA16_AN
  Relative segment, address: 0022 - 0022 (0x1 bytes), align: 0
  Segment part 4. ROOT.       Intra module refs:   BSP_InitLeds
           ENTRY                   ADDRESS         REF BY
           =====                   =======         ======
           P1DIR                   0022 
    -------------------------------------------------------------------------
DATA16_AN
  Relative segment, address: 0027 - 0027 (0x1 bytes), align: 0
  Segment part 5. ROOT.       Intra module refs:   BSP_InitButtons
           ENTRY                   ADDRESS         REF BY
           =====                   =======         ======
           P1REN                   0027 
    -------------------------------------------------------------------------
DATA16_AN
  Relative segment, address: 0160 - 0161 (0x2 bytes), align: 0
  Segment part 6. ROOT.       Intra module refs:   BSP_InitBoard
                                                   main (main_AP)
           ENTRY                   ADDRESS         REF BY
           =====                   =======         ======
           TACTL                   0160 
    -------------------------------------------------------------------------
DATA16_AN
  Relative segment, address: 0120 - 0121 (0x2 bytes), align: 0
  Segment part 7. ROOT.       Intra module refs:   __low_level_init
           ENTRY                   ADDRESS         REF BY
           =====                   =======         ======
           WDTCTL                  0120 
    -------------------------------------------------------------------------
DATA16_AN
  Relative segment, address: 10FC - 10FC (0x1 bytes), align: 0
  Segment part 8. ROOT.       Intra module refs:   BSP_InitBoard
           ENTRY                   ADDRESS         REF BY
           =====                   =======         ======
           CALDCO_8MHZ             10FC 
    -------------------------------------------------------------------------
DATA16_AN
  Relative segment, address: 10FD - 10FD (0x1 bytes), align: 0
  Segment part 9. ROOT.       Intra module refs:   BSP_InitBoard
           ENTRY                   ADDRESS         REF BY
           =====                   =======         ======
           CALBC1_8MHZ             10FD 
    -------------------------------------------------------------------------
<CODE> 1 (was CODE)
  Relative segment, address: A1B2 - A1C9 (0x18 bytes), align: 1
  Segment part 18.
           ENTRY                   ADDRESS         REF BY
           =====                   =======         ======
           BSP_Init                A1B2            main (main_AP)
               calls direct
               CSTACK = 00000000 ( 00000004 )
    -------------------------------------------------------------------------
DATA16_Z
  Relative segment, address: 029C - 029C (0x1 bytes), align: 0
  Segment part 11.            Intra module refs:   BSP_Delay
                                                   BSP_InitBoard
           LOCAL                   ADDRESS         
           =====                   =======         
           sIterationsPerUsec      029C 
    -------------------------------------------------------------------------
<CODE> 1 (was CODE)
  Relative segment, address: A392 - A39B (0xa bytes), align: 1
  Segment part 17. ROOT.
           ENTRY                   ADDRESS         REF BY
           =====                   =======         ======
           __low_level_init        A392            ?cstart_call_low_level_init (?cstart)
               CSTACK = 00000000 ( 00000002 )
    -------------------------------------------------------------------------
<CODE> 1 (was CODE)
  Relative segment, address: A0CC - A0EB (0x20 bytes), align: 1
  Segment part 16.            Intra module refs:   BSP_Init
           ENTRY                   ADDRESS         REF BY
           =====                   =======         ======
           BSP_InitBoard           A0CC 
               CSTACK = 00000000 ( 00000002 )
    -------------------------------------------------------------------------
<CODE> 1 (was CODE)
  Relative segment, address: A088 - A0A9 (0x22 bytes), align: 1
  Segment part 15.
           ENTRY                   ADDRESS         REF BY
           =====                   =======         ======
           BSP_Delay               A088            ?Subroutine9 (mrfi)
               CSTACK = 00000000 ( 00000004 )
    -------------------------------------------------------------------------
CODE
  Segment part 14. NOT NEEDED.
           ENTRY                   ADDRESS         REF BY
           =====                   =======         ======
           BSP_InitDrivers         
               calls direct
    -------------------------------------------------------------------------
<CODE> 1 (was CODE)
  Relative segment, address: A224 - A235 (0x12 bytes), align: 1
  Segment part 13.            Intra module refs:   BSP_Init
           ENTRY                   ADDRESS         REF BY
           =====                   =======         ======
           BSP_InitLeds            A224 
               CSTACK = 00000000 ( 00000002 )
    -------------------------------------------------------------------------
<CODE> 1 (was CODE)
  Relative segment, address: A374 - A37D (0xa bytes), align: 1
  Segment part 12.            Intra module refs:   BSP_Init
           ENTRY                   ADDRESS         REF BY
           =====                   =======         ======
           BSP_InitButtons         A374 
               CSTACK = 00000000 ( 00000002 )
    -------------------------------------------------------------------------
CSTACK
  Segment part 10. NOT NEEDED.
    -------------------------------------------------------------------------
CODE
  Segment part 19. NOT NEEDED.
           ENTRY                   ADDRESS         REF BY
           =====                   =======         ======
           ?setjmp_save_r4         
    -------------------------------------------------------------------------
CODE
  Segment part 20. NOT NEEDED.
           ENTRY                   ADDRESS         REF BY
           =====                   =======         ======
           ?setjmp_save_r5         

    *************************************************************************

  FILE NAME : C:\Users\flb.bwrclt61-1\Desktop\research\ME_local\eZ430-RF2500\IARworkspace\ez430-rf2500_wsm\CC2500 Sensor Demo-Access Point\Obj\main_AP.r43
  PROGRAM MODULE, NAME : main_AP

  SEGMENTS IN THE MODULE
  ======================
DATA16_AN
  Relative segment, address: 01B0 - 01B1 (0x2 bytes), align: 0
  Segment part 1. ROOT.       Intra module refs:   main
           ENTRY                   ADDRESS         REF BY
           =====                   =======         ======
           ADC10CTL0               01B0 
    -------------------------------------------------------------------------
DATA16_AN
  Relative segment, address: 01B2 - 01B3 (0x2 bytes), align: 0
  Segment part 2. ROOT.       Intra module refs:   main
           ENTRY                   ADDRESS         REF BY
           =====                   =======         ======
           ADC10CTL1               01B2 
    -------------------------------------------------------------------------
DATA16_AN
  Relative segment, address: 01B4 - 01B5 (0x2 bytes), align: 0
  Segment part 3. ROOT.       Intra module refs:   main
           ENTRY                   ADDRESS         REF BY
           =====                   =======         ======
           ADC10MEM                01B4 
    -------------------------------------------------------------------------
DATA16_AN
  Relative segment, address: 0053 - 0053 (0x1 bytes), align: 0
  Segment part 4. ROOT.       Intra module refs:   main
           ENTRY                   ADDRESS         REF BY
           =====                   =======         ======
           BCSCTL3                 0053 
    -------------------------------------------------------------------------
DATA16_AN
  Relative segment, address: 0020 - 0020 (0x1 bytes), align: 0
  Segment part 5. ROOT.       Intra module refs:   main
           ENTRY                   ADDRESS         REF BY
           =====                   =======         ======
           P1IN                    0020 
    -------------------------------------------------------------------------
DATA16_AN
  Segment part 6. TENTATIVE. Used definition from bsp
           ENTRY                   ADDRESS         REF BY
           =====                   =======         ======
           P1OUT                   
    -------------------------------------------------------------------------
DATA16_AN
  Segment part 7. TENTATIVE. Used definition from bsp
           ENTRY                   ADDRESS         REF BY
           =====                   =======         ======
           TACTL                   
    -------------------------------------------------------------------------
DATA16_AN
  Relative segment, address: 0162 - 0163 (0x2 bytes), align: 0
  Segment part 8. ROOT.       Intra module refs:   main
           ENTRY                   ADDRESS         REF BY
           =====                   =======         ======
           TACCTL0                 0162 
    -------------------------------------------------------------------------
DATA16_AN
  Relative segment, address: 0172 - 0173 (0x2 bytes), align: 0
  Segment part 9. ROOT.       Intra module refs:   main
           ENTRY                   ADDRESS         REF BY
           =====                   =======         ======
           TACCR0                  0172 
    -------------------------------------------------------------------------
DATA16_Z
  Relative segment, address: 029D - 02A4 (0x8 bytes), align: 0
  Segment part 15.            Intra module refs:   main
           LOCAL                   ADDRESS         
           =====                   =======         
           sLID                    029D 
    -------------------------------------------------------------------------
DATA16_Z
  Relative segment, address: 02A5 - 02A5 (0x1 bytes), align: 0
  Segment part 16.            Intra module refs:   main
           LOCAL                   ADDRESS         
           =====                   =======         
           sNumCurrentPeers        02A5 
    -------------------------------------------------------------------------
DATA16_Z
  Relative segment, address: 02A6 - 02A6 (0x1 bytes), align: 0
  Segment part 17.            Intra module refs:   main
                                                   sCB
           LOCAL                   ADDRESS         
           =====                   =======         
           sPeerFrameSem           02A6 
    -------------------------------------------------------------------------
DATA16_Z
  Relative segment, address: 02A7 - 02A7 (0x1 bytes), align: 0
  Segment part 18.            Intra module refs:   main
                                                   sCB
           LOCAL                   ADDRESS         
           =====                   =======         
           sJoinSem                02A7 
    -------------------------------------------------------------------------
DATA16_Z
  Relative segment, address: 02A8 - 02A8 (0x1 bytes), align: 0
  Segment part 19.            Intra module refs:   Timer_A
                                                   main
           LOCAL                   ADDRESS         
           =====                   =======         
           sSelfMeasureSem         02A8 
    -------------------------------------------------------------------------
DATA16_Z
  Relative segment, address: 02A9 - 02A9 (0x1 bytes), align: 0
  Segment part 20.            Intra module refs:   main
                                                   sCB
           LOCAL                   ADDRESS         
           =====                   =======         
           sBlinky                 02A9 
    -------------------------------------------------------------------------
DATA16_C
  Relative segment, address: 800C - 8026 (0x1b bytes), align: 0
  Segment part 13.            Intra module refs:   main
    -------------------------------------------------------------------------
DATA16_C
  Relative segment, address: 8027 - 802D (0x7 bytes), align: 0
  Segment part 14.            Intra module refs:   main
    -------------------------------------------------------------------------
DATA16_C
  Relative segment, address: 802E - 81B9 (0x18c bytes), align: 0
  Segment part 21.            Intra module refs:   main
           ENTRY                   ADDRESS         REF BY
           =====                   =======         ======
           splash                  802E 
    -------------------------------------------------------------------------
DATA16_I
  Relative segment, address: 0200 - 0201 (0x2 bytes), align: 1
  Segment part 22.            Intra module refs:   main
           ENTRY                   ADDRESS         REF BY
           =====                   =======         ======
           tempOffset              0200 
    -------------------------------------------------------------------------
<CODE> 1 (was CODE)
  Relative segment, address: 892A - 8B01 (0x1d8 bytes), align: 1
  Segment part 27.
           ENTRY                   ADDRESS         REF BY
           =====                   =======         ======
           main                    892A            Segment part 17 (?cstart)
               calls direct and indirect
               CSTACK = 00000000 ( 0000007E )
    -------------------------------------------------------------------------
<CODE> 1 (was CODE)
  Relative segment, address: A0EC - A109 (0x1e bytes), align: 1
  Segment part 28.            Intra module refs:   main
           LOCAL                   ADDRESS         
           =====                   =======         
           ?Subroutine0            A0EC 
    -------------------------------------------------------------------------
<CODE> 1 (was CODE)
  Relative segment, address: A1E2 - A1F7 (0x16 bytes), align: 1
  Segment part 26.            Intra module refs:   main
           LOCAL                   ADDRESS         
           =====                   =======         
           sCB                     A1E2 
               CSTACK = 00000000 ( 00000002 )
    -------------------------------------------------------------------------
<CODE> 1 (was CODE)
  Relative segment, address: A3A4 - A3AB (0x8 bytes), align: 1
  Segment part 25.            Intra module refs:   ADC10_ISR::??INTVEC 10
           ENTRY                   ADDRESS         REF BY
           =====                   =======         ======
           ADC10_ISR               A3A4 
               interrupt function
               CSTACK = 00000000 ( 00000004 )
    -------------------------------------------------------------------------
<CODE> 1 (was CODE)
  Relative segment, address: A3B8 - A3BD (0x6 bytes), align: 1
  Segment part 24.            Intra module refs:   Timer_A::??INTVEC 18
           ENTRY                   ADDRESS         REF BY
           =====                   =======         ======
           Timer_A                 A3B8 
               interrupt function
               CSTACK = 00000000 ( 00000004 )
    -------------------------------------------------------------------------
INTVEC
  Common segment, address: FFE0 - FFEB (0xc bytes), align: 1
  Segment part 10. ROOT.
           ENTRY                   ADDRESS         REF BY
           =====                   =======         ======
           ADC10_ISR::??INTVEC 10
                                   FFEA 
    -------------------------------------------------------------------------
INTVEC
  Common segment, address: FFE0 - FFF3 (0x14 bytes), align: 1
  Segment part 11. ROOT.
           ENTRY                   ADDRESS         REF BY
           =====                   =======         ======
           Timer_A::??INTVEC 18    FFF2 
    -------------------------------------------------------------------------
CSTACK
  Segment part 12. NOT NEEDED.
    -------------------------------------------------------------------------
DATA16_ID
  Relative segment, address: 820A - 820B (0x2 bytes), align: 1
  Segment part 23.            Intra module refs:   tempOffset
    -------------------------------------------------------------------------
CODE
  Segment part 29. TENTATIVE. Used definition from bsp
           ENTRY                   ADDRESS         REF BY
           =====                   =======         ======
           ?setjmp_save_r4         
    -------------------------------------------------------------------------
CODE
  Segment part 30. TENTATIVE. Used definition from bsp
           ENTRY                   ADDRESS         REF BY
           =====                   =======         ======
           ?setjmp_save_r5         

    *************************************************************************

  FILE NAME : C:\Users\flb.bwrclt61-1\Desktop\research\ME_local\eZ430-RF2500\IARworkspace\ez430-rf2500_wsm\CC2500 Sensor Demo-Access Point\Obj\mrfi.r43
  PROGRAM MODULE, NAME : mrfi

  SEGMENTS IN THE MODULE
  ======================
DATA16_AN
  Relative segment, address: 0003 - 0003 (0x1 bytes), align: 0
  Segment part 1. ROOT.       Intra module refs:   MRFI_Init
                                                   TXString (virtual_com_cmds)
                                                   mrfiSpiCmdStrobe
                                                   spiBurstFifoAccess
                                                   spiRegAccess
           ENTRY                   ADDRESS         REF BY
           =====                   =======         ======
           IFG2                    0003 
    -------------------------------------------------------------------------
DATA16_AN
  Relative segment, address: 0028 - 0028 (0x1 bytes), align: 0
  Segment part 2. ROOT.       Intra module refs:   MRFI_Transmit
           ENTRY                   ADDRESS         REF BY
           =====                   =======         ======
           P2IN                    0028 
    -------------------------------------------------------------------------
DATA16_AN
  Relative segment, address: 002B - 002B (0x1 bytes), align: 0
  Segment part 3. ROOT.       Intra module refs:   MRFI_GpioIsr
                                                   MRFI_Init
                                                   MRFI_Transmit
                                                   Mrfi_RxModeOff
                                                   Mrfi_RxModeOn
           ENTRY                   ADDRESS         REF BY
           =====                   =======         ======
           P2IFG                   002B 
    -------------------------------------------------------------------------
DATA16_AN
  Relative segment, address: 002C - 002C (0x1 bytes), align: 0
  Segment part 4. ROOT.       Intra module refs:   MRFI_Init
           ENTRY                   ADDRESS         REF BY
           =====                   =======         ======
           P2IES                   002C 
    -------------------------------------------------------------------------
DATA16_AN
  Relative segment, address: 002D - 002D (0x1 bytes), align: 0
  Segment part 5. ROOT.       Intra module refs:   MRFI_GpioIsr
                                                   Mrfi_RxModeOff
                                                   Mrfi_RxModeOn
           ENTRY                   ADDRESS         REF BY
           =====                   =======         ======
           P2IE                    002D 
    -------------------------------------------------------------------------
DATA16_AN
  Relative segment, address: 002E - 002E (0x1 bytes), align: 0
  Segment part 6. ROOT.       Intra module refs:   MRFI_Init
           ENTRY                   ADDRESS         REF BY
           =====                   =======         ======
           P2SEL                   002E 
    -------------------------------------------------------------------------
DATA16_AN
  Relative segment, address: 0018 - 0018 (0x1 bytes), align: 0
  Segment part 7. ROOT.       Intra module refs:   MRFI_Init
                                                   MRFI_WakeUp
           ENTRY                   ADDRESS         REF BY
           =====                   =======         ======
           P3IN                    0018 
    -------------------------------------------------------------------------
DATA16_AN
  Relative segment, address: 0019 - 0019 (0x1 bytes), align: 0
  Segment part 8. ROOT.       Intra module refs:   MRFI_Init
                                                   MRFI_WakeUp
                                                   mrfiSpiCmdStrobe
                                                   mrfiSpiInit
                                                   spiBurstFifoAccess
                                                   spiRegAccess
           ENTRY                   ADDRESS         REF BY
           =====                   =======         ======
           P3OUT                   0019 
    -------------------------------------------------------------------------
DATA16_AN
  Relative segment, address: 001A - 001A (0x1 bytes), align: 0
  Segment part 9. ROOT.       Intra module refs:   mrfiSpiInit
           ENTRY                   ADDRESS         REF BY
           =====                   =======         ======
           P3DIR                   001A 
    -------------------------------------------------------------------------
DATA16_AN
  Relative segment, address: 001B - 001B (0x1 bytes), align: 0
  Segment part 10. ROOT.      Intra module refs:   COM_Init (virtual_com_cmds)
                                                   mrfiSpiInit
           ENTRY                   ADDRESS         REF BY
           =====                   =======         ======
           P3SEL                   001B 
    -------------------------------------------------------------------------
DATA16_AN
  Relative segment, address: 0068 - 0068 (0x1 bytes), align: 0
  Segment part 11. ROOT.      Intra module refs:   mrfiSpiCmdStrobe
                                                   mrfiSpiInit
                                                   spiBurstFifoAccess
                                                   spiRegAccess
           ENTRY                   ADDRESS         REF BY
           =====                   =======         ======
           UCB0CTL0                0068 
    -------------------------------------------------------------------------
DATA16_AN
  Relative segment, address: 0069 - 0069 (0x1 bytes), align: 0
  Segment part 12. ROOT.      Intra module refs:   mrfiSpiInit
           ENTRY                   ADDRESS         REF BY
           =====                   =======         ======
           UCB0CTL1                0069 
    -------------------------------------------------------------------------
DATA16_AN
  Relative segment, address: 006A - 006A (0x1 bytes), align: 0
  Segment part 13. ROOT.      Intra module refs:   mrfiSpiInit
           ENTRY                   ADDRESS         REF BY
           =====                   =======         ======
           UCB0BR0                 006A 
    -------------------------------------------------------------------------
DATA16_AN
  Relative segment, address: 006B - 006B (0x1 bytes), align: 0
  Segment part 14. ROOT.      Intra module refs:   mrfiSpiInit
           ENTRY                   ADDRESS         REF BY
           =====                   =======         ======
           UCB0BR1                 006B 
    -------------------------------------------------------------------------
DATA16_AN
  Relative segment, address: 006E - 006E (0x1 bytes), align: 0
  Segment part 15. ROOT.      Intra module refs:   mrfiSpiCmdStrobe
                                                   spiBurstFifoAccess
                                                   spiRegAccess
           ENTRY                   ADDRESS         REF BY
           =====                   =======         ======
           UCB0RXBUF               006E 
    -------------------------------------------------------------------------
DATA16_AN
  Relative segment, address: 006F - 006F (0x1 bytes), align: 0
  Segment part 16. ROOT.      Intra module refs:   MRFI_Init
                                                   mrfiSpiCmdStrobe
                                                   spiBurstFifoAccess
                                                   spiRegAccess
           ENTRY                   ADDRESS         REF BY
           =====                   =======         ======
           UCB0TXBUF               006F 
    -------------------------------------------------------------------------
DATA16_C
  Relative segment, address: 81BA - 81F5 (0x3c bytes), align: 0
  Segment part 19.            Intra module refs:   MRFI_Init
           LOCAL                   ADDRESS         
           =====                   =======         
           mrfiRadioCfg            81BA 
    -------------------------------------------------------------------------
DATA16_Z
  Relative segment, address: 02AA - 02AA (0x1 bytes), align: 0
  Segment part 20.            Intra module refs:   ?Subroutine13
                                                   ?Subroutine3
                                                   ?Subroutine6
                                                   MRFI_GetRadioState
                                                   MRFI_Init
                                                   MRFI_RxIdle
                                                   MRFI_RxOn
                                                   MRFI_Sleep
                                                   MRFI_Transmit
                                                   MRFI_WakeUp
           LOCAL                   ADDRESS         
           =====                   =======         
           mrfiRadioState          02AA 
    -------------------------------------------------------------------------
DATA16_Z
  Relative segment, address: 02AB - 02EA (0x40 bytes), align: 0
  Segment part 21.            Intra module refs:   MRFI_Init
                                                   MRFI_Receive
                                                   Mrfi_SyncPinRxIsr
                                                   Segment part 50
           LOCAL                   ADDRESS         
           =====                   =======         
           mrfiIncomingPacket      02AB 
    -------------------------------------------------------------------------
DATA16_Z
  Relative segment, address: 02EB - 02EB (0x1 bytes), align: 0
  Segment part 22.            Intra module refs:   MRFI_Init
                                                   MRFI_RandomByte
           LOCAL                   ADDRESS         
           =====                   =======         
           mrfiRndSeed             02EB 
    -------------------------------------------------------------------------
DATA16_Z
  Relative segment, address: 02EC - 02EC (0x1 bytes), align: 0
  Segment part 23.            Intra module refs:   MRFI_PostKillSem
           LOCAL                   ADDRESS         
           =====                   =======         
           sKillSem                02EC 
    -------------------------------------------------------------------------
DATA16_Z
  Relative segment, address: 02ED - 02ED (0x1 bytes), align: 0
  Segment part 24.            Intra module refs:   MRFI_PostKillSem
           LOCAL                   ADDRESS         
           =====                   =======         
           sReplyDelayContext      02ED 
    -------------------------------------------------------------------------
DATA16_Z
  Relative segment, address: 0288 - 0289 (0x2 bytes), align: 1
  Segment part 25.            Intra module refs:   MRFI_Init
           LOCAL                   ADDRESS         
           =====                   =======         
           sReplyDelayScalar       0288 
    -------------------------------------------------------------------------
DATA16_Z
  Relative segment, address: 028A - 028B (0x2 bytes), align: 1
  Segment part 26.            Intra module refs:   MRFI_Init
                                                   MRFI_Transmit
           LOCAL                   ADDRESS         
           =====                   =======         
           sBackoffHelper          028A 
    -------------------------------------------------------------------------
DATA16_C
  Relative segment, address: 81F6 - 81F9 (0x4 bytes), align: 0
  Segment part 27.            Intra module refs:   MRFI_RxAddrIsFiltered
           ENTRY                   ADDRESS         REF BY
           =====                   =======         ======
           mrfiBroadcastAddr       81F6            nwk_getBCastAddress (nwk_globals)
    -------------------------------------------------------------------------
DATA16_C
  Relative segment, address: 81FA - 81FD (0x4 bytes), align: 0
  Segment part 28.            Intra module refs:   MRFI_SetLogicalChannel
           LOCAL                   ADDRESS         
           =====                   =======         
           mrfiLogicalChanTable    81FA 
    -------------------------------------------------------------------------
DATA16_C
  Relative segment, address: 81FE - 8200 (0x3 bytes), align: 0
  Segment part 29.            Intra module refs:   MRFI_SetRFPwr
           LOCAL                   ADDRESS         
           =====                   =======         
           mrfiRFPowerTable        81FE 
    -------------------------------------------------------------------------
DATA16_Z
  Relative segment, address: 02EE - 02EE (0x1 bytes), align: 0
  Segment part 30.            Intra module refs:   MRFI_RxAddrIsFiltered
           LOCAL                   ADDRESS         
           =====                   =======         
           mrfiRxFilterEnabled     02EE 
    -------------------------------------------------------------------------
DATA16_I
  Relative segment, address: 0202 - 0205 (0x4 bytes), align: 0
  Segment part 31.            Intra module refs:   MRFI_RxAddrIsFiltered
           LOCAL                   ADDRESS         
           =====                   =======         
           mrfiRxFilterAddr        0202 
    -------------------------------------------------------------------------
<CODE> 1 (was CODE)
  Relative segment, address: 82C2 - 82FF (0x3e bytes), align: 1
  Segment part 34.            Intra module refs:   Mrfi_SyncPinRxIsr
           ENTRY                   ADDRESS         REF BY
           =====                   =======         ======
           MRFI_RxAddrIsFiltered   82C2 
               CSTACK = 00000000 ( 00000006 )
    -------------------------------------------------------------------------
<CODE> 1 (was CODE)
  Relative segment, address: 8300 - 8315 (0x16 bytes), align: 1
  Segment part 35.            Intra module refs:   ?Subroutine11
                                                   MRFI_Init
                                                   MRFI_Sleep
                                                   MRFI_Transmit
                                                   Mrfi_RxModeOff
                                                   Mrfi_RxModeOn
                                                   Mrfi_SyncPinRxIsr
           ENTRY                   ADDRESS         REF BY
           =====                   =======         ======
           mrfiSpiCmdStrobe        8300 
               CSTACK = 00000000 ( 00000002 )
    -------------------------------------------------------------------------
<CODE> 1 (was CODE)
  Relative segment, address: 8316 - 831D (0x8 bytes), align: 1
  Segment part 36.            Intra module refs:   mrfiSpiCmdStrobe
                                                   spiRegAccess
           LOCAL                   ADDRESS         
           =====                   =======         
           ?Subroutine0            8316 
    -------------------------------------------------------------------------
<CODE> 1 (was CODE)
  Relative segment, address: 831E - 8325 (0x8 bytes), align: 1
  Segment part 37.            Intra module refs:   ?Subroutine0
                                                   spiBurstFifoAccess
    -------------------------------------------------------------------------
<CODE> 1 (was CODE)
  Relative segment, address: 8326 - 837F (0x5a bytes), align: 1
  Segment part 38.            Intra module refs:   mrfiSpiReadRxFifo
                                                   mrfiSpiWriteTxFifo
           LOCAL                   ADDRESS         
           =====                   =======         
           spiBurstFifoAccess      8326 
               CSTACK = 00000000 ( 00000002 )
    -------------------------------------------------------------------------
<CODE> 1 (was CODE)
  Relative segment, address: 8380 - 8383 (0x4 bytes), align: 1
  Segment part 39.            Intra module refs:   mrfiSpiCmdStrobe
                                                   spiBurstFifoAccess
                                                   spiRegAccess
           LOCAL                   ADDRESS         
           =====                   =======         
           ?Subroutine4            8380 
    -------------------------------------------------------------------------
<CODE> 1 (was CODE)
  Relative segment, address: 8384 - 838D (0xa bytes), align: 1
  Segment part 40.            Intra module refs:   ?Subroutine4
                                                   MRFI_Init
                                                   spiBurstFifoAccess
           LOCAL                   ADDRESS         
           =====                   =======         
           ?Subroutine19           8384 
    -------------------------------------------------------------------------
<CODE> 1 (was CODE)
  Relative segment, address: 838E - 8397 (0xa bytes), align: 1
  Segment part 41.            Intra module refs:   Mrfi_SyncPinRxIsr
           ENTRY                   ADDRESS         REF BY
           =====                   =======         ======
           mrfiSpiReadRxFifo       838E 
               calls direct
               CSTACK = 00000000 ( 00000002 )
    -------------------------------------------------------------------------
<CODE> 1 (was CODE)
  Relative segment, address: 8398 - 83AD (0x16 bytes), align: 1
  Segment part 42.            Intra module refs:   mrfiSpiReadReg
                                                   mrfiSpiWriteReg
           LOCAL                   ADDRESS         
           =====                   =======         
           spiRegAccess            8398 
               CSTACK = 00000000 ( 00000002 )
    -------------------------------------------------------------------------
<CODE> 1 (was CODE)
  Relative segment, address: 83AE - 83B5 (0x8 bytes), align: 1
  Segment part 43.            Intra module refs:   ?Subroutine0
                                                   MRFI_Init
                                                   spiBurstFifoAccess
                                                   spiRegAccess
           LOCAL                   ADDRESS         
           =====                   =======         
           ?Subroutine12           83AE 
    -------------------------------------------------------------------------
<CODE> 1 (was CODE)
  Relative segment, address: 83B6 - 83C3 (0xe bytes), align: 1
  Segment part 44.            Intra module refs:   mrfiSpiCmdStrobe
                                                   spiRegAccess
           LOCAL                   ADDRESS         
           =====                   =======         
           ?Subroutine8            83B6 
    -------------------------------------------------------------------------
<CODE> 1 (was CODE)
  Relative segment, address: 83C4 - 83D3 (0x10 bytes), align: 1
  Segment part 45.            Intra module refs:   ?Subroutine8
                                                   spiBurstFifoAccess
           LOCAL                   ADDRESS         
           =====                   =======         
           ?Subroutine18           83C4 
    -------------------------------------------------------------------------
<CODE> 1 (was CODE)
  Relative segment, address: 83D4 - 83E7 (0x14 bytes), align: 1
  Segment part 46.            Intra module refs:   ?Subroutine14
                                                   MRFI_Init
                                                   MRFI_Rssi
                                                   Mrfi_SyncPinRxIsr
           ENTRY                   ADDRESS         REF BY
           =====                   =======         ======
           mrfiSpiReadReg          83D4 
               calls direct
               CSTACK = 00000000 ( 00000002 )
    -------------------------------------------------------------------------
<CODE> 1 (was CODE)
  Relative segment, address: 83E8 - 83F1 (0xa bytes), align: 1
  Segment part 47.            Intra module refs:   ?Subroutine5
                                                   mrfiSpiCmdStrobe
                                                   mrfiSpiReadReg
           LOCAL                   ADDRESS         
           =====                   =======         
           ?Subroutine17           83E8 
    -------------------------------------------------------------------------
<CODE> 1 (was CODE)
  Relative segment, address: 83F2 - 84AD (0xbc bytes), align: 1
  Segment part 48.            Intra module refs:   MRFI_GpioIsr
           LOCAL                   ADDRESS         
           =====                   =======         
           Mrfi_SyncPinRxIsr       83F2 
               calls direct and indirect
               CSTACK = 00000000 ( 00000008 )
    -------------------------------------------------------------------------
<CODE> 1 (was CODE)
  Relative segment, address: 84AE - 84B1 (0x4 bytes), align: 1
  Segment part 49.            Intra module refs:   MRFI_Init
                                                   Mrfi_SyncPinRxIsr
           LOCAL                   ADDRESS         
           =====                   =======         
           ?Subroutine15           84AE 
    -------------------------------------------------------------------------
<CODE> 1 (was CODE)
  Relative segment, address: 84B2 - 84BB (0xa bytes), align: 1
  Segment part 50.            Intra module refs:   ?Subroutine15
                                                   MRFI_Init
    -------------------------------------------------------------------------
<CODE> 1 (was CODE)
  Relative segment, address: 84BC - 84D5 (0x1a bytes), align: 1
  Segment part 51.            Intra module refs:   BSP_GpioPort1Isr
           ENTRY                   ADDRESS         REF BY
           =====                   =======         ======
           MRFI_GpioIsr            84BC 
               calls direct
               CSTACK = 00000000 ( 00000002 )
    -------------------------------------------------------------------------
<CODE> 1 (was CODE)
  Relative segment, address: 84D6 - 84EB (0x16 bytes), align: 1
  Segment part 52.            Intra module refs:   BSP_GpioPort1Isr::??INTVEC 6
           ENTRY                   ADDRESS         REF BY
           =====                   =======         ======
           BSP_GpioPort1Isr        84D6 
               interrupt function
               calls direct
               CSTACK = 00000000 ( 0000000C )
    -------------------------------------------------------------------------
<CODE> 1 (was CODE)
  Relative segment, address: 84EC - 84FD (0x12 bytes), align: 1
  Segment part 53.            Intra module refs:   ?Subroutine13
                                                   MRFI_Init
                                                   MRFI_Transmit
                                                   MRFI_WakeUp
           ENTRY                   ADDRESS         REF BY
           =====                   =======         ======
           mrfiSpiWriteReg         84EC 
               calls direct
               CSTACK = 00000000 ( 00000002 )
    -------------------------------------------------------------------------
CODE
  Segment part 54. NOT NEEDED.
           ENTRY                   ADDRESS         REF BY
           =====                   =======         ======
           MRFI_DisableRxAddrFilter
                                   
               calls direct
    -------------------------------------------------------------------------
CODE
  Segment part 55. NOT NEEDED.
           ENTRY                   ADDRESS         REF BY
           =====                   =======         ======
           MRFI_EnableRxAddrFilter
                                   
               calls direct
    -------------------------------------------------------------------------
<CODE> 1 (was CODE)
  Relative segment, address: 84FE - 8507 (0xa bytes), align: 1
  Segment part 56.            Intra module refs:   MRFI_Transmit
                                                   spiBurstFifoAccess
           LOCAL                   ADDRESS         
           =====                   =======         
           ?Subroutine7            84FE 
    -------------------------------------------------------------------------
CODE
  Segment part 57. NOT NEEDED.
           ENTRY                   ADDRESS         REF BY
           =====                   =======         ======
           MRFI_SetRxAddrFilter    
               calls direct
    -------------------------------------------------------------------------
<CODE> 1 (was CODE)
  Relative segment, address: 8508 - 851B (0x14 bytes), align: 1
  Segment part 58.            Intra module refs:   ?Subroutine13
                                                   MRFI_RxOn
           LOCAL                   ADDRESS         
           =====                   =======         
           Mrfi_RxModeOn           8508 
               calls direct
               CSTACK = 00000000 ( 00000002 )
    -------------------------------------------------------------------------
<CODE> 1 (was CODE)
  Relative segment, address: 851C - 852D (0x12 bytes), align: 1
  Segment part 59.            Intra module refs:   ?Subroutine5
                                                   MRFI_Init
                                                   MRFI_RxIdle
                                                   MRFI_Transmit
           LOCAL                   ADDRESS         
           =====                   =======         
           Mrfi_RxModeOff          851C 
               calls direct
               CSTACK = 00000000 ( 00000002 )
    -------------------------------------------------------------------------
<CODE> 1 (was CODE)
  Relative segment, address: 852E - 8535 (0x8 bytes), align: 1
  Segment part 60.            Intra module refs:   MRFI_GpioIsr
                                                   MRFI_Init
                                                   MRFI_Transmit
                                                   Mrfi_RxModeOff
                                                   Mrfi_RxModeOn
           LOCAL                   ADDRESS         
           =====                   =======         
           ?Subroutine16           852E 
    -------------------------------------------------------------------------
<CODE> 1 (was CODE)
  Relative segment, address: 8536 - 8547 (0x12 bytes), align: 1
  Segment part 61.            Intra module refs:   MRFI_Init
           ENTRY                   ADDRESS         REF BY
           =====                   =======         ======
           MRFI_SetRFPwr           8536            nwk_radioControl (nwk_ioctl)
               calls direct
               CSTACK = 00000000 ( 00000002 )
    -------------------------------------------------------------------------
<CODE> 1 (was CODE)
  Relative segment, address: 8548 - 8559 (0x12 bytes), align: 1
  Segment part 62.            Intra module refs:   MRFI_SetLogicalChannel
                                                   MRFI_SetRFPwr
                                                   MRFI_Transmit
           LOCAL                   ADDRESS         
           =====                   =======         
           ?Subroutine13           8548 
    -------------------------------------------------------------------------
<CODE> 1 (was CODE)
  Relative segment, address: 855A - 856B (0x12 bytes), align: 1
  Segment part 63.            Intra module refs:   MRFI_Init
           ENTRY                   ADDRESS         REF BY
           =====                   =======         ======
           MRFI_SetLogicalChannel
                                   855A 
               calls direct
               CSTACK = 00000000 ( 00000002 )
    -------------------------------------------------------------------------
<CODE> 1 (was CODE)
  Relative segment, address: 856C - 8573 (0x8 bytes), align: 1
  Segment part 64.            Intra module refs:   MRFI_SetLogicalChannel
                                                   MRFI_SetRFPwr
           LOCAL                   ADDRESS         
           =====                   =======         
           ?Subroutine5            856C 
    -------------------------------------------------------------------------
<CODE> 1 (was CODE)
  Relative segment, address: 8574 - 857F (0xc bytes), align: 1
  Segment part 65.            Intra module refs:   MRFI_Transmit
           ENTRY                   ADDRESS         REF BY
           =====                   =======         ======
           mrfiSpiWriteTxFifo      8574 
               calls direct
               CSTACK = 00000000 ( 00000002 )
    -------------------------------------------------------------------------
<CODE> 1 (was CODE)
  Relative segment, address: 8580 - 85B3 (0x34 bytes), align: 1
  Segment part 66.            Intra module refs:   MRFI_Init
           ENTRY                   ADDRESS         REF BY
           =====                   =======         ======
           mrfiSpiInit             8580 
               CSTACK = 00000000 ( 00000002 )
    -------------------------------------------------------------------------
<CODE> 1 (was CODE)
  Relative segment, address: 85B4 - 85B9 (0x6 bytes), align: 1
  Segment part 67.
           ENTRY                   ADDRESS         REF BY
           =====                   =======         ======
           MRFI_GetRadioState      85B4            SMPL_LinkListen (nwk_api)
               CSTACK = 00000000 ( 00000002 )
    -------------------------------------------------------------------------
<CODE> 1 (was CODE)
  Relative segment, address: 85BA - 85C5 (0xc bytes), align: 1
  Segment part 68.
           ENTRY                   ADDRESS         REF BY
           =====                   =======         ======
           MRFI_PostKillSem        85BA            nwk_isConnectionValid (nwk)
                                                   nwk_processJoin (nwk_join)
                                                   nwk_processLink (nwk_link)
                                                   nwk_processMgmt (nwk_mgmt)
                                                   nwk_processPing (nwk_ping)
               CSTACK = 00000000 ( 00000002 )
    -------------------------------------------------------------------------
CODE
  Segment part 69. NOT NEEDED.
           ENTRY                   ADDRESS         REF BY
           =====                   =======         ======
           MRFI_ReplyDelay         
               calls direct
    -------------------------------------------------------------------------
<CODE> 1 (was CODE)
  Relative segment, address: 85C6 - 85E5 (0x20 bytes), align: 1
  Segment part 70.            Intra module refs:   ?Subroutine14
                                                   MRFI_DelayMs
                                                   MRFI_Init
                                                   MRFI_Transmit
           LOCAL                   ADDRESS         
           =====                   =======         
           Mrfi_DelayUsec          85C6 
               calls direct
               CSTACK = 00000000 ( 00000006 )
    -------------------------------------------------------------------------
<CODE> 1 (was CODE)
  Relative segment, address: 85E6 - 85EB (0x6 bytes), align: 1
  Segment part 71.            Intra module refs:   MRFI_Init
                                                   MRFI_RxAddrIsFiltered
                                                   Mrfi_DelayUsec
                                                   Mrfi_SyncPinRxIsr
           LOCAL                   ADDRESS         
           =====                   =======         
           ?Subroutine2            85E6 
    -------------------------------------------------------------------------
<CODE> 1 (was CODE)
  Relative segment, address: 85EC - 85F7 (0xc bytes), align: 1
  Segment part 72.            Intra module refs:   Mrfi_DelayUsec
           LOCAL                   ADDRESS         
           =====                   =======         
           ?Subroutine9            85EC 
    -------------------------------------------------------------------------
<CODE> 1 (was CODE)
  Relative segment, address: 85F8 - 860F (0x18 bytes), align: 1
  Segment part 73.
           ENTRY                   ADDRESS         REF BY
           =====                   =======         ======
           MRFI_DelayMs            85F8            SMPL_LinkListen (nwk_api)
                                                   nwk_replayFrame (nwk_frame)
               calls direct
               CSTACK = 00000000 ( 00000004 )
    -------------------------------------------------------------------------
<CODE> 1 (was CODE)
  Relative segment, address: 8610 - 8625 (0x16 bytes), align: 1
  Segment part 74.            Intra module refs:   MRFI_Transmit
           ENTRY                   ADDRESS         REF BY
           =====                   =======         ======
           MRFI_RandomByte         8610            nwk_frameInit (nwk_frame)
                                                   nwk_joinInit (nwk_join)
                                                   nwk_linkInit (nwk_link)
                                                   nwk_mgmtInit (nwk_mgmt)
                                                   nwk_pingInit (nwk_ping)
               CSTACK = 00000000 ( 00000002 )
    -------------------------------------------------------------------------
<CODE> 1 (was CODE)
  Relative segment, address: 8626 - 863F (0x1a bytes), align: 1
  Segment part 75.
           ENTRY                   ADDRESS         REF BY
           =====                   =======         ======
           MRFI_Rssi               8626            nwk_radioControl (nwk_ioctl)
               calls direct
               CSTACK = 00000000 ( 00000004 )
    -------------------------------------------------------------------------
<CODE> 1 (was CODE)
  Relative segment, address: 8640 - 8681 (0x42 bytes), align: 1
  Segment part 76.
           ENTRY                   ADDRESS         REF BY
           =====                   =======         ======
           MRFI_WakeUp             8640            ?Subroutine1 (nwk_api)
                                                   SMPL_Init (nwk_api)
                                                   nwk_radioControl (nwk_ioctl)
               calls direct
               CSTACK = 00000000 ( 00000002 )
    -------------------------------------------------------------------------
<CODE> 1 (was CODE)
  Relative segment, address: 8682 - 8699 (0x18 bytes), align: 1
  Segment part 77.            Intra module refs:   MRFI_WakeUp
                                                   Mrfi_RxModeOff
           LOCAL                   ADDRESS         
           =====                   =======         
           ?Subroutine11           8682 
    -------------------------------------------------------------------------
<CODE> 1 (was CODE)
  Relative segment, address: 869A - 86A9 (0x10 bytes), align: 1
  Segment part 78.            Intra module refs:   MRFI_Sleep
           ENTRY                   ADDRESS         REF BY
           =====                   =======         ======
           MRFI_RxIdle             869A            ?Subroutine0 (nwk_api)
                                                   nwk_radioControl (nwk_ioctl)
               calls direct
               CSTACK = 00000000 ( 00000002 )
    -------------------------------------------------------------------------
<CODE> 1 (was CODE)
  Relative segment, address: 86AA - 86C9 (0x20 bytes), align: 1
  Segment part 79.
           ENTRY                   ADDRESS         REF BY
           =====                   =======         ======
           MRFI_Sleep              86AA            ?Subroutine0 (nwk_api)
                                                   nwk_radioControl (nwk_ioctl)
               calls direct
               CSTACK = 00000000 ( 00000002 )
    -------------------------------------------------------------------------
<CODE> 1 (was CODE)
  Relative segment, address: 86CA - 86DB (0x12 bytes), align: 1
  Segment part 80.
           ENTRY                   ADDRESS         REF BY
           =====                   =======         ======
           MRFI_RxOn               86CA            ?Subroutine1 (nwk_api)
                                                   SMPL_Init (nwk_api)
                                                   nwk_radioControl (nwk_ioctl)
               calls direct
               CSTACK = 00000000 ( 00000002 )
    -------------------------------------------------------------------------
<CODE> 1 (was CODE)
  Relative segment, address: 86DC - 86EF (0x14 bytes), align: 1
  Segment part 81.            Intra module refs:   MRFI_RxIdle
                                                   MRFI_RxOn
           LOCAL                   ADDRESS         
           =====                   =======         
           ?Subroutine6            86DC 
    -------------------------------------------------------------------------
<CODE> 1 (was CODE)
  Relative segment, address: 86F0 - 86FB (0xc bytes), align: 1
  Segment part 82.
           ENTRY                   ADDRESS         REF BY
           =====                   =======         ======
           MRFI_Receive            86F0            MRFI_RxCompleteISR (nwk_frame)
               CSTACK = 00000000 ( 00000002 )
    -------------------------------------------------------------------------
<CODE> 1 (was CODE)
  Relative segment, address: 86FC - 87CF (0xd4 bytes), align: 1
  Segment part 83.
           ENTRY                   ADDRESS         REF BY
           =====                   =======         ======
           MRFI_Transmit           86FC            ?Subroutine0 (nwk_frame)
                                                   nwk_sendFrame (nwk_frame)
               calls direct and indirect
               CSTACK = 00000000 ( 0000000A )
    -------------------------------------------------------------------------
<CODE> 1 (was CODE)
  Relative segment, address: 87D0 - 87EF (0x20 bytes), align: 1
  Segment part 84.            Intra module refs:   MRFI_Rssi
                                                   MRFI_Transmit
           LOCAL                   ADDRESS         
           =====                   =======         
           ?Subroutine14           87D0 
    -------------------------------------------------------------------------
<CODE> 1 (was CODE)
  Relative segment, address: 87F0 - 8929 (0x13a bytes), align: 1
  Segment part 85.
           ENTRY                   ADDRESS         REF BY
           =====                   =======         ======
           MRFI_Init               87F0            SMPL_Init (nwk_api)
               calls direct and indirect
               CSTACK = 00000000 ( 00000006 )
    -------------------------------------------------------------------------
<CODE> 1 (was CODE)
  Relative segment, address: A2E8 - A2F7 (0x10 bytes), align: 1
  Segment part 86.            Intra module refs:   MRFI_Init
                                                   MRFI_Rssi
                                                   MRFI_Transmit
                                                   Mrfi_SyncPinRxIsr
                                                   mrfiSpiWriteReg
           LOCAL                   ADDRESS         
           =====                   =======         
           ?Subroutine3            A2E8 
    -------------------------------------------------------------------------
<CODE> 1 (was CODE)
  Relative segment, address: 9FAA - 9FD1 (0x28 bytes), align: 1
  Segment part 33.            Intra module refs:   MRFI_Rssi
                                                   Mrfi_SyncPinRxIsr
           LOCAL                   ADDRESS         
           =====                   =======         
           Mrfi_CalculateRssi      9FAA 
               CSTACK = 00000000 ( 00000002 )
    -------------------------------------------------------------------------
INTVEC
  Common segment, address: FFE0 - FFE7 (0x8 bytes), align: 1
  Segment part 17. ROOT.
           ENTRY                   ADDRESS         REF BY
           =====                   =======         ======
           BSP_GpioPort1Isr::??INTVEC 6
                                   FFE6 
    -------------------------------------------------------------------------
CSTACK
  Segment part 18. NOT NEEDED.
    -------------------------------------------------------------------------
DATA16_ID
  Relative segment, address: 820C - 820F (0x4 bytes), align: 0
  Segment part 32.            Intra module refs:   mrfiRxFilterAddr
    -------------------------------------------------------------------------
CODE
  Segment part 87. TENTATIVE. Used definition from bsp
           ENTRY                   ADDRESS         REF BY
           =====                   =======         ======
           ?setjmp_save_r4         
    -------------------------------------------------------------------------
CODE
  Segment part 88. TENTATIVE. Used definition from bsp
           ENTRY                   ADDRESS         REF BY
           =====                   =======         ======
           ?setjmp_save_r5         

    *************************************************************************

  FILE NAME : C:\Users\flb.bwrclt61-1\Desktop\research\ME_local\eZ430-RF2500\IARworkspace\ez430-rf2500_wsm\CC2500 Sensor Demo-Access Point\Obj\nwk.r43
  PROGRAM MODULE, NAME : nwk

  SEGMENTS IN THE MODULE
  ======================
DATA16_I
  Relative segment, address: 0206 - 0286 (0x81 bytes), align: 0
  Segment part 2.             Intra module refs:   initializeConnection
                                                   map_lid2idx
                                                   nwk_allocateLocalRxPort
                                                   nwk_findAlreadyJoined
                                                   nwk_findPeer
                                                   nwk_getConnInfo
                                                   nwk_getNextConnection
                                                   nwk_getSFInfoPtr
                                                   nwk_isConnectionValid
                                                   nwk_isLinkDuplicate
                                                   nwk_nwkInit
                                                   nwk_saveJoinedDevice
           LOCAL                   ADDRESS         
           =====                   =======         
           sPersistInfo            0206 
    -------------------------------------------------------------------------
<CODE> 1 (was CODE)
  Relative segment, address: 98AE - 9933 (0x86 bytes), align: 1
  Segment part 28.
           ENTRY                   ADDRESS         REF BY
           =====                   =======         ======
           nwk_nwkInit             98AE            SMPL_Init (nwk_api)
               calls direct
               CSTACK = 00000000 ( 00000004 )
    -------------------------------------------------------------------------
<CODE> 1 (was CODE)
  Relative segment, address: 9BA2 - 9BE9 (0x48 bytes), align: 1
  Segment part 27.
           ENTRY                   ADDRESS         REF BY
           =====                   =======         ======
           nwk_getNextConnection   9BA2            smpl_send_link_reply (nwk_link)
               calls direct
               CSTACK = 00000000 ( 00000004 )
    -------------------------------------------------------------------------
<CODE> 1 (was CODE)
  Relative segment, address: 9ECA - 9EF7 (0x2e bytes), align: 1
  Segment part 15.            Intra module refs:   nwk_findAlreadyJoined
                                                   nwk_getNextConnection
           LOCAL                   ADDRESS         
           =====                   =======         
           initializeConnection    9ECA 
               calls direct
               CSTACK = 00000000 ( 00000004 )
    -------------------------------------------------------------------------
<CODE> 1 (was CODE)
  Relative segment, address: A3AC - A3B1 (0x6 bytes), align: 1
  Segment part 26.
           ENTRY                   ADDRESS         REF BY
           =====                   =======         ======
           nwk_freeConnection      A3AC            nwk_connectionControl (nwk_ioctl)
                                                   smpl_send_link_reply (nwk_link)
                                                   smpl_send_unlink_reply (nwk_link)
               CSTACK = 00000000 ( 00000002 )
    -------------------------------------------------------------------------
<CODE> 1 (was CODE)
  Relative segment, address: 9F80 - 9FA9 (0x2a bytes), align: 1
  Segment part 25.
           ENTRY                   ADDRESS         REF BY
           =====                   =======         ======
           nwk_getConnInfo         9F80            SMPL_ReceiveWithAddr (nwk_api)
                                                   nwk_QfindOldest (nwk_QMgmt)
                                                   nwk_connectionControl (nwk_ioctl)
                                                   nwk_radioControl (nwk_ioctl)
                                                   nwk_retrieveFrame (nwk_frame)
               calls direct
               CSTACK = 00000000 ( 00000004 )
    -------------------------------------------------------------------------
<CODE> 1 (was CODE)
  Relative segment, address: A044 - A049 (0x6 bytes), align: 1
  Segment part 18.            Intra module refs:   nwk_allocateLocalRxPort
                                                   nwk_isLinkDuplicate
                                                   nwk_saveJoinedDevice
           LOCAL                   ADDRESS         
           =====                   =======         
           ?Subroutine2            A044 
    -------------------------------------------------------------------------
<CODE> 1 (was CODE)
  Relative segment, address: A04A - A04F (0x6 bytes), align: 1
  Segment part 19.
           ENTRY                   ADDRESS         REF BY
           =====                   =======         ======
           nwk_getSFInfoPtr        A04A            nwk_joinInit (nwk_join)
               CSTACK = 00000000 ( 00000002 )
    -------------------------------------------------------------------------
CODE
  Segment part 20. NOT NEEDED.
           ENTRY                   ADDRESS         REF BY
           =====                   =======         ======
           nwk_findAddressMatch    
               calls direct
    -------------------------------------------------------------------------
<CODE> 1 (was CODE)
  Relative segment, address: A050 - A059 (0xa bytes), align: 1
  Segment part 21.            Intra module refs:   nwk_findAlreadyJoined
           LOCAL                   ADDRESS         
           =====                   =======         
           ?Subroutine1            A050 
    -------------------------------------------------------------------------
<CODE> 1 (was CODE)
  Relative segment, address: A05A - A05D (0x4 bytes), align: 1
  Segment part 22.            Intra module refs:   ?Subroutine1
                                                   ?Subroutine2
                                                   nwk_isConnectionValid
           LOCAL                   ADDRESS         
           =====                   =======         
           ?Subroutine3            A05A 
    -------------------------------------------------------------------------
<CODE> 1 (was CODE)
  Relative segment, address: A05E - A065 (0x8 bytes), align: 1
  Segment part 23.            Intra module refs:   ?Subroutine3
                                                   nwk_findPeer
                                                   nwk_isValidReply
    -------------------------------------------------------------------------
<CODE> 1 (was CODE)
  Relative segment, address: 9D28 - 9D61 (0x3a bytes), align: 1
  Segment part 24.
           ENTRY                   ADDRESS         REF BY
           =====                   =======         ======
           nwk_isLinkDuplicate     9D28            smpl_send_link_reply (nwk_link)
               calls direct
               CSTACK = 00000000 ( 0000000A )
    -------------------------------------------------------------------------
<CODE> 1 (was CODE)
  Relative segment, address: 9A54 - 9AAF (0x5c bytes), align: 1
  Segment part 17.
           ENTRY                   ADDRESS         REF BY
           =====                   =======         ======
           nwk_saveJoinedDevice    9A54            smpl_send_join_reply (nwk_join)
               calls direct
               CSTACK = 00000000 ( 0000000A )
    -------------------------------------------------------------------------
<CODE> 1 (was CODE)
  Relative segment, address: 9E36 - 9E67 (0x32 bytes), align: 1
  Segment part 16.
           ENTRY                   ADDRESS         REF BY
           =====                   =======         ======
           nwk_findAlreadyJoined   9E36            smpl_send_link_reply (nwk_link)
               calls direct
               CSTACK = 00000000 ( 00000008 )
    -------------------------------------------------------------------------
<CODE> 1 (was CODE)
  Relative segment, address: 9FFA - A01F (0x26 bytes), align: 1
  Segment part 14.
           ENTRY                   ADDRESS         REF BY
           =====                   =======         ======
           nwk_checkConnInfo       9FFA            SMPL_ReceiveWithAddr (nwk_api)
               CSTACK = 00000000 ( 00000002 )
    -------------------------------------------------------------------------
<CODE> 1 (was CODE)
  Relative segment, address: 968C - 9715 (0x8a bytes), align: 1
  Segment part 13.
           ENTRY                   ADDRESS         REF BY
           =====                   =======         ======
           nwk_isConnectionValid   968C            dispatchFrame (nwk_frame)
               calls direct
               CSTACK = 00000000 ( 0000000C )
    -------------------------------------------------------------------------
<CODE> 1 (was CODE)
  Relative segment, address: 948A - 954D (0xc4 bytes), align: 1
  Segment part 12.
           ENTRY                   ADDRESS         REF BY
           =====                   =======         ======
           nwk_allocateLocalRxPort
                                   948A            smpl_send_link_reply (nwk_link)
               calls direct
               CSTACK = 00000000 ( 00000014 )
    -------------------------------------------------------------------------
[...]
          | + function block  :  00000002
          |  Already listed
  03      nwk_setLinkToken
          | Stack used (prev) :  000000F0
          | + function block  :  00000002
  03      nwk_getJoinToken
          | Stack used (prev) :  000000F0
          | + function block  :  00000002
  03      nwk_setJoinToken
          | Stack used (prev) :  000000F0
          | + function block  :  00000002
  04        nwk_getConnInfo
            | Stack used (prev) :  0000009C
            | + function block  :  00000004
            |  Already listed
  04        nwk_freeConnection
            | Stack used (prev) :  0000009A
            | + function block  :  00000002
            |  Already listed
  03      nwk_connectionControl
          | Stack used (prev) :  000000F0
          | + function block  :  00000002
  04        memcpy
            | Stack used (prev) :  00000008
            | + function block  :  00000004
            |  Already listed
  04        nwk_sendFrame
            | Stack used (prev) :  0000001C
            | + function block  :  00000004
            |  Already listed
  04        nwk_buildFrame
            | Stack used (prev) :  0000009A
            | + function block  :  0000000C
            |  Already listed
  03      nwk_rawSend
          | Stack used (prev) :  000000F0
          | + function block  :  00000006
  05          memcpy
              | Stack used (prev) :  00000008
              | + function block  :  00000004
              |  Already listed
  05          nwk_QfindOldest
              | Stack used (prev) :  000000A0
              | + function block  :  00000016
              |  Already listed
  05          nwk_QadjustOrder
              | Stack used (prev) :  00000008
              | + function block  :  00000002
              |  Already listed
  05          nwk_getConnInfo
              | Stack used (prev) :  0000009C
              | + function block  :  00000004
              |  Already listed
  04        nwk_retrieveFrame
            | Stack used (prev) :  000000F0
            | + function block  :  00000010
  03      nwk_rawReceive
          | Stack used (prev) :  00000100
          | + function block  :  00000008
  04        memcpy
            | Stack used (prev) :  00000008
            | + function block  :  00000004
            |  Already listed
  04        nwk_getConnInfo
            | Stack used (prev) :  0000009C
            | + function block  :  00000004
            |  Already listed
  05          Mrfi_RxModeOn
              | Stack used (prev) :  0000000A
              | + function block  :  00000002
              |  Already listed
  04        MRFI_RxOn
            | Stack used (prev) :  000000F0
            | + function block  :  00000002
  06            Mrfi_RxModeOff
                | Stack used (prev) :  0000000A
                | + function block  :  00000002
                |  Already listed
  05          MRFI_RxIdle
              | Stack used (prev) :  000000F0
              | + function block  :  00000002
  05          mrfiSpiCmdStrobe
              | Stack used (prev) :  00000008
              | + function block  :  00000002
              |  Already listed
  04        MRFI_Sleep
            | Stack used (prev) :  000000F2
            | + function block  :  00000002
  04        MRFI_RxIdle
            | Stack used (prev) :  000000F0
            | + function block  :  00000002
            |  Already listed
  05          mrfiSpiWriteReg
              | Stack used (prev) :  0000000A
              | + function block  :  00000002
              |  Already listed
  05          mrfiSpiWriteReg
              | Stack used (prev) :  0000000A
              | + function block  :  00000002
              |  Already listed
  05          mrfiSpiWriteReg
              | Stack used (prev) :  0000000A
              | + function block  :  00000002
              |  Already listed
  05          mrfiSpiCmdStrobe
              | Stack used (prev) :  00000008
              | + function block  :  00000002
              |  Already listed
  05          mrfiSpiCmdStrobe
              | Stack used (prev) :  00000008
              | + function block  :  00000002
              |  Already listed
  04        MRFI_WakeUp
            | Stack used (prev) :  000000F0
            | + function block  :  00000002
  05          Mrfi_CalculateRssi
              | Stack used (prev) :  00000008
              | + function block  :  00000002
              |  Already listed
  05          Mrfi_DelayUsec
              | Stack used (prev) :  0000000C
              | + function block  :  00000006
              |  Already listed
  05          mrfiSpiReadReg
              | Stack used (prev) :  0000000A
              | + function block  :  00000002
              |  Already listed
  05          mrfiSpiReadReg
              | Stack used (prev) :  0000000A
              | + function block  :  00000002
              |  Already listed
  04        MRFI_Rssi
            | Stack used (prev) :  000000F0
            | + function block  :  00000004
  05          Mrfi_RxModeOff
              | Stack used (prev) :  0000000A
              | + function block  :  00000002
              |  Already listed
  05          Mrfi_RxModeOn
              | Stack used (prev) :  0000000A
              | + function block  :  00000002
              |  Already listed
  05          mrfiSpiWriteReg
              | Stack used (prev) :  0000000A
              | + function block  :  00000002
              |  Already listed
  04        MRFI_SetRFPwr
            | Stack used (prev) :  000000F0
            | + function block  :  00000002
  03      nwk_radioControl
          | Stack used (prev) :  000000F4
          | + function block  :  00000006
  04        nwk_setJoinContext
            | Stack used (prev) :  000000F0
            | + function block  :  00000002
  03      nwk_joinContext
          | Stack used (prev) :  000000F2
          | + function block  :  00000002
  04        memcpy
            | Stack used (prev) :  00000008
            | + function block  :  00000004
            |  Already listed
  05          memcpy
              | Stack used (prev) :  00000008
              | + function block  :  00000004
              |  Already listed
  04        nwk_setMyAddress
            | Stack used (prev) :  000000F0
            | + function block  :  00000002
  04        nwk_getMyAddress
            | Stack used (prev) :  0000009A
            | + function block  :  00000002
            |  Already listed
  03      nwk_deviceAddress
          | Stack used (prev) :  000000F2
          | + function block  :  00000006
  03      nwk_getProtocolVersion
          | Stack used (prev) :  0000009A
          | + function block  :  00000002
          |  Already listed
  03      nwk_getFWVersion
          | Stack used (prev) :  000000F0
          | + function block  :  00000002
  03      nwk_NVObj
          | Stack used (prev) :  000000F0
          | + function block  :  00000002
  02    SMPL_Ioctl
        | Stack used (prev) :  00000108
        | + function block  :  00000006
  03      nwk_retrieveFrame
          | Stack used (prev) :  000000F0
          | + function block  :  00000010
          |  Already listed
  03      nwk_checkConnInfo
          | Stack used (prev) :  000000F0
          | + function block  :  00000002
  03      nwk_getConnInfo
          | Stack used (prev) :  0000009C
          | + function block  :  00000004
          |  Already listed
  02    SMPL_ReceiveWithAddr
        | Stack used (prev) :  00000100
        | + function block  :  00000010
  03      nwk_setListenContext
          | Stack used (prev) :  000000F0
          | + function block  :  00000002
  04        nwk_setListenContext
            | Stack used (prev) :  000000F0
            | + function block  :  00000002
            |  Already listed
  03      nwk_getLocalLinkID
          | Stack used (prev) :  000000F2
          | + function block  :  00000002
  03      MRFI_RxOn
          | Stack used (prev) :  000000F0
          | + function block  :  00000002
          |  Already listed
  03      MRFI_Sleep
          | Stack used (prev) :  000000F2
          | + function block  :  00000002
          |  Already listed
  03      MRFI_RxIdle
          | Stack used (prev) :  000000F0
          | + function block  :  00000002
          |  Already listed
  03      MRFI_WakeUp
          | Stack used (prev) :  000000F0
          | + function block  :  00000002
          |  Already listed
  03      MRFI_DelayMs
          | Stack used (prev) :  00000012
          | + function block  :  00000004
          |  Already listed
  03      MRFI_GetRadioState
          | Stack used (prev) :  000000F0
          | + function block  :  00000002
  02    SMPL_LinkListen
        | Stack used (prev) :  000000F4
        | + function block  :  0000000A
  03      nwk_join
          | Stack used (prev) :  000000F0
          | + function block  :  00000002
  04        memset
            | Stack used (prev) :  00000008
            | + function block  :  00000004
            |  Already listed
  04        memcpy
            | Stack used (prev) :  00000008
            | + function block  :  00000004
            |  Already listed
  04        nwk_securityInit
            | Stack used (prev) :  000000F0
            | + function block  :  00000002
  05          MRFI_RandomByte
              | Stack used (prev) :  00000008
              | + function block  :  00000002
              |  Already listed
  04        nwk_pingInit
            | Stack used (prev) :  000000F0
            | + function block  :  00000002
  05          memset
              | Stack used (prev) :  00000008
              | + function block  :  00000004
              |  Already listed
  05          MRFI_RandomByte
              | Stack used (prev) :  00000008
              | + function block  :  00000002
              |  Already listed
  04        nwk_mgmtInit
            | Stack used (prev) :  000000F0
            | + function block  :  00000002
  05          memset
              | Stack used (prev) :  00000008
              | + function block  :  00000004
              |  Already listed
  05          MRFI_RandomByte
              | Stack used (prev) :  00000008
              | + function block  :  00000002
              |  Already listed
  04        nwk_linkInit
            | Stack used (prev) :  000000F0
            | + function block  :  00000002
  05          nwk_setLinkToken
              | Stack used (prev) :  000000F0
              | + function block  :  00000002
              |  Already listed
  05          nwk_getSFInfoPtr
              | Stack used (prev) :  000000F0
              | + function block  :  00000002
  05          MRFI_RandomByte
              | Stack used (prev) :  00000008
              | + function block  :  00000002
              |  Already listed
  04        nwk_joinInit
            | Stack used (prev) :  000000F2
            | + function block  :  00000002
  04        nwk_getBCastAddress
            | Stack used (prev) :  00000008
            | + function block  :  00000002
            |  Already listed
  05          memset
              | Stack used (prev) :  00000008
              | + function block  :  00000004
              |  Already listed
  05          memcpy
              | Stack used (prev) :  00000008
              | + function block  :  00000004
              |  Already listed
  04        nwk_globalsInit
            | Stack used (prev) :  000000F0
            | + function block  :  00000002
  04        nwk_freqInit
            | Stack used (prev) :  000000F0
            | + function block  :  00000002
  05          nwk_getMyAddress
              | Stack used (prev) :  0000009A
              | + function block  :  00000002
              |  Already listed
  05          MRFI_RandomByte
              | Stack used (prev) :  00000008
              | + function block  :  00000002
              |  Already listed
  04        nwk_frameInit
            | Stack used (prev) :  000000F0
            | + function block  :  00000002
  05          memset
              | Stack used (prev) :  00000008
              | + function block  :  00000004
              |  Already listed
  04        nwk_QInit
            | Stack used (prev) :  000000F0
            | + function block  :  00000002
  03      nwk_nwkInit
          | Stack used (prev) :  000000F4
          | + function block  :  00000004
  04        memset
            | Stack used (prev) :  00000008
            | + function block  :  00000004
            |  Already listed
  04        Mrfi_DelayUsec
            | Stack used (prev) :  0000000C
            | + function block  :  00000006
            |  Already listed
  04        Mrfi_DelayUsec
            | Stack used (prev) :  0000000C
            | + function block  :  00000006
            |  Already listed
  04        Mrfi_DelayUsec
            | Stack used (prev) :  0000000C
            | + function block  :  00000006
            |  Already listed
  04        mrfiSpiInit
            | Stack used (prev) :  000000F0
            | + function block  :  00000002
  05          Mrfi_RxModeOff
              | Stack used (prev) :  0000000A
              | + function block  :  00000002
              |  Already listed
  05          Mrfi_RxModeOn
              | Stack used (prev) :  0000000A
              | + function block  :  00000002
              |  Already listed
  05          mrfiSpiWriteReg
              | Stack used (prev) :  0000000A
              | + function block  :  00000002
              |  Already listed
  04        MRFI_SetLogicalChannel
            | Stack used (prev) :  000000F0
            | + function block  :  00000002
  04        MRFI_SetRFPwr
            | Stack used (prev) :  000000F0
            | + function block  :  00000002
            |  Already listed
  04        Mrfi_RxModeOff
            | Stack used (prev) :  0000000A
            | + function block  :  00000002
            |  Already listed
  04        mrfiSpiWriteReg
            | Stack used (prev) :  0000000A
            | + function block  :  00000002
            |  Already listed
  04        mrfiSpiWriteReg
            | Stack used (prev) :  0000000A
            | + function block  :  00000002
            |  Already listed
  04        mrfiSpiWriteReg
            | Stack used (prev) :  0000000A
            | + function block  :  00000002
            |  Already listed
  04        mrfiSpiReadReg
            | Stack used (prev) :  0000000A
            | + function block  :  00000002
            |  Already listed
  04        mrfiSpiReadReg
            | Stack used (prev) :  0000000A
            | + function block  :  00000002
            |  Already listed
  04        mrfiSpiReadReg
            | Stack used (prev) :  0000000A
            | + function block  :  00000002
            |  Already listed
  04        mrfiSpiCmdStrobe
            | Stack used (prev) :  00000008
            | + function block  :  00000002
            |  Already listed
  03      MRFI_Init
          | Stack used (prev) :  000000F2
          | + function block  :  00000006
  03      MRFI_RxOn
          | Stack used (prev) :  000000F0
          | + function block  :  00000002
          |  Already listed
  03      MRFI_WakeUp
          | Stack used (prev) :  000000F0
          | + function block  :  00000002
          |  Already listed
  02    SMPL_Init
        | Stack used (prev) :  000000F8
        | + function block  :  00000004
  03      BSP_InitButtons
          | Stack used (prev) :  000000F0
          | + function block  :  00000002
  03      BSP_InitLeds
          | Stack used (prev) :  000000F0
          | + function block  :  00000002
  03      BSP_InitBoard
          | Stack used (prev) :  000000F0
          | + function block  :  00000002
  02    BSP_Init
        | Stack used (prev) :  000000F2
        | + function block  :  00000004
  01  main
      | Stack used (prev) :  00000110
      | + function block  :  0000007E
  <-Sub-tree of type: Function tree that makes indirect calls
    | Stack used          :  0000018E


  ->Sub-tree of type: Function tree
                             CSTACK
    | Stack used (prev) :  0000018E
  01  __low_level_init
      | Stack used (prev) :  0000018E
      | + function block  :  00000002
  <-Sub-tree of type: Function tree
    | Stack used          :  00000190


  ->Sub-tree of type: Function tree
                             CSTACK
    | Stack used (prev) :  00000190
  01  exit
      | Stack used (prev) :  00000190
      | + function block  :  00000002
  <-Sub-tree of type: Function tree
    | Stack used          :  00000192


  ->Sub-tree of type: Function tree
                             CSTACK
    | Stack used (prev) :  00000192
  01  __data16_memzero
      | Stack used (prev) :  00000192
      | + function block  :  00000002
  <-Sub-tree of type: Function tree
    | Stack used          :  00000194


  ->Sub-tree of type: Function tree
                             CSTACK
    | Stack used (prev) :  00000194
  02    memcpy
        | Stack used (prev) :  00000008
        | + function block  :  00000004
        |  Already listed
  01  __data16_memcpy
      | Stack used (prev) :  00000194
      | + function block  :  00000002
  <-Sub-tree of type: Function tree
    | Stack used          :  00000196




                ****************************************
                *                                      *
                *      SEGMENTS IN ADDRESS ORDER       *
                *                                      *
                ****************************************


SEGMENT              SPACE    START ADDRESS   END ADDRESS     SIZE  TYPE  ALIGN
=======              =====    =============   ===========     ====  ====  =====
DATA16_AN                              0001 - 0001               1   rel    0
                                       0003 - 0003               1 
                                       0018 - 001B               4 
                                       0020 - 0022               3 
                                       0027 - 0028               2 
                                       002B - 002E               4 
                                       0053 - 0053               1 
                                       0056 - 0057               2 
                                       0061 - 0064               4 
                                       0066 - 006B               6 
                                       006E - 006F               2 
                                       0120 - 0121               2 
                                       0160 - 0163               4 
                                       0172 - 0173               2 
                                       01B0 - 01B5               6 
DATA16_I                               0200 - 0287              88   rel    1
DATA16_Z                               0288 - 051E             297   rel    1
CSTACK                                 0538 - 05FF              C8   rel    1
DATA16_AN                              10FC - 10FD               2   rel    0
DATA16_C                               8000 - 8209             20A   rel    1
DATA16_ID                              820A - 8291              88   rel    1
CSTART                                 8292 - 82C1              30   rel    1
<CODE> 1                               82C2 - A3EF            212E   rel    1
INTVEC                                 FFE0 - FFF3              14   com    1
RESET                                  FFFE - FFFF               2   rel    1

                ****************************************
                *                                      *
                *        END OF CROSS REFERENCE        *
                *                                      *
                ****************************************

 8 564 bytes of CODE  memory
   999 bytes of DATA  memory (+ 46 absolute )
   658 bytes of CONST memory

Errors: none
Warnings: none

