################################################################################
#                                                                              #
#      IAR Universal Linker V5.2.4.16                                          #
#                                                                              #
#           Link time     =  16/Apr/2012  15:55:13                             #
#           Target CPU    =  MSP430                                            #
#           List file     =  "C:\Users\flb.bwrclt61-1\Desktop\eZ430-RF2500\sim #
#                            pleif\CC2500 Sensor Demo-Access Point\List\Sensor #
#                            _Demo_AP_as_Data_Hub.map"                         #
#           Output file 1 =  "C:\Users\flb.bwrclt61-1\Desktop\eZ430-RF2500\sim #
#                            pleif\CC2500 Sensor Demo-Access Point\Exe\Sensor_ #
#                            Demo_AP_as_Data_Hub.d43"                          #
#                            Format: debug                                     #
#                            UBROF version 10.0.6                              #
#                            Using library modules for C-SPY (-rt)             #
#           Command line  =  --ks_version                                      #
#                            "C:\Users\flb.bwrclt61-1\Desktop\eZ430-RF2500\sim #
#                            pleif\CC2500 Sensor Demo-Access Point\Obj\bsp.r43 #
#                            "                                                 #
#                            "C:\Users\flb.bwrclt61-1\Desktop\eZ430-RF2500\sim #
#                            pleif\CC2500 Sensor Demo-Access Point\Obj\main_AP #
#                            .r43"                                             #
#                            "C:\Users\flb.bwrclt61-1\Desktop\eZ430-RF2500\sim #
#                            pleif\CC2500 Sensor Demo-Access Point\Obj\mrfi.r4 #
#                            3"                                                #
#                            "C:\Users\flb.bwrclt61-1\Desktop\eZ430-RF2500\sim #
#                            pleif\CC2500 Sensor Demo-Access Point\Obj\virtual #
#                            _com_cmds.r43"                                    #
#                            "C:\Users\flb.bwrclt61-1\Desktop\eZ430-RF2500\sim #
#                            pleif\CC2500 Sensor Demo-Access Point\Obj\vlo_ran #
#                            d.r43"                                            #
#                            -o                                                #
#                            "C:\Users\flb.bwrclt61-1\Desktop\eZ430-RF2500\sim #
#                            pleif\CC2500 Sensor Demo-Access Point\Exe\Sensor_ #
#                            Demo_AP_as_Data_Hub.d43"                          #
#                            -l                                                #
#                            "C:\Users\flb.bwrclt61-1\Desktop\eZ430-RF2500\sim #
#                            pleif\CC2500 Sensor Demo-Access Point\List\Sensor #
#                            _Demo_AP_as_Data_Hub.map"                         #
#                            -xmsnio                                           #
#                            "-IC:\Program Files\IAR Systems\Embedded Workbenc #
#                            h 6.0 Kickstart\430\LIB\"                         #
#                            -f                                                #
#                            "C:\Program Files\IAR Systems\Embedded Workbench  #
#                            6.0 Kickstart\430\CONFIG\lnk430F2274.xcl"         #
#                            (-cmsp430 -QCODE_I=CODE_ID                        #
#                            -Z(DATA)DATA16_I,DATA16_Z,DATA16_N,TLS16_I,DATA16 #
#                            _HEAP+_DATA16_HEAP_SIZE=0200-05FF                 #
#                            -Z(DATA)CODE_I -Z(DATA)CSTACK+_STACK_SIZE#        #
#                            -Z(CONST)INFO=1000-10FF                           #
#                            -Z(CONST)INFOA=10C0-10FF                          #
#                            -Z(CONST)INFOB=1080-10BF                          #
#                            -Z(CONST)INFOC=1040-107F                          #
#                            -Z(CONST)INFOD=1000-103F                          #
#                            -Z(CONST)DATA16_C,DATA16_ID,TLS16_ID,DIFUNCT,CHEC #
#                            KSUM=8000-FFDF                                    #
#                            -Z(CODE)CSTART,ISR_CODE,CODE_ID=8000-FFDF         #
#                            -P(CODE)CODE=8000-FFDF -Z(CODE)INTVEC=FFE0-FFFF   #
#                            -Z(CODE)RESET=FFFE-FFFF) -D_STACK_SIZE=C8 -rt     #
#                            "C:\Program Files\IAR Systems\Embedded Workbench  #
#                            6.0 Kickstart\430\LIB\CLIB\cl430f.r43"            #
#                            -e_large_write=_formatted_write                   #
#                            -e_large_read=_formatted_read                     #
#                            -D_DATA16_HEAP_SIZE=0 -s __program_start          #
#                            -D_DATA20_HEAP_SIZE=50                            #
#                                                                              #
#                           Copyright (C) 1987-2011 IAR Systems AB.            #
################################################################################





                ****************************************
                *                                      *
                *           CROSS REFERENCE            *
                *                                      *
                ****************************************

       Program entry at :           8260  Relocatable, from module : ?cstart




                ****************************************
                *                                      *
                *            RUNTIME MODEL             *
                *                                      *
                ****************************************

  __SystemLibrary = CLib
  __core          = 430
  __double_size   = 32
  __pic           = no
  __reg_r4        = free
  __reg_r5        = free
  __rt_version    = 3

                ****************************************
                *                                      *
                *    AUTOMATIC SYMBOL REDIRECTIONS     *
                *                                      *
                ****************************************

                  There are no automatic symbol redirections.



                ****************************************
                *                                      *
                *              MODULE MAP              *
                *                                      *
                ****************************************


  DEFINED ABSOLUTE ENTRIES
    *************************************************************************

  DEFINED ABSOLUTE ENTRIES
  PROGRAM MODULE, NAME : ?ABS_ENTRY_MOD

Absolute parts
           ENTRY                   ADDRESS         REF BY
           =====                   =======         ======
           _DATA20_HEAP_SIZE       0050 
           _DATA16_HEAP_SIZE       0000 
           _STACK_SIZE             00C8 
    *************************************************************************

  FILE NAME : C:\Users\flb.bwrclt61-1\Desktop\eZ430-RF2500\simpleif\CC2500 Sensor Demo-Access Point\Obj\bsp.r43
  PROGRAM MODULE, NAME : bsp

  SEGMENTS IN THE MODULE
  ======================
DATA16_AN
  Relative segment, address: 0056 - 0056 (0x1 bytes), align: 0
  Segment part 1. ROOT.       Intra module refs:   BSP_InitBoard
           ENTRY                   ADDRESS         REF BY
           =====                   =======         ======
           DCOCTL                  0056 
    -------------------------------------------------------------------------
DATA16_AN
  Relative segment, address: 0057 - 0057 (0x1 bytes), align: 0
  Segment part 2. ROOT.       Intra module refs:   BSP_InitBoard
           ENTRY                   ADDRESS         REF BY
           =====                   =======         ======
           BCSCTL1                 0057 
    -------------------------------------------------------------------------
DATA16_AN
  Relative segment, address: 0021 - 0021 (0x1 bytes), align: 0
  Segment part 3. ROOT.       Intra module refs:   BSP_InitButtons
                                                   BSP_InitLeds
                                                   main (main_AP)
                                                   takeSample (main_AP)
           ENTRY                   ADDRESS         REF BY
           =====                   =======         ======
           P1OUT                   0021 
    -------------------------------------------------------------------------
DATA16_AN
  Relative segment, address: 0022 - 0022 (0x1 bytes), align: 0
  Segment part 4. ROOT.       Intra module refs:   BSP_InitLeds
           ENTRY                   ADDRESS         REF BY
           =====                   =======         ======
           P1DIR                   0022 
    -------------------------------------------------------------------------
DATA16_AN
  Relative segment, address: 0027 - 0027 (0x1 bytes), align: 0
  Segment part 5. ROOT.       Intra module refs:   BSP_InitButtons
           ENTRY                   ADDRESS         REF BY
           =====                   =======         ======
           P1REN                   0027 
    -------------------------------------------------------------------------
DATA16_AN
  Relative segment, address: 0160 - 0161 (0x2 bytes), align: 0
  Segment part 6. ROOT.       Intra module refs:   BSP_InitBoard
                                                   main (main_AP)
           ENTRY                   ADDRESS         REF BY
           =====                   =======         ======
           TACTL                   0160 
    -------------------------------------------------------------------------
DATA16_AN
  Relative segment, address: 0120 - 0121 (0x2 bytes), align: 0
  Segment part 7. ROOT.       Intra module refs:   __low_level_init
           ENTRY                   ADDRESS         REF BY
           =====                   =======         ======
           WDTCTL                  0120 
    -------------------------------------------------------------------------
DATA16_AN
  Relative segment, address: 10FC - 10FC (0x1 bytes), align: 0
  Segment part 8. ROOT.       Intra module refs:   BSP_InitBoard
           ENTRY                   ADDRESS         REF BY
           =====                   =======         ======
           CALDCO_8MHZ             10FC 
    -------------------------------------------------------------------------
DATA16_AN
  Relative segment, address: 10FD - 10FD (0x1 bytes), align: 0
  Segment part 9. ROOT.       Intra module refs:   BSP_InitBoard
           ENTRY                   ADDRESS         REF BY
           =====                   =======         ======
           CALBC1_8MHZ             10FD 
    -------------------------------------------------------------------------
<CODE> 1 (was CODE)
  Relative segment, address: 8FE8 - 8FFF (0x18 bytes), align: 1
  Segment part 18.
           ENTRY                   ADDRESS         REF BY
           =====                   =======         ======
           BSP_Init                8FE8            main (main_AP)
               calls direct
               CSTACK = 00000000 ( 00000004 )
    -------------------------------------------------------------------------
DATA16_Z
  Relative segment, address: 020A - 020A (0x1 bytes), align: 0
  Segment part 11.            Intra module refs:   BSP_Delay
                                                   BSP_InitBoard
           LOCAL                   ADDRESS         
           =====                   =======         
           sIterationsPerUsec      020A 
    -------------------------------------------------------------------------
<CODE> 1 (was CODE)
  Relative segment, address: 90AC - 90B5 (0xa bytes), align: 1
  Segment part 17. ROOT.
           ENTRY                   ADDRESS         REF BY
           =====                   =======         ======
           __low_level_init        90AC            ?cstart_call_low_level_init (?cstart)
               CSTACK = 00000000 ( 00000002 )
    -------------------------------------------------------------------------
<CODE> 1 (was CODE)
  Relative segment, address: 8F60 - 8F7F (0x20 bytes), align: 1
  Segment part 16.            Intra module refs:   BSP_Init
           ENTRY                   ADDRESS         REF BY
           =====                   =======         ======
           BSP_InitBoard           8F60 
               CSTACK = 00000000 ( 00000002 )
    -------------------------------------------------------------------------
<CODE> 1 (was CODE)
  Relative segment, address: 8F3E - 8F5F (0x22 bytes), align: 1
  Segment part 15.
           ENTRY                   ADDRESS         REF BY
           =====                   =======         ======
           BSP_Delay               8F3E            ?Subroutine9 (mrfi)
               CSTACK = 00000000 ( 00000004 )
    -------------------------------------------------------------------------
CODE
  Segment part 14. NOT NEEDED.
           ENTRY                   ADDRESS         REF BY
           =====                   =======         ======
           BSP_InitDrivers         
               calls direct
    -------------------------------------------------------------------------
<CODE> 1 (was CODE)
  Relative segment, address: 903A - 904B (0x12 bytes), align: 1
  Segment part 13.            Intra module refs:   BSP_Init
           ENTRY                   ADDRESS         REF BY
           =====                   =======         ======
           BSP_InitLeds            903A 
               CSTACK = 00000000 ( 00000002 )
    -------------------------------------------------------------------------
<CODE> 1 (was CODE)
  Relative segment, address: 90A2 - 90AB (0xa bytes), align: 1
  Segment part 12.            Intra module refs:   BSP_Init
           ENTRY                   ADDRESS         REF BY
           =====                   =======         ======
           BSP_InitButtons         90A2 
               CSTACK = 00000000 ( 00000002 )
    -------------------------------------------------------------------------
CSTACK
  Segment part 10. NOT NEEDED.
    -------------------------------------------------------------------------
CODE
  Segment part 19. NOT NEEDED.
           ENTRY                   ADDRESS         REF BY
           =====                   =======         ======
           ?setjmp_save_r4         
    -------------------------------------------------------------------------
CODE
  Segment part 20. NOT NEEDED.
           ENTRY                   ADDRESS         REF BY
           =====                   =======         ======
           ?setjmp_save_r5         

    *************************************************************************

  FILE NAME : C:\Users\flb.bwrclt61-1\Desktop\eZ430-RF2500\simpleif\CC2500 Sensor Demo-Access Point\Obj\main_AP.r43
  PROGRAM MODULE, NAME : main_AP

  SEGMENTS IN THE MODULE
  ======================
DATA16_AN
  Relative segment, address: 01B0 - 01B1 (0x2 bytes), align: 0
  Segment part 1. ROOT.       Intra module refs:   takeSample
           ENTRY                   ADDRESS         REF BY
           =====                   =======         ======
           ADC10CTL0               01B0 
    -------------------------------------------------------------------------
DATA16_AN
  Relative segment, address: 01B2 - 01B3 (0x2 bytes), align: 0
  Segment part 2. ROOT.       Intra module refs:   takeSample
           ENTRY                   ADDRESS         REF BY
           =====                   =======         ======
           ADC10CTL1               01B2 
    -------------------------------------------------------------------------
DATA16_AN
  Relative segment, address: 01B4 - 01B5 (0x2 bytes), align: 0
  Segment part 3. ROOT.       Intra module refs:   takeSample
           ENTRY                   ADDRESS         REF BY
           =====                   =======         ======
           ADC10MEM                01B4 
    -------------------------------------------------------------------------
DATA16_AN
  Relative segment, address: 0053 - 0053 (0x1 bytes), align: 0
  Segment part 4. ROOT.       Intra module refs:   main
           ENTRY                   ADDRESS         REF BY
           =====                   =======         ======
           BCSCTL3                 0053 
    -------------------------------------------------------------------------
DATA16_AN
  Segment part 5. TENTATIVE. Used definition from bsp
           ENTRY                   ADDRESS         REF BY
           =====                   =======         ======
           P1OUT                   
    -------------------------------------------------------------------------
DATA16_AN
  Segment part 6. TENTATIVE. Used definition from bsp
           ENTRY                   ADDRESS         REF BY
           =====                   =======         ======
           TACTL                   
    -------------------------------------------------------------------------
DATA16_AN
  Relative segment, address: 0162 - 0163 (0x2 bytes), align: 0
  Segment part 7. ROOT.       Intra module refs:   main
           ENTRY                   ADDRESS         REF BY
           =====                   =======         ======
           TACCTL0                 0162 
    -------------------------------------------------------------------------
DATA16_AN
  Relative segment, address: 0172 - 0173 (0x2 bytes), align: 0
  Segment part 8. ROOT.       Intra module refs:   main
           ENTRY                   ADDRESS         REF BY
           =====                   =======         ======
           TACCR0                  0172 
    -------------------------------------------------------------------------
DATA16_Z
  Relative segment, address: 020B - 020B (0x1 bytes), align: 0
  Segment part 16.            Intra module refs:   MRFI_RxCompleteISR
                                                   main
           LOCAL                   ADDRESS         
           =====                   =======         
           sPktSem                 020B 
    -------------------------------------------------------------------------
DATA16_Z
  Relative segment, address: 020C - 020C (0x1 bytes), align: 0
  Segment part 17.            Intra module refs:   Timer_A
                                                   main
           LOCAL                   ADDRESS         
           =====                   =======         
           sSelfMeasureSem         020C 
    -------------------------------------------------------------------------
DATA16_C
  Relative segment, address: 8000 - 801A (0x1b bytes), align: 0
  Segment part 12.            Intra module refs:   main
    -------------------------------------------------------------------------
DATA16_C
  Relative segment, address: 801B - 8021 (0x7 bytes), align: 0
  Segment part 13.            Intra module refs:   main
    -------------------------------------------------------------------------
DATA16_C
  Relative segment, address: 8022 - 8026 (0x5 bytes), align: 0
  Segment part 14.            Intra module refs:   main
    -------------------------------------------------------------------------
DATA16_C
  Relative segment, address: 8027 - 802A (0x4 bytes), align: 0
  Segment part 15.            Intra module refs:   main
    -------------------------------------------------------------------------
DATA16_C
  Relative segment, address: 802B - 81B6 (0x18c bytes), align: 0
  Segment part 18.            Intra module refs:   main
           ENTRY                   ADDRESS         REF BY
           =====                   =======         ======
           splash                  802B 
    -------------------------------------------------------------------------
DATA16_I
  Relative segment, address: 0200 - 0201 (0x2 bytes), align: 1
  Segment part 19.            Intra module refs:   takeSample
           ENTRY                   ADDRESS         REF BY
           =====                   =======         ======
           tempOffset              0200 
    -------------------------------------------------------------------------
<CODE> 1 (was CODE)
  Relative segment, address: 8A3C - 8B1D (0xe2 bytes), align: 1
  Segment part 26.
           ENTRY                   ADDRESS         REF BY
           =====                   =======         ======
           main                    8A3C            Segment part 17 (?cstart)
               calls direct
               CSTACK = 00000000 ( 00000030 )
    -------------------------------------------------------------------------
<CODE> 1 (was CODE)
  Relative segment, address: 8B1E - 8BE7 (0xca bytes), align: 1
  Segment part 24.            Intra module refs:   main
           ENTRY                   ADDRESS         REF BY
           =====                   =======         ======
           takeSample              8B1E 
               CSTACK = 00000000 ( 0000000C )
    -------------------------------------------------------------------------
<CODE> 1 (was CODE)
  Relative segment, address: 9000 - 9015 (0x16 bytes), align: 1
  Segment part 25.            Intra module refs:   takeSample
           LOCAL                   ADDRESS         
           =====                   =======         
           ?Subroutine0            9000 
    -------------------------------------------------------------------------
<CODE> 1 (was CODE)
  Relative segment, address: 90BE - 90C5 (0x8 bytes), align: 1
  Segment part 23.            Intra module refs:   ADC10_ISR::??INTVEC 10
           ENTRY                   ADDRESS         REF BY
           =====                   =======         ======
           ADC10_ISR               90BE 
               interrupt function
               CSTACK = 00000000 ( 00000004 )
    -------------------------------------------------------------------------
<CODE> 1 (was CODE)
  Relative segment, address: 90CC - 90D1 (0x6 bytes), align: 1
  Segment part 22.            Intra module refs:   Timer_A::??INTVEC 18
           ENTRY                   ADDRESS         REF BY
           =====                   =======         ======
           Timer_A                 90CC 
               interrupt function
               CSTACK = 00000000 ( 00000004 )
    -------------------------------------------------------------------------
<CODE> 1 (was CODE)
  Relative segment, address: 90C6 - 90CB (0x6 bytes), align: 1
  Segment part 21.
           ENTRY                   ADDRESS         REF BY
           =====                   =======         ======
           MRFI_RxCompleteISR      90C6            Mrfi_SyncPinRxIsr (mrfi)
               CSTACK = 00000000 ( 00000002 )
    -------------------------------------------------------------------------
INTVEC
  Common segment, address: FFE0 - FFEB (0xc bytes), align: 1
  Segment part 9. ROOT.
           ENTRY                   ADDRESS         REF BY
           =====                   =======         ======
           ADC10_ISR::??INTVEC 10
                                   FFEA 
    -------------------------------------------------------------------------
INTVEC
  Common segment, address: FFE0 - FFF3 (0x14 bytes), align: 1
  Segment part 10. ROOT.
           ENTRY                   ADDRESS         REF BY
           =====                   =======         ======
           Timer_A::??INTVEC 18    FFF2 
    -------------------------------------------------------------------------
CSTACK
  Segment part 11. NOT NEEDED.
    -------------------------------------------------------------------------
DATA16_ID
  Relative segment, address: 825A - 825B (0x2 bytes), align: 1
  Segment part 20.            Intra module refs:   tempOffset
    -------------------------------------------------------------------------
CODE
  Segment part 27. TENTATIVE. Used definition from bsp
           ENTRY                   ADDRESS         REF BY
           =====                   =======         ======
           ?setjmp_save_r4         
    -------------------------------------------------------------------------
CODE
  Segment part 28. TENTATIVE. Used definition from bsp
           ENTRY                   ADDRESS         REF BY
           =====                   =======         ======
           ?setjmp_save_r5         

    *************************************************************************

  FILE NAME : C:\Users\flb.bwrclt61-1\Desktop\eZ430-RF2500\simpleif\CC2500 Sensor Demo-Access Point\Obj\mrfi.r43
  PROGRAM MODULE, NAME : mrfi

  SEGMENTS IN THE MODULE
  ======================
DATA16_AN
  Relative segment, address: 0003 - 0003 (0x1 bytes), align: 0
  Segment part 1. ROOT.       Intra module refs:   MRFI_Init
                                                   TXString (virtual_com_cmds)
                                                   mrfiSpiCmdStrobe
                                                   spiBurstFifoAccess
                                                   spiRegAccess
           ENTRY                   ADDRESS         REF BY
           =====                   =======         ======
           IFG2                    0003 
    -------------------------------------------------------------------------
DATA16_AN
  Relative segment, address: 0028 - 0028 (0x1 bytes), align: 0
  Segment part 2. ROOT.
           ENTRY                   ADDRESS         REF BY
           =====                   =======         ======
           P2IN                    0028 
    -------------------------------------------------------------------------
DATA16_AN
  Relative segment, address: 002B - 002B (0x1 bytes), align: 0
  Segment part 3. ROOT.       Intra module refs:   MRFI_GpioIsr
                                                   MRFI_Init
                                                   Mrfi_RxModeOff
                                                   Mrfi_RxModeOn
           ENTRY                   ADDRESS         REF BY
           =====                   =======         ======
           P2IFG                   002B 
    -------------------------------------------------------------------------
DATA16_AN
  Relative segment, address: 002C - 002C (0x1 bytes), align: 0
  Segment part 4. ROOT.       Intra module refs:   MRFI_Init
           ENTRY                   ADDRESS         REF BY
           =====                   =======         ======
           P2IES                   002C 
    -------------------------------------------------------------------------
DATA16_AN
  Relative segment, address: 002D - 002D (0x1 bytes), align: 0
  Segment part 5. ROOT.       Intra module refs:   MRFI_GpioIsr
                                                   Mrfi_RxModeOff
                                                   Mrfi_RxModeOn
           ENTRY                   ADDRESS         REF BY
           =====                   =======         ======
           P2IE                    002D 
    -------------------------------------------------------------------------
DATA16_AN
  Relative segment, address: 002E - 002E (0x1 bytes), align: 0
  Segment part 6. ROOT.       Intra module refs:   MRFI_Init
           ENTRY                   ADDRESS         REF BY
           =====                   =======         ======
           P2SEL                   002E 
    -------------------------------------------------------------------------
DATA16_AN
  Relative segment, address: 0018 - 0018 (0x1 bytes), align: 0
  Segment part 7. ROOT.       Intra module refs:   MRFI_Init
                                                   MRFI_WakeUp
           ENTRY                   ADDRESS         REF BY
           =====                   =======         ======
           P3IN                    0018 
    -------------------------------------------------------------------------
DATA16_AN
  Relative segment, address: 0019 - 0019 (0x1 bytes), align: 0
  Segment part 8. ROOT.       Intra module refs:   MRFI_Init
                                                   MRFI_WakeUp
                                                   mrfiSpiCmdStrobe
                                                   mrfiSpiInit
                                                   spiBurstFifoAccess
                                                   spiRegAccess
           ENTRY                   ADDRESS         REF BY
           =====                   =======         ======
           P3OUT                   0019 
    -------------------------------------------------------------------------
DATA16_AN
  Relative segment, address: 001A - 001A (0x1 bytes), align: 0
  Segment part 9. ROOT.       Intra module refs:   mrfiSpiInit
           ENTRY                   ADDRESS         REF BY
           =====                   =======         ======
           P3DIR                   001A 
    -------------------------------------------------------------------------
DATA16_AN
  Relative segment, address: 001B - 001B (0x1 bytes), align: 0
  Segment part 10. ROOT.      Intra module refs:   COM_Init (virtual_com_cmds)
                                                   mrfiSpiInit
           ENTRY                   ADDRESS         REF BY
           =====                   =======         ======
           P3SEL                   001B 
    -------------------------------------------------------------------------
DATA16_AN
  Relative segment, address: 0068 - 0068 (0x1 bytes), align: 0
  Segment part 11. ROOT.      Intra module refs:   mrfiSpiCmdStrobe
                                                   mrfiSpiInit
                                                   spiBurstFifoAccess
                                                   spiRegAccess
           ENTRY                   ADDRESS         REF BY
           =====                   =======         ======
           UCB0CTL0                0068 
    -------------------------------------------------------------------------
DATA16_AN
  Relative segment, address: 0069 - 0069 (0x1 bytes), align: 0
  Segment part 12. ROOT.      Intra module refs:   mrfiSpiInit
           ENTRY                   ADDRESS         REF BY
           =====                   =======         ======
           UCB0CTL1                0069 
    -------------------------------------------------------------------------
DATA16_AN
  Relative segment, address: 006A - 006A (0x1 bytes), align: 0
  Segment part 13. ROOT.      Intra module refs:   mrfiSpiInit
           ENTRY                   ADDRESS         REF BY
           =====                   =======         ======
           UCB0BR0                 006A 
    -------------------------------------------------------------------------
DATA16_AN
  Relative segment, address: 006B - 006B (0x1 bytes), align: 0
  Segment part 14. ROOT.      Intra module refs:   mrfiSpiInit
           ENTRY                   ADDRESS         REF BY
           =====                   =======         ======
           UCB0BR1                 006B 
    -------------------------------------------------------------------------
DATA16_AN
  Relative segment, address: 006E - 006E (0x1 bytes), align: 0
  Segment part 15. ROOT.      Intra module refs:   mrfiSpiCmdStrobe
                                                   spiBurstFifoAccess
                                                   spiRegAccess
           ENTRY                   ADDRESS         REF BY
           =====                   =======         ======
           UCB0RXBUF               006E 
    -------------------------------------------------------------------------
DATA16_AN
  Relative segment, address: 006F - 006F (0x1 bytes), align: 0
  Segment part 16. ROOT.      Intra module refs:   MRFI_Init
                                                   mrfiSpiCmdStrobe
                                                   spiBurstFifoAccess
                                                   spiRegAccess
           ENTRY                   ADDRESS         REF BY
           =====                   =======         ======
           UCB0TXBUF               006F 
    -------------------------------------------------------------------------
DATA16_C
  Relative segment, address: 81B7 - 81F2 (0x3c bytes), align: 0
  Segment part 19.            Intra module refs:   MRFI_Init
           LOCAL                   ADDRESS         
           =====                   =======         
           mrfiRadioCfg            81B7 
    -------------------------------------------------------------------------
DATA16_Z
  Relative segment, address: 020D - 020D (0x1 bytes), align: 0
  Segment part 20.            Intra module refs:   ?Subroutine13
                                                   ?Subroutine3
                                                   ?Subroutine6
                                                   MRFI_Init
                                                   MRFI_RxOn
                                                   MRFI_WakeUp
           LOCAL                   ADDRESS         
           =====                   =======         
           mrfiRadioState          020D 
    -------------------------------------------------------------------------
DATA16_Z
  Relative segment, address: 020E - 0225 (0x18 bytes), align: 0
  Segment part 21.            Intra module refs:   MRFI_Init
                                                   MRFI_Receive
                                                   Mrfi_SyncPinRxIsr
                                                   Segment part 50
           LOCAL                   ADDRESS         
           =====                   =======         
           mrfiIncomingPacket      020E 
    -------------------------------------------------------------------------
DATA16_Z
  Relative segment, address: 0226 - 0226 (0x1 bytes), align: 0
  Segment part 22.            Intra module refs:   MRFI_Init
           LOCAL                   ADDRESS         
           =====                   =======         
           mrfiRndSeed             0226 
    -------------------------------------------------------------------------
DATA16_Z
  Segment part 23. NOT NEEDED.
           LOCAL                   ADDRESS         
           =====                   =======         
           sKillSem                
    -------------------------------------------------------------------------
DATA16_Z
  Segment part 24. NOT NEEDED.
           LOCAL                   ADDRESS         
           =====                   =======         
           sReplyDelayContext      
    -------------------------------------------------------------------------
DATA16_Z
  Relative segment, address: 0206 - 0207 (0x2 bytes), align: 1
  Segment part 25.            Intra module refs:   MRFI_Init
           LOCAL                   ADDRESS         
           =====                   =======         
           sReplyDelayScalar       0206 
    -------------------------------------------------------------------------
DATA16_Z
  Relative segment, address: 0208 - 0209 (0x2 bytes), align: 1
  Segment part 26.            Intra module refs:   MRFI_Init
           LOCAL                   ADDRESS         
           =====                   =======         
           sBackoffHelper          0208 
    -------------------------------------------------------------------------
DATA16_C
  Relative segment, address: 81F3 - 81F6 (0x4 bytes), align: 0
  Segment part 27.            Intra module refs:   MRFI_RxAddrIsFiltered
           ENTRY                   ADDRESS         REF BY
           =====                   =======         ======
           mrfiBroadcastAddr       81F3 
    -------------------------------------------------------------------------
DATA16_C
  Relative segment, address: 81F7 - 81FA (0x4 bytes), align: 0
  Segment part 28.            Intra module refs:   MRFI_SetLogicalChannel
           LOCAL                   ADDRESS         
           =====                   =======         
           mrfiLogicalChanTable    81F7 
    -------------------------------------------------------------------------
DATA16_C
  Relative segment, address: 81FB - 81FD (0x3 bytes), align: 0
  Segment part 29.            Intra module refs:   MRFI_SetRFPwr
           LOCAL                   ADDRESS         
           =====                   =======         
           mrfiRFPowerTable        81FB 
    -------------------------------------------------------------------------
DATA16_Z
  Relative segment, address: 0227 - 0227 (0x1 bytes), align: 0
  Segment part 30.            Intra module refs:   MRFI_RxAddrIsFiltered
           LOCAL                   ADDRESS         
           =====                   =======         
           mrfiRxFilterEnabled     0227 
    -------------------------------------------------------------------------
DATA16_I
  Relative segment, address: 0202 - 0205 (0x4 bytes), align: 0
  Segment part 31.            Intra module refs:   MRFI_RxAddrIsFiltered
           LOCAL                   ADDRESS         
           =====                   =======         
           mrfiRxFilterAddr        0202 
    -------------------------------------------------------------------------
<CODE> 1 (was CODE)
  Relative segment, address: 8290 - 82CD (0x3e bytes), align: 1
  Segment part 34.            Intra module refs:   Mrfi_SyncPinRxIsr
           ENTRY                   ADDRESS         REF BY
           =====                   =======         ======
           MRFI_RxAddrIsFiltered   8290 
               CSTACK = 00000000 ( 00000006 )
    -------------------------------------------------------------------------
<CODE> 1 (was CODE)
  Relative segment, address: 82CE - 82E3 (0x16 bytes), align: 1
  Segment part 35.            Intra module refs:   ?Subroutine11
                                                   MRFI_Init
                                                   Mrfi_RxModeOff
                                                   Mrfi_RxModeOn
                                                   Mrfi_SyncPinRxIsr
           ENTRY                   ADDRESS         REF BY
           =====                   =======         ======
           mrfiSpiCmdStrobe        82CE 
               CSTACK = 00000000 ( 00000002 )
    -------------------------------------------------------------------------
<CODE> 1 (was CODE)
  Relative segment, address: 82E4 - 82EB (0x8 bytes), align: 1
  Segment part 36.            Intra module refs:   mrfiSpiCmdStrobe
                                                   spiRegAccess
           LOCAL                   ADDRESS         
           =====                   =======         
           ?Subroutine0            82E4 
    -------------------------------------------------------------------------
<CODE> 1 (was CODE)
  Relative segment, address: 82EC - 82F3 (0x8 bytes), align: 1
  Segment part 37.            Intra module refs:   ?Subroutine0
                                                   spiBurstFifoAccess
    -------------------------------------------------------------------------
<CODE> 1 (was CODE)
  Relative segment, address: 82F4 - 834D (0x5a bytes), align: 1
  Segment part 38.            Intra module refs:   mrfiSpiReadRxFifo
           LOCAL                   ADDRESS         
           =====                   =======         
           spiBurstFifoAccess      82F4 
               CSTACK = 00000000 ( 00000002 )
    -------------------------------------------------------------------------
<CODE> 1 (was CODE)
  Relative segment, address: 834E - 8351 (0x4 bytes), align: 1
  Segment part 39.            Intra module refs:   mrfiSpiCmdStrobe
                                                   spiBurstFifoAccess
                                                   spiRegAccess
           LOCAL                   ADDRESS         
           =====                   =======         
           ?Subroutine4            834E 
    -------------------------------------------------------------------------
<CODE> 1 (was CODE)
  Relative segment, address: 8352 - 835B (0xa bytes), align: 1
  Segment part 40.            Intra module refs:   ?Subroutine4
                                                   MRFI_Init
                                                   spiBurstFifoAccess
           LOCAL                   ADDRESS         
           =====                   =======         
           ?Subroutine19           8352 
    -------------------------------------------------------------------------
<CODE> 1 (was CODE)
  Relative segment, address: 835C - 8365 (0xa bytes), align: 1
  Segment part 41.            Intra module refs:   Mrfi_SyncPinRxIsr
           ENTRY                   ADDRESS         REF BY
           =====                   =======         ======
           mrfiSpiReadRxFifo       835C 
               calls direct
               CSTACK = 00000000 ( 00000002 )
    -------------------------------------------------------------------------
<CODE> 1 (was CODE)
  Relative segment, address: 8366 - 837B (0x16 bytes), align: 1
  Segment part 42.            Intra module refs:   mrfiSpiReadReg
                                                   mrfiSpiWriteReg
           LOCAL                   ADDRESS         
           =====                   =======         
           spiRegAccess            8366 
               CSTACK = 00000000 ( 00000002 )
    -------------------------------------------------------------------------
<CODE> 1 (was CODE)
  Relative segment, address: 837C - 8383 (0x8 bytes), align: 1
  Segment part 43.            Intra module refs:   ?Subroutine0
                                                   MRFI_Init
                                                   spiBurstFifoAccess
                                                   spiRegAccess
           LOCAL                   ADDRESS         
           =====                   =======         
           ?Subroutine12           837C 
    -------------------------------------------------------------------------
<CODE> 1 (was CODE)
  Relative segment, address: 8384 - 8391 (0xe bytes), align: 1
  Segment part 44.            Intra module refs:   mrfiSpiCmdStrobe
                                                   spiRegAccess
           LOCAL                   ADDRESS         
           =====                   =======         
           ?Subroutine8            8384 
    -------------------------------------------------------------------------
<CODE> 1 (was CODE)
  Relative segment, address: 8392 - 83A1 (0x10 bytes), align: 1
  Segment part 45.            Intra module refs:   ?Subroutine8
                                                   spiBurstFifoAccess
           LOCAL                   ADDRESS         
           =====                   =======         
           ?Subroutine18           8392 
    -------------------------------------------------------------------------
<CODE> 1 (was CODE)
  Relative segment, address: 83A2 - 83B5 (0x14 bytes), align: 1
  Segment part 46.            Intra module refs:   MRFI_Init
                                                   Mrfi_SyncPinRxIsr
           ENTRY                   ADDRESS         REF BY
           =====                   =======         ======
           mrfiSpiReadReg          83A2 
               calls direct
               CSTACK = 00000000 ( 00000002 )
    -------------------------------------------------------------------------
<CODE> 1 (was CODE)
  Relative segment, address: 83B6 - 83BF (0xa bytes), align: 1
  Segment part 47.            Intra module refs:   ?Subroutine5
                                                   mrfiSpiCmdStrobe
                                                   mrfiSpiReadReg
           LOCAL                   ADDRESS         
           =====                   =======         
           ?Subroutine17           83B6 
    -------------------------------------------------------------------------
<CODE> 1 (was CODE)
  Relative segment, address: 83C0 - 847B (0xbc bytes), align: 1
  Segment part 48.            Intra module refs:   MRFI_GpioIsr
           LOCAL                   ADDRESS         
           =====                   =======         
           Mrfi_SyncPinRxIsr       83C0 
               calls direct and indirect
               CSTACK = 00000000 ( 00000008 )
    -------------------------------------------------------------------------
<CODE> 1 (was CODE)
  Relative segment, address: 847C - 847F (0x4 bytes), align: 1
  Segment part 49.            Intra module refs:   MRFI_Init
                                                   Mrfi_SyncPinRxIsr
           LOCAL                   ADDRESS         
           =====                   =======         
           ?Subroutine15           847C 
    -------------------------------------------------------------------------
<CODE> 1 (was CODE)
  Relative segment, address: 8480 - 8489 (0xa bytes), align: 1
  Segment part 50.            Intra module refs:   ?Subroutine15
                                                   MRFI_Init
    -------------------------------------------------------------------------
<CODE> 1 (was CODE)
  Relative segment, address: 848A - 84A3 (0x1a bytes), align: 1
  Segment part 51.            Intra module refs:   BSP_GpioPort1Isr
           ENTRY                   ADDRESS         REF BY
           =====                   =======         ======
           MRFI_GpioIsr            848A 
               calls direct
               CSTACK = 00000000 ( 00000002 )
    -------------------------------------------------------------------------
<CODE> 1 (was CODE)
  Relative segment, address: 84A4 - 84B9 (0x16 bytes), align: 1
  Segment part 52.            Intra module refs:   BSP_GpioPort1Isr::??INTVEC 6
           ENTRY                   ADDRESS         REF BY
           =====                   =======         ======
           BSP_GpioPort1Isr        84A4 
               interrupt function
               calls direct
               CSTACK = 00000000 ( 0000000C )
    -------------------------------------------------------------------------
<CODE> 1 (was CODE)
  Relative segment, address: 84BA - 84CB (0x12 bytes), align: 1
  Segment part 53.            Intra module refs:   ?Subroutine13
                                                   MRFI_Init
                                                   MRFI_WakeUp
           ENTRY                   ADDRESS         REF BY
           =====                   =======         ======
           mrfiSpiWriteReg         84BA 
               calls direct
               CSTACK = 00000000 ( 00000002 )
    -------------------------------------------------------------------------
CODE
  Segment part 54. NOT NEEDED.
           ENTRY                   ADDRESS         REF BY
           =====                   =======         ======
           MRFI_DisableRxAddrFilter
                                   
               calls direct
    -------------------------------------------------------------------------
CODE
  Segment part 55. NOT NEEDED.
           ENTRY                   ADDRESS         REF BY
           =====                   =======         ======
           MRFI_EnableRxAddrFilter
                                   
               calls direct
    -------------------------------------------------------------------------
<CODE> 1 (was CODE)
  Relative segment, address: 84CC - 84D5 (0xa bytes), align: 1
  Segment part 56.            Intra module refs:   spiBurstFifoAccess
           LOCAL                   ADDRESS         
           =====                   =======         
           ?Subroutine7            84CC 
    -------------------------------------------------------------------------
CODE
  Segment part 57. NOT NEEDED.
           ENTRY                   ADDRESS         REF BY
           =====                   =======         ======
           MRFI_SetRxAddrFilter    
               calls direct
    -------------------------------------------------------------------------
<CODE> 1 (was CODE)
  Relative segment, address: 84D6 - 84E9 (0x14 bytes), align: 1
  Segment part 58.            Intra module refs:   ?Subroutine13
                                                   MRFI_RxOn
           LOCAL                   ADDRESS         
           =====                   =======         
           Mrfi_RxModeOn           84D6 
               calls direct
               CSTACK = 00000000 ( 00000002 )
    -------------------------------------------------------------------------
<CODE> 1 (was CODE)
  Relative segment, address: 84EA - 84FB (0x12 bytes), align: 1
  Segment part 59.            Intra module refs:   ?Subroutine5
                                                   MRFI_Init
           LOCAL                   ADDRESS         
           =====                   =======         
           Mrfi_RxModeOff          84EA 
               calls direct
               CSTACK = 00000000 ( 00000002 )
    -------------------------------------------------------------------------
<CODE> 1 (was CODE)
  Relative segment, address: 84FC - 8503 (0x8 bytes), align: 1
  Segment part 60.            Intra module refs:   MRFI_GpioIsr
                                                   MRFI_Init
                                                   Mrfi_RxModeOff
                                                   Mrfi_RxModeOn
           LOCAL                   ADDRESS         
           =====                   =======         
           ?Subroutine16           84FC 
    -------------------------------------------------------------------------
<CODE> 1 (was CODE)
  Relative segment, address: 8504 - 8515 (0x12 bytes), align: 1
  Segment part 61.            Intra module refs:   MRFI_Init
           ENTRY                   ADDRESS         REF BY
           =====                   =======         ======
           MRFI_SetRFPwr           8504 
               calls direct
               CSTACK = 00000000 ( 00000002 )
    -------------------------------------------------------------------------
<CODE> 1 (was CODE)
  Relative segment, address: 8516 - 8527 (0x12 bytes), align: 1
  Segment part 62.            Intra module refs:   MRFI_SetLogicalChannel
                                                   MRFI_SetRFPwr
           LOCAL                   ADDRESS         
           =====                   =======         
           ?Subroutine13           8516 
    -------------------------------------------------------------------------
<CODE> 1 (was CODE)
  Relative segment, address: 8528 - 8539 (0x12 bytes), align: 1
  Segment part 63.            Intra module refs:   MRFI_Init
           ENTRY                   ADDRESS         REF BY
           =====                   =======         ======
           MRFI_SetLogicalChannel
                                   8528 
               calls direct
               CSTACK = 00000000 ( 00000002 )
    -------------------------------------------------------------------------
<CODE> 1 (was CODE)
  Relative segment, address: 853A - 8541 (0x8 bytes), align: 1
  Segment part 64.            Intra module refs:   MRFI_SetLogicalChannel
                                                   MRFI_SetRFPwr
           LOCAL                   ADDRESS         
           =====                   =======         
           ?Subroutine5            853A 
    -------------------------------------------------------------------------
CODE
  Segment part 65. NOT NEEDED.
           ENTRY                   ADDRESS         REF BY
           =====                   =======         ======
           mrfiSpiWriteTxFifo      
               calls direct
    -------------------------------------------------------------------------
<CODE> 1 (was CODE)
  Relative segment, address: 8542 - 8575 (0x34 bytes), align: 1
  Segment part 66.            Intra module refs:   MRFI_Init
           ENTRY                   ADDRESS         REF BY
           =====                   =======         ======
           mrfiSpiInit             8542 
               CSTACK = 00000000 ( 00000002 )
    -------------------------------------------------------------------------
CODE
  Segment part 67. NOT NEEDED.
           ENTRY                   ADDRESS         REF BY
           =====                   =======         ======
           MRFI_GetRadioState      
    -------------------------------------------------------------------------
CODE
  Segment part 68. NOT NEEDED.
           ENTRY                   ADDRESS         REF BY
           =====                   =======         ======
           MRFI_PostKillSem        
    -------------------------------------------------------------------------
CODE
  Segment part 69. NOT NEEDED.
           ENTRY                   ADDRESS         REF BY
           =====                   =======         ======
           MRFI_ReplyDelay         
               calls direct
    -------------------------------------------------------------------------
<CODE> 1 (was CODE)
  Relative segment, address: 8576 - 8595 (0x20 bytes), align: 1
  Segment part 70.            Intra module refs:   MRFI_Init
           LOCAL                   ADDRESS         
           =====                   =======         
           Mrfi_DelayUsec          8576 
               calls direct
               CSTACK = 00000000 ( 00000006 )
    -------------------------------------------------------------------------
<CODE> 1 (was CODE)
  Relative segment, address: 8596 - 859B (0x6 bytes), align: 1
  Segment part 71.            Intra module refs:   MRFI_Init
                                                   MRFI_RxAddrIsFiltered
                                                   Mrfi_DelayUsec
                                                   Mrfi_SyncPinRxIsr
           LOCAL                   ADDRESS         
           =====                   =======         
           ?Subroutine2            8596 
    -------------------------------------------------------------------------
<CODE> 1 (was CODE)
  Relative segment, address: 859C - 85A7 (0xc bytes), align: 1
  Segment part 72.            Intra module refs:   Mrfi_DelayUsec
           LOCAL                   ADDRESS         
           =====                   =======         
           ?Subroutine9            859C 
    -------------------------------------------------------------------------
CODE
  Segment part 73. NOT NEEDED.
           ENTRY                   ADDRESS         REF BY
           =====                   =======         ======
           MRFI_DelayMs            
               calls direct
    -------------------------------------------------------------------------
CODE
  Segment part 74. NOT NEEDED.
           ENTRY                   ADDRESS         REF BY
           =====                   =======         ======
           MRFI_RandomByte         
    -------------------------------------------------------------------------
CODE
  Segment part 75. NOT NEEDED.
           ENTRY                   ADDRESS         REF BY
           =====                   =======         ======
           MRFI_Rssi               
               calls direct
    -------------------------------------------------------------------------
<CODE> 1 (was CODE)
  Relative segment, address: 85A8 - 85E9 (0x42 bytes), align: 1
  Segment part 76.
           ENTRY                   ADDRESS         REF BY
           =====                   =======         ======
           MRFI_WakeUp             85A8            main (main_AP)
               calls direct
               CSTACK = 00000000 ( 00000002 )
    -------------------------------------------------------------------------
<CODE> 1 (was CODE)
  Relative segment, address: 85EA - 8601 (0x18 bytes), align: 1
  Segment part 77.            Intra module refs:   MRFI_WakeUp
                                                   Mrfi_RxModeOff
           LOCAL                   ADDRESS         
           =====                   =======         
           ?Subroutine11           85EA 
    -------------------------------------------------------------------------
CODE
  Segment part 78. NOT NEEDED.
           ENTRY                   ADDRESS         REF BY
           =====                   =======         ======
           MRFI_RxIdle             
               calls direct
    -------------------------------------------------------------------------
CODE
  Segment part 79. NOT NEEDED.
           ENTRY                   ADDRESS         REF BY
           =====                   =======         ======
           MRFI_Sleep              
               calls direct
    -------------------------------------------------------------------------
<CODE> 1 (was CODE)
  Relative segment, address: 8602 - 8613 (0x12 bytes), align: 1
  Segment part 80.
           ENTRY                   ADDRESS         REF BY
           =====                   =======         ======
           MRFI_RxOn               8602            main (main_AP)
               calls direct
               CSTACK = 00000000 ( 00000002 )
    -------------------------------------------------------------------------
<CODE> 1 (was CODE)
  Relative segment, address: 8614 - 8627 (0x14 bytes), align: 1
  Segment part 81.            Intra module refs:   MRFI_RxOn
           LOCAL                   ADDRESS         
           =====                   =======         
           ?Subroutine6            8614 
    -------------------------------------------------------------------------
<CODE> 1 (was CODE)
  Relative segment, address: 8628 - 8633 (0xc bytes), align: 1
  Segment part 82.
           ENTRY                   ADDRESS         REF BY
           =====                   =======         ======
           MRFI_Receive            8628            main (main_AP)
               CSTACK = 00000000 ( 00000002 )
    -------------------------------------------------------------------------
CODE
  Segment part 83. NOT NEEDED.
           ENTRY                   ADDRESS         REF BY
           =====                   =======         ======
           MRFI_Transmit           
               calls direct and indirect
    -------------------------------------------------------------------------
CODE
  Segment part 84. NOT NEEDED.
    -------------------------------------------------------------------------
<CODE> 1 (was CODE)
  Relative segment, address: 8634 - 876D (0x13a bytes), align: 1
  Segment part 85.
           ENTRY                   ADDRESS         REF BY
           =====                   =======         ======
           MRFI_Init               8634            main (main_AP)
               calls direct and indirect
               CSTACK = 00000000 ( 00000006 )
    -------------------------------------------------------------------------
<CODE> 1 (was CODE)
  Relative segment, address: 904C - 905B (0x10 bytes), align: 1
  Segment part 86.            Intra module refs:   MRFI_Init
                                                   Mrfi_SyncPinRxIsr
                                                   mrfiSpiWriteReg
           LOCAL                   ADDRESS         
           =====                   =======         
           ?Subroutine3            904C 
    -------------------------------------------------------------------------
<CODE> 1 (was CODE)
  Relative segment, address: 8F16 - 8F3D (0x28 bytes), align: 1
  Segment part 33.            Intra module refs:   Mrfi_SyncPinRxIsr
           LOCAL                   ADDRESS         
           =====                   =======         
           Mrfi_CalculateRssi      8F16 
               CSTACK = 00000000 ( 00000002 )
    -------------------------------------------------------------------------
INTVEC
  Common segment, address: FFE0 - FFE7 (0x8 bytes), align: 1
  Segment part 17. ROOT.
           ENTRY                   ADDRESS         REF BY
           =====                   =======         ======
           BSP_GpioPort1Isr::??INTVEC 6
                                   FFE6 
    -------------------------------------------------------------------------
CSTACK
  Segment part 18. NOT NEEDED.
    -------------------------------------------------------------------------
DATA16_ID
  Relative segment, address: 825C - 825F (0x4 bytes), align: 0
  Segment part 32.            Intra module refs:   mrfiRxFilterAddr
    -------------------------------------------------------------------------
CODE
  Segment part 87. TENTATIVE. Used definition from bsp
           ENTRY                   ADDRESS         REF BY
           =====                   =======         ======
           ?setjmp_save_r4         
    -------------------------------------------------------------------------
CODE
  Segment part 88. TENTATIVE. Used definition from bsp
           ENTRY                   ADDRESS         REF BY
           =====                   =======         ======
           ?setjmp_save_r5         

    *************************************************************************

  FILE NAME : C:\Users\flb.bwrclt61-1\Desktop\eZ430-RF2500\simpleif\CC2500 Sensor Demo-Access Point\Obj\virtual_com_cmds.r43
  PROGRAM MODULE, NAME : virtual_com_cmds

  SEGMENTS IN THE MODULE
  ======================
DATA16_AN
  Relative segment, address: 0001 - 0001 (0x1 bytes), align: 0
  Segment part 1. ROOT.       Intra module refs:   COM_Init
           ENTRY                   ADDRESS         REF BY
           =====                   =======         ======
           IE2                     0001 
    -------------------------------------------------------------------------
DATA16_AN
  Segment part 2. TENTATIVE. Used definition from mrfi
           ENTRY                   ADDRESS         REF BY
           =====                   =======         ======
           IFG2                    
    -------------------------------------------------------------------------
DATA16_AN
  Segment part 3. TENTATIVE. Used definition from mrfi
           ENTRY                   ADDRESS         REF BY
           =====                   =======         ======
           P3SEL                   
    -------------------------------------------------------------------------
DATA16_AN
  Relative segment, address: 0061 - 0061 (0x1 bytes), align: 0
  Segment part 4. ROOT.       Intra module refs:   COM_Init
           ENTRY                   ADDRESS         REF BY
           =====                   =======         ======
           UCA0CTL1                0061 
    -------------------------------------------------------------------------
DATA16_AN
  Relative segment, address: 0062 - 0062 (0x1 bytes), align: 0
  Segment part 5. ROOT.       Intra module refs:   COM_Init
           ENTRY                   ADDRESS         REF BY
           =====                   =======         ======
           UCA0BR0                 0062 
    -------------------------------------------------------------------------
DATA16_AN
  Relative segment, address: 0063 - 0063 (0x1 bytes), align: 0
  Segment part 6. ROOT.       Intra module refs:   COM_Init
           ENTRY                   ADDRESS         REF BY
           =====                   =======         ======
           UCA0BR1                 0063 
    -------------------------------------------------------------------------
DATA16_AN
  Relative segment, address: 0064 - 0064 (0x1 bytes), align: 0
  Segment part 7. ROOT.       Intra module refs:   COM_Init
           ENTRY                   ADDRESS         REF BY
           =====                   =======         ======
           UCA0MCTL                0064 
    -------------------------------------------------------------------------
DATA16_AN
  Relative segment, address: 0066 - 0066 (0x1 bytes), align: 0
  Segment part 8. ROOT.       Intra module refs:   USCI0RX_ISR
           ENTRY                   ADDRESS         REF BY
           =====                   =======         ======
           UCA0RXBUF               0066 
    -------------------------------------------------------------------------
DATA16_AN
  Relative segment, address: 0067 - 0067 (0x1 bytes), align: 0
  Segment part 9. ROOT.       Intra module refs:   TXString
           ENTRY                   ADDRESS         REF BY
           =====                   =======         ======
           UCA0TXBUF               0067 
    -------------------------------------------------------------------------
DATA16_Z
  Relative segment, address: 0228 - 0228 (0x1 bytes), align: 0
  Segment part 15.            Intra module refs:   USCI0RX_ISR
                                                   transmitDataString
           LOCAL                   ADDRESS         
           =====                   =======         
           verboseMode             0228 
    -------------------------------------------------------------------------
DATA16_Z
  Relative segment, address: 0229 - 0229 (0x1 bytes), align: 0
  Segment part 16.            Intra module refs:   USCI0RX_ISR
                                                   transmitData
                                                   transmitDataString
           LOCAL                   ADDRESS         
           =====                   =======         
           degCMode                0229 
    -------------------------------------------------------------------------
<CODE> 1 (was CODE)
  Relative segment, address: 8EEE - 8F15 (0x28 bytes), align: 1
  Segment part 27.
           ENTRY                   ADDRESS         REF BY
           =====                   =======         ======
           COM_Init                8EEE            main (main_AP)
               CSTACK = 00000000 ( 00000002 )
    -------------------------------------------------------------------------
<CODE> 1 (was CODE)
  Relative segment, address: 8FB6 - 8FCF (0x1a bytes), align: 1
  Segment part 18.            Intra module refs:   transmitDataString
           ENTRY                   ADDRESS         REF BY
           =====                   =======         ======
           TXString                8FB6            main (main_AP)
               CSTACK = 00000000 ( 00000002 )
    -------------------------------------------------------------------------
<CODE> 1 (was CODE)
  Relative segment, address: 876E - 892B (0x1be bytes), align: 1
  Segment part 19.            Intra module refs:   transmitData
           ENTRY                   ADDRESS         REF BY
           =====                   =======         ======
           transmitDataString      876E            main (main_AP)
               calls direct
               CSTACK = 00000000 ( 00000070 )
    -------------------------------------------------------------------------
<CODE> 1 (was CODE)
  Relative segment, address: 908A - 9097 (0xe bytes), align: 1
  Segment part 20.            Intra module refs:   transmitDataString
           LOCAL                   ADDRESS         
           =====                   =======         
           ?Subroutine2            908A 
    -------------------------------------------------------------------------
<CODE> 1 (was CODE)
  Relative segment, address: 90B6 - 90BD (0x8 bytes), align: 1
  Segment part 21.            Intra module refs:   ?Subroutine2
                                                   transmitDataString
           LOCAL                   ADDRESS         
           =====                   =======         
           ?Subroutine3            90B6 
    -------------------------------------------------------------------------
<CODE> 1 (was CODE)
  Relative segment, address: 9098 - 90A1 (0xa bytes), align: 1
  Segment part 22.            Intra module refs:   transmitDataString
           LOCAL                   ADDRESS         
           =====                   =======         
           ?Subroutine1            9098 
    -------------------------------------------------------------------------
<CODE> 1 (was CODE)
  Relative segment, address: 8BE8 - 8C7F (0x98 bytes), align: 1
  Segment part 23.
           ENTRY                   ADDRESS         REF BY
           =====                   =======         ======
           transmitData            8BE8            main (main_AP)
               calls direct
               CSTACK = 00000000 ( 00000016 )
    -------------------------------------------------------------------------
<CODE> 1 (was CODE)
  Relative segment, address: 906C - 906D (0x2 bytes), align: 1
  Segment part 24.            Intra module refs:   transmitData
           LOCAL                   ADDRESS         
           =====                   =======         
           ?Subroutine0            906C 
    -------------------------------------------------------------------------
<CODE> 1 (was CODE)
  Relative segment, address: 906E - 9071 (0x4 bytes), align: 1
  Segment part 25.            Intra module refs:   ?Subroutine0
                                                   transmitData
    -------------------------------------------------------------------------
<CODE> 1 (was CODE)
  Relative segment, address: 9072 - 907B (0xa bytes), align: 1
  Segment part 26.            Intra module refs:   ?Subroutine0
                                                   Segment part 25
                                                   transmitData
           LOCAL                   ADDRESS         
           =====                   =======         
           ?Subroutine4            9072 
    -------------------------------------------------------------------------
<CODE> 1 (was CODE)
  Relative segment, address: 8D12 - 8D61 (0x50 bytes), align: 1
  Segment part 17.            Intra module refs:   USCI0RX_ISR::??INTVEC 14
           ENTRY                   ADDRESS         REF BY
           =====                   =======         ======
           USCI0RX_ISR             8D12 
               interrupt function
               CSTACK = 00000000 ( 00000006 )
    -------------------------------------------------------------------------
INTVEC
  Common segment, address: FFE0 - FFEF (0x10 bytes), align: 1
  Segment part 10. ROOT.
           ENTRY                   ADDRESS         REF BY
           =====                   =======         ======
           USCI0RX_ISR::??INTVEC 14
                                   FFEE 
    -------------------------------------------------------------------------
CSTACK
  Segment part 11. NOT NEEDED.
    -------------------------------------------------------------------------
CODE
  Segment part 28. TENTATIVE. Used definition from bsp
           ENTRY                   ADDRESS         REF BY
           =====                   =======         ======
           ?setjmp_save_r4         
    -------------------------------------------------------------------------
CODE
  Segment part 29. TENTATIVE. Used definition from bsp
           ENTRY                   ADDRESS         REF BY
           =====                   =======         ======
           ?setjmp_save_r5         
    -------------------------------------------------------------------------
DATA16_C
  Relative segment, address: 81FE - 8204 (0x7 bytes), align: 0
  Segment part 12.            Intra module refs:   transmitDataString
    -------------------------------------------------------------------------
DATA16_C
  Relative segment, address: 8205 - 823E (0x3a bytes), align: 0
  Segment part 13.            Intra module refs:   transmitDataString
    -------------------------------------------------------------------------
DATA16_C
  Relative segment, address: 823F - 8258 (0x1a bytes), align: 0
  Segment part 14.            Intra module refs:   transmitDataString

    *************************************************************************

  FILE NAME : C:\Program Files\IAR Systems\Embedded Workbench 6.0 Kickstart\430\LIB\CLIB\cl430f.r43
  LIBRARY MODULE, NAME : ?_exit

  SEGMENTS IN THE MODULE
  ======================
<CODE> 1 (was CODE)
  Relative segment, address: 90DA, align: 1
  Segment part 0.
           ENTRY                   ADDRESS         REF BY
           =====                   =======         ======
           _exit                   90DA            exit (?clibexit)
    -------------------------------------------------------------------------
CODE
  Segment part 1. NOT NEEDED.
    -------------------------------------------------------------------------
CODE
  Segment part 2. NOT NEEDED.
           ENTRY                   ADDRESS         REF BY
           =====                   =======         ======
           __cstart_call_dtors     
    -------------------------------------------------------------------------
CODE
  Segment part 3. NOT NEEDED.
           ENTRY                   ADDRESS         REF BY
           =====                   =======         ======
           __cstart_closeall       
    -------------------------------------------------------------------------
CODE
  Segment part 4. NOT NEEDED.
           ENTRY                   ADDRESS         REF BY
           =====                   =======         ======
           __cstart_clearlocks     
    -------------------------------------------------------------------------
CODE
  Segment part 5. NOT NEEDED.
    -------------------------------------------------------------------------
<CODE> 1 (was CODE)
  Relative segment, address: 90DA - 90DD (0x4 bytes), align: 1
  Segment part 6.             Intra module refs:   _exit

    -------------------------------------------------------------------------
  LIBRARY MODULE, NAME : ?clibexit

  SEGMENTS IN THE MODULE
  ======================
<CODE> 1 (was CODE)
  Relative segment, address: 90D2 - 90D5 (0x4 bytes), align: 1
  Segment part 2.
           ENTRY                   ADDRESS         REF BY
           =====                   =======         ======
           exit                    90D2            Segment part 17 (?cstart)
               calls direct
               CSTACK = 00000000 ( 00000002 )
    -------------------------------------------------------------------------
CSTACK
  Segment part 1. NOT NEEDED.

    -------------------------------------------------------------------------
  LIBRARY MODULE, NAME : ?clibstubs

  SEGMENTS IN THE MODULE
  ======================
CODE
  Segment part 4. NOT NEEDED.
           ENTRY                   ADDRESS         REF BY
           =====                   =======         ======
           __call_ctors            
    -------------------------------------------------------------------------
CODE
  Segment part 3. NOT NEEDED.
           ENTRY                   ADDRESS         REF BY
           =====                   =======         ======
           __call_dtors            
    -------------------------------------------------------------------------
CODE
  Segment part 2. NOT NEEDED.
           ENTRY                   ADDRESS         REF BY
           =====                   =======         ======
           _Close_all              
    -------------------------------------------------------------------------
CSTACK
  Segment part 1. NOT NEEDED.

    -------------------------------------------------------------------------
  LIBRARY MODULE, NAME : ?__exit

  SEGMENTS IN THE MODULE
  ======================
<CODE> 1 (was CODE)
  Relative segment, address: 90DE - 90DF (0x2 bytes), align: 1
  Segment part 0.
           ENTRY                   ADDRESS         REF BY
           =====                   =======         ======
           __exit                  90DE            Segment part 6 (?_exit)
                                                   _exit (?_exit)
           ?C_EXIT                 90DE 

    -------------------------------------------------------------------------
  LIBRARY MODULE, NAME : ?cstart

  SEGMENTS IN THE MODULE
  ======================
HEAP
  Segment part 0. NOT NEEDED.
    -------------------------------------------------------------------------
CSTACK
  Relative segment, address: 0538, align: 1
  Segment part 1.
    -------------------------------------------------------------------------
DATA16_Z
  Relative segment, address: 020A, align: 1
  Segment part 2.
    -------------------------------------------------------------------------
DATA16_I
  Relative segment, address: 0202, align: 1
  Segment part 3.
    -------------------------------------------------------------------------
DATA16_ID
  Relative segment, address: 825C, align: 1
  Segment part 4.
    -------------------------------------------------------------------------
CODE_I
  Segment part 5. NOT NEEDED.
    -------------------------------------------------------------------------
CODE_ID
  Segment part 6. NOT NEEDED.
    -------------------------------------------------------------------------
TLS16_I
  Segment part 7. NOT NEEDED.
    -------------------------------------------------------------------------
TLS16_ID
  Segment part 8. NOT NEEDED.
    -------------------------------------------------------------------------
CSTART
  Relative segment, address: 8260 - 8263 (0x4 bytes), align: 1
  Segment part 9.
           ENTRY                   ADDRESS         REF BY
           =====                   =======         ======
           __program_start         8260            ?reset_vector (?reset_vector)
                                                   Absolute parts (?ABS_ENTRY_MOD)
           ?cstart_begin           8260 
    -------------------------------------------------------------------------
CSTART
  Relative segment, address: 8264 - 826B (0x8 bytes), align: 1
  Segment part 10.
           ENTRY                   ADDRESS         REF BY
           =====                   =======         ======
           ?cstart_call_low_level_init
                                   8264            __low_level_init (bsp)
    -------------------------------------------------------------------------
CSTART
  Segment part 11. NOT NEEDED.
           ENTRY                   ADDRESS         REF BY
           =====                   =======         ======
           ?cstart_init_copy_ramfunc
                                   
    -------------------------------------------------------------------------
CSTART
  Relative segment, address: 826C - 8277 (0xc bytes), align: 1
  Segment part 12.
           ENTRY                   ADDRESS         REF BY
           =====                   =======         ======
           ?cstart_init_zero       826C            degCMode (virtual_com_cmds)
                                                   mrfiIncomingPacket (mrfi)
                                                   mrfiRadioState (mrfi)
                                                   mrfiRndSeed (mrfi)
                                                   mrfiRxFilterEnabled (mrfi)
                                                   sBackoffHelper (mrfi)
                                                   sIterationsPerUsec (bsp)
                                                   sPktSem (main_AP)
                                                   sReplyDelayScalar (mrfi)
                                                   sSelfMeasureSem (main_AP)
                                                   verboseMode (virtual_com_cmds)
    -------------------------------------------------------------------------
CSTART
  Relative segment, address: 8278 - 8287 (0x10 bytes), align: 1
  Segment part 13.
           ENTRY                   ADDRESS         REF BY
           =====                   =======         ======
           ?cstart_init_copy       8278            mrfiRxFilterAddr (mrfi)
                                                   tempOffset (main_AP)
    -------------------------------------------------------------------------
CSTART
  Segment part 14. NOT NEEDED.
           ENTRY                   ADDRESS         REF BY
[...]
  Segment part 2.
           ENTRY                   ADDRESS         REF BY
           =====                   =======         ======
           memset                  8FD0            MRFI_Init (mrfi)
                                                   Segment part 50 (mrfi)
               CSTACK = 00000000 ( 00000004 )
    -------------------------------------------------------------------------
CSTACK
  Segment part 1. NOT NEEDED.

    -------------------------------------------------------------------------
  LIBRARY MODULE, NAME : ?memzero

  SEGMENTS IN THE MODULE
  ======================
<CODE> 1 (was CODE)
  Relative segment, address: 9016 - 9027 (0x12 bytes), align: 1
  Segment part 4.
           ENTRY                   ADDRESS         REF BY
           =====                   =======         ======
           __data16_memzero        9016            ?cstart_init_zero (?cstart)
               CSTACK = 00000000 ( 00000002 )
    -------------------------------------------------------------------------
<CODE> 1 (was CODE)
  Relative segment, address: 90D6 - 90D9 (0x4 bytes), align: 1
  Segment part 3.
           ENTRY                   ADDRESS         REF BY
           =====                   =======         ======
           __data16_memcpy         90D6            ?cstart_init_copy (?cstart)
               calls direct
               CSTACK = 00000000 ( 00000002 )
    -------------------------------------------------------------------------
CODE
  Segment part 2. NOT NEEDED.
           ENTRY                   ADDRESS         REF BY
           =====                   =======         ======
           __data16_memmove        
               calls direct
    -------------------------------------------------------------------------
CSTACK
  Segment part 1. NOT NEEDED.

    -------------------------------------------------------------------------
  LIBRARY MODULE, NAME : ?setjmp

  SEGMENTS IN THE MODULE
  ======================
CODE
  Segment part 0. NOT NEEDED.
           ENTRY                   ADDRESS         REF BY
           =====                   =======         ======
           setjmp                  
    -------------------------------------------------------------------------
CODE
  Segment part 1. NOT NEEDED.
           ENTRY                   ADDRESS         REF BY
           =====                   =======         ======
           ?setjmp_r5              
    -------------------------------------------------------------------------
CODE
  Segment part 2. NOT NEEDED.
           ENTRY                   ADDRESS         REF BY
           =====                   =======         ======
           ?setjmp_r4              
    -------------------------------------------------------------------------
CODE
  Segment part 3. NOT NEEDED.
           ENTRY                   ADDRESS         REF BY
           =====                   =======         ======
           ?setjmp_end             

    -------------------------------------------------------------------------
  LIBRARY MODULE, NAME : ?longjmp

  SEGMENTS IN THE MODULE
  ======================
CODE
  Segment part 0. NOT NEEDED.
           ENTRY                   ADDRESS         REF BY
           =====                   =======         ======
           longjmp                 
    -------------------------------------------------------------------------
CODE
  Segment part 1. NOT NEEDED.
           ENTRY                   ADDRESS         REF BY
           =====                   =======         ======
           ?longjmp_r5             
    -------------------------------------------------------------------------
CODE
  Segment part 2. NOT NEEDED.
           ENTRY                   ADDRESS         REF BY
           =====                   =======         ======
           ?longjmp_r4             
    -------------------------------------------------------------------------
CODE
  Segment part 3. NOT NEEDED.
           ENTRY                   ADDRESS         REF BY
           =====                   =======         ======
           ?longjmp_end            




                ****************************************
                *                                      *
                *            MODULE SUMMARY            *
                *                                      *
                ****************************************

Module               CODE      DATA      CONST
------               ----      ----      -----
                    (Rel)  (Rel)  (Abs)  (Rel)
?Cast32f32i           146
?CopyMemoryBytes       16
?DivMod32s             64
?DivMod32u             56
?DivMod816s            52
?DivMod816u            28
?Epilogue              18
?FLT_Extract           76
?Mul32                 48
?Mul816                50
?ShiftRight16u_n       14
?__exit                 2
?_exit                  4
?clibexit               4
?cstart                48
?memcpy                26
?memset                24
?memzero               22
?reset_vector           2
_Cast32fto32s          50
_Mul32f               272
bsp                   128      1      8
  + shared                            3
main_AP               470      4     11    441
  + common             20
mrfi                1 302     35     14     75
  + shared              8             2
  + common
virtual_com_cmds      792      2      7     91
  + common             16
N/A (command line)           200
N/A (alignment)
----------          -----    ---     --    ---
Total:              3 714    242     45    607
  + common             20


                ****************************************
                *                                      *
                *              CALL GRAPH              *
                *                                      *
                ****************************************

  ->Sub-tree of type: Interrupt function tree that does not make
                    : indirect calls
                             CSTACK
    | Stack used (prev) :  00000000
  01  ADC10_ISR
      | Stack used (prev) :  00000000
      | + function block  :  00000004
  <-Sub-tree of type: Interrupt function tree that does not make
                    : indirect calls
    | Stack used          :  00000004


  ->Sub-tree of type: Interrupt function tree that does not make
                    : indirect calls
                             CSTACK
    | Stack used (prev) :  00000004
  01  Timer_A
      | Stack used (prev) :  00000004
      | + function block  :  00000004
  <-Sub-tree of type: Interrupt function tree that does not make
                    : indirect calls
    | Stack used          :  00000008


  ->Sub-tree of type: Interrupt function tree that does not make
                    : indirect calls
                             CSTACK
    | Stack used (prev) :  00000008
  04        memset
            | Stack used (prev) :  00000008
            | + function block  :  00000004
  04        Mrfi_CalculateRssi
            | Stack used (prev) :  00000008
            | + function block  :  00000002
  05          spiRegAccess
              | Stack used (prev) :  00000008
              | + function block  :  00000002
  04        mrfiSpiReadReg
            | Stack used (prev) :  0000000A
            | + function block  :  00000002
  04        mrfiSpiReadReg
            | Stack used (prev) :  0000000A
            | + function block  :  00000002
            |  Already listed
  05          spiBurstFifoAccess
              | Stack used (prev) :  00000008
              | + function block  :  00000002
  04        mrfiSpiReadRxFifo
            | Stack used (prev) :  0000000A
            | + function block  :  00000002
  04        mrfiSpiReadRxFifo
            | Stack used (prev) :  0000000A
            | + function block  :  00000002
            |  Already listed
  04        mrfiSpiReadRxFifo
            | Stack used (prev) :  0000000A
            | + function block  :  00000002
            |  Already listed
  04        mrfiSpiCmdStrobe
            | Stack used (prev) :  00000008
            | + function block  :  00000002
  04        mrfiSpiCmdStrobe
            | Stack used (prev) :  00000008
            | + function block  :  00000002
            |  Already listed
  04        mrfiSpiCmdStrobe
            | Stack used (prev) :  00000008
            | + function block  :  00000002
            |  Already listed
  04        MRFI_RxAddrIsFiltered
            | Stack used (prev) :  00000008
            | + function block  :  00000006
  04        MRFI_RxCompleteISR
            | Stack used (prev) :  00000008
            | + function block  :  00000002
  03      Mrfi_SyncPinRxIsr
          | Stack used (prev) :  0000000E
          | + function block  :  00000008
  02    MRFI_GpioIsr
        | Stack used (prev) :  00000016
        | + function block  :  00000002
  01  BSP_GpioPort1Isr
      | Stack used (prev) :  00000018
      | + function block  :  0000000C
  <-Sub-tree of type: Interrupt function tree that does not make
                    : indirect calls
    | Stack used          :  00000024


  ->Sub-tree of type: Interrupt function tree that does not make
                    : indirect calls
                             CSTACK
    | Stack used (prev) :  00000024
  01  USCI0RX_ISR
      | Stack used (prev) :  00000024
      | + function block  :  00000006
  <-Sub-tree of type: Interrupt function tree that does not make
                    : indirect calls
    | Stack used          :  0000002A


  ->Sub-tree of type: Function tree
                             CSTACK
    | Stack used (prev) :  0000002A
  01  __low_level_init
      | Stack used (prev) :  0000002A
      | + function block  :  00000002
  <-Sub-tree of type: Function tree
    | Stack used          :  0000002C


  ->Sub-tree of type: Function tree
                             CSTACK
    | Stack used (prev) :  0000002C
  02    memcpy
        | Stack used (prev) :  0000002C
        | + function block  :  00000004
  04        TXString
            | Stack used (prev) :  0000002C
            | + function block  :  00000002
  04        TXString
            | Stack used (prev) :  0000002C
            | + function block  :  00000002
            |  Already listed
  03      transmitDataString
          | Stack used (prev) :  0000002E
          | + function block  :  00000070
  02    transmitData
        | Stack used (prev) :  0000009E
        | + function block  :  00000016
  02    transmitDataString
        | Stack used (prev) :  0000002E
        | + function block  :  00000070
        |  Already listed
  02    TXString
        | Stack used (prev) :  0000002C
        | + function block  :  00000002
        |  Already listed
  02    COM_Init
        | Stack used (prev) :  0000002C
        | + function block  :  00000002
  03      memset
          | Stack used (prev) :  00000008
          | + function block  :  00000004
          |  Already listed
  04        BSP_Delay
            | Stack used (prev) :  0000002C
            | + function block  :  00000004
  03      Mrfi_DelayUsec
          | Stack used (prev) :  00000030
          | + function block  :  00000006
  03      Mrfi_DelayUsec
          | Stack used (prev) :  00000030
          | + function block  :  00000006
          |  Already listed
  03      Mrfi_DelayUsec
          | Stack used (prev) :  00000030
          | + function block  :  00000006
          |  Already listed
  03      mrfiSpiInit
          | Stack used (prev) :  0000002C
          | + function block  :  00000002
  05          mrfiSpiCmdStrobe
              | Stack used (prev) :  00000008
              | + function block  :  00000002
              |  Already listed
  05          mrfiSpiCmdStrobe
              | Stack used (prev) :  00000008
              | + function block  :  00000002
              |  Already listed
  05          mrfiSpiCmdStrobe
              | Stack used (prev) :  00000008
              | + function block  :  00000002
              |  Already listed
  04        Mrfi_RxModeOff
            | Stack used (prev) :  0000002C
            | + function block  :  00000002
  05          mrfiSpiCmdStrobe
              | Stack used (prev) :  00000008
              | + function block  :  00000002
              |  Already listed
  04        Mrfi_RxModeOn
            | Stack used (prev) :  0000002C
            | + function block  :  00000002
  05          spiRegAccess
              | Stack used (prev) :  00000008
              | + function block  :  00000002
              |  Already listed
  04        mrfiSpiWriteReg
            | Stack used (prev) :  0000002C
            | + function block  :  00000002
  03      MRFI_SetLogicalChannel
          | Stack used (prev) :  0000002E
          | + function block  :  00000002
  04        Mrfi_RxModeOff
            | Stack used (prev) :  0000002C
            | + function block  :  00000002
            |  Already listed
  04        Mrfi_RxModeOn
            | Stack used (prev) :  0000002C
            | + function block  :  00000002
            |  Already listed
  04        mrfiSpiWriteReg
            | Stack used (prev) :  0000002C
            | + function block  :  00000002
            |  Already listed
  03      MRFI_SetRFPwr
          | Stack used (prev) :  0000002E
          | + function block  :  00000002
  03      Mrfi_RxModeOff
          | Stack used (prev) :  0000002C
          | + function block  :  00000002
          |  Already listed
  03      mrfiSpiWriteReg
          | Stack used (prev) :  0000002C
          | + function block  :  00000002
          |  Already listed
  03      mrfiSpiWriteReg
          | Stack used (prev) :  0000002C
          | + function block  :  00000002
          |  Already listed
  03      mrfiSpiWriteReg
          | Stack used (prev) :  0000002C
          | + function block  :  00000002
          |  Already listed
  03      mrfiSpiReadReg
          | Stack used (prev) :  0000000A
          | + function block  :  00000002
          |  Already listed
  03      mrfiSpiReadReg
          | Stack used (prev) :  0000000A
          | + function block  :  00000002
          |  Already listed
  03      mrfiSpiReadReg
          | Stack used (prev) :  0000000A
          | + function block  :  00000002
          |  Already listed
  03      mrfiSpiCmdStrobe
          | Stack used (prev) :  00000008
          | + function block  :  00000002
          |  Already listed
  02    MRFI_Init
        | Stack used (prev) :  00000036
        | + function block  :  00000006
  02    MRFI_Receive
        | Stack used (prev) :  0000002C
        | + function block  :  00000002
  03      Mrfi_RxModeOn
          | Stack used (prev) :  0000002C
          | + function block  :  00000002
          |  Already listed
  02    MRFI_RxOn
        | Stack used (prev) :  0000002E
        | + function block  :  00000002
  03      mrfiSpiWriteReg
          | Stack used (prev) :  0000002C
          | + function block  :  00000002
          |  Already listed
  03      mrfiSpiWriteReg
          | Stack used (prev) :  0000002C
          | + function block  :  00000002
          |  Already listed
  03      mrfiSpiWriteReg
          | Stack used (prev) :  0000002C
          | + function block  :  00000002
          |  Already listed
  03      mrfiSpiCmdStrobe
          | Stack used (prev) :  00000008
          | + function block  :  00000002
          |  Already listed
  03      mrfiSpiCmdStrobe
          | Stack used (prev) :  00000008
          | + function block  :  00000002
          |  Already listed
  02    MRFI_WakeUp
        | Stack used (prev) :  0000002E
        | + function block  :  00000002
  02    takeSample
        | Stack used (prev) :  0000002C
        | + function block  :  0000000C
  03      BSP_InitButtons
          | Stack used (prev) :  0000002C
          | + function block  :  00000002
  03      BSP_InitLeds
          | Stack used (prev) :  0000002C
          | + function block  :  00000002
  03      BSP_InitBoard
          | Stack used (prev) :  0000002C
          | + function block  :  00000002
  02    BSP_Init
        | Stack used (prev) :  0000002E
        | + function block  :  00000004
  01  main
      | Stack used (prev) :  000000B4
      | + function block  :  00000030
  <-Sub-tree of type: Function tree
    | Stack used          :  000000E4


  ->Sub-tree of type: Function tree
                             CSTACK
    | Stack used (prev) :  000000E4
  01  exit
      | Stack used (prev) :  000000E4
      | + function block  :  00000002
  <-Sub-tree of type: Function tree
    | Stack used          :  000000E6


  ->Sub-tree of type: Function tree
                             CSTACK
    | Stack used (prev) :  000000E6
  01  __data16_memzero
      | Stack used (prev) :  000000E6
      | + function block  :  00000002
  <-Sub-tree of type: Function tree
    | Stack used          :  000000E8


  ->Sub-tree of type: Function tree
                             CSTACK
    | Stack used (prev) :  000000E8
  02    memcpy
        | Stack used (prev) :  0000002C
        | + function block  :  00000004
        |  Already listed
  01  __data16_memcpy
      | Stack used (prev) :  000000E8
      | + function block  :  00000002
  <-Sub-tree of type: Function tree
    | Stack used          :  000000EA




                ****************************************
                *                                      *
                *      SEGMENTS IN ADDRESS ORDER       *
                *                                      *
                ****************************************


SEGMENT              SPACE    START ADDRESS   END ADDRESS     SIZE  TYPE  ALIGN
=======              =====    =============   ===========     ====  ====  =====
DATA16_AN                              0001 - 0001               1   rel    0
                                       0003 - 0003               1 
                                       0018 - 001B               4 
                                       0021 - 0022               2 
                                       0027 - 0028               2 
                                       002B - 002E               4 
                                       0053 - 0053               1 
                                       0056 - 0057               2 
                                       0061 - 0064               4 
                                       0066 - 006B               6 
                                       006E - 006F               2 
                                       0120 - 0121               2 
                                       0160 - 0163               4 
                                       0172 - 0173               2 
                                       01B0 - 01B5               6 
DATA16_I                               0200 - 0205               6   rel    1
DATA16_Z                               0206 - 0229              24   rel    1
CSTACK                                 0538 - 05FF              C8   rel    1
DATA16_AN                              10FC - 10FD               2   rel    0
DATA16_C                               8000 - 8258             259   rel    0
DATA16_ID                              825A - 825F               6   rel    1
CSTART                                 8260 - 828F              30   rel    1
<CODE> 1                               8290 - 90DF             E50   rel    1
INTVEC                                 FFE0 - FFF3              14   com    1
RESET                                  FFFE - FFFF               2   rel    1

                ****************************************
                *                                      *
                *        END OF CROSS REFERENCE        *
                *                                      *
                ****************************************

 3 734 bytes of CODE  memory
   242 bytes of DATA  memory (+ 45 absolute )
   607 bytes of CONST memory

Errors: none
Warnings: none

